Component: ARM Compiler 5.06 update 6 (build 750) Tool: armlink [4d35ed]

==============================================================================

Section Cross References

    startup_stm32f10x_md.o(RESET) refers to startup_stm32f10x_md.o(STACK) for __initial_sp
    startup_stm32f10x_md.o(RESET) refers to startup_stm32f10x_md.o(.text) for Reset_Handler
    startup_stm32f10x_md.o(RESET) refers to stm32f10x_it.o(i.NMI_Handler) for NMI_Handler
    startup_stm32f10x_md.o(RESET) refers to stm32f10x_it.o(i.HardFault_Handler) for HardFault_Handler
    startup_stm32f10x_md.o(RESET) refers to stm32f10x_it.o(i.MemManage_Handler) for MemManage_Handler
    startup_stm32f10x_md.o(RESET) refers to stm32f10x_it.o(i.BusFault_Handler) for BusFault_Handler
    startup_stm32f10x_md.o(RESET) refers to stm32f10x_it.o(i.UsageFault_Handler) for UsageFault_Handler
    startup_stm32f10x_md.o(RESET) refers to stm32f10x_it.o(i.SVC_Handler) for SVC_Handler
    startup_stm32f10x_md.o(RESET) refers to stm32f10x_it.o(i.DebugMon_Handler) for DebugMon_Handler
    startup_stm32f10x_md.o(RESET) refers to stm32f10x_it.o(i.PendSV_Handler) for PendSV_Handler
    startup_stm32f10x_md.o(RESET) refers to stm32f10x_it.o(i.SysTick_Handler) for SysTick_Handler
    startup_stm32f10x_md.o(RESET) refers to stm32f10x_it.o(i.TIM4_IRQHandler) for TIM4_IRQHandler
    startup_stm32f10x_md.o(RESET) refers to stm32f10x_it.o(i.USART1_IRQHandler) for USART1_IRQHandler
    startup_stm32f10x_md.o(RESET) refers to stm32f10x_it.o(i.USART3_IRQHandler) for USART3_IRQHandler
    startup_stm32f10x_md.o(.text) refers to system_stm32f10x.o(i.SystemInit) for SystemInit
    startup_stm32f10x_md.o(.text) refers to entry.o(.ARM.Collect$$$$00000000) for __main
    stm32f10x_adc.o(i.ADC_DeInit) refers to stm32f10x_rcc.o(i.RCC_APB2PeriphResetCmd) for RCC_APB2PeriphResetCmd
    stm32f10x_bkp.o(i.BKP_DeInit) refers to stm32f10x_rcc.o(i.RCC_BackupResetCmd) for RCC_BackupResetCmd
    stm32f10x_can.o(i.CAN_DeInit) refers to stm32f10x_rcc.o(i.RCC_APB1PeriphResetCmd) for RCC_APB1PeriphResetCmd
    stm32f10x_can.o(i.CAN_GetITStatus) refers to stm32f10x_can.o(i.CheckITStatus) for CheckITStatus
    stm32f10x_cec.o(i.CEC_DeInit) refers to stm32f10x_rcc.o(i.RCC_APB1PeriphResetCmd) for RCC_APB1PeriphResetCmd
    stm32f10x_dac.o(i.DAC_DeInit) refers to stm32f10x_rcc.o(i.RCC_APB1PeriphResetCmd) for RCC_APB1PeriphResetCmd
    stm32f10x_flash.o(i.FLASH_EnableWriteProtection) refers to stm32f10x_flash.o(i.FLASH_WaitForLastOperation) for FLASH_WaitForLastOperation
    stm32f10x_flash.o(i.FLASH_EraseAllBank1Pages) refers to stm32f10x_flash.o(i.FLASH_WaitForLastBank1Operation) for FLASH_WaitForLastBank1Operation
    stm32f10x_flash.o(i.FLASH_EraseAllPages) refers to stm32f10x_flash.o(i.FLASH_WaitForLastOperation) for FLASH_WaitForLastOperation
    stm32f10x_flash.o(i.FLASH_EraseOptionBytes) refers to stm32f10x_flash.o(i.FLASH_GetReadOutProtectionStatus) for FLASH_GetReadOutProtectionStatus
    stm32f10x_flash.o(i.FLASH_EraseOptionBytes) refers to stm32f10x_flash.o(i.FLASH_WaitForLastOperation) for FLASH_WaitForLastOperation
    stm32f10x_flash.o(i.FLASH_ErasePage) refers to stm32f10x_flash.o(i.FLASH_WaitForLastOperation) for FLASH_WaitForLastOperation
    stm32f10x_flash.o(i.FLASH_ProgramHalfWord) refers to stm32f10x_flash.o(i.FLASH_WaitForLastOperation) for FLASH_WaitForLastOperation
    stm32f10x_flash.o(i.FLASH_ProgramOptionByteData) refers to stm32f10x_flash.o(i.FLASH_WaitForLastOperation) for FLASH_WaitForLastOperation
    stm32f10x_flash.o(i.FLASH_ProgramWord) refers to stm32f10x_flash.o(i.FLASH_WaitForLastOperation) for FLASH_WaitForLastOperation
    stm32f10x_flash.o(i.FLASH_ReadOutProtection) refers to stm32f10x_flash.o(i.FLASH_WaitForLastOperation) for FLASH_WaitForLastOperation
    stm32f10x_flash.o(i.FLASH_UserOptionByteConfig) refers to stm32f10x_flash.o(i.FLASH_WaitForLastOperation) for FLASH_WaitForLastOperation
    stm32f10x_flash.o(i.FLASH_WaitForLastBank1Operation) refers to stm32f10x_flash.o(i.FLASH_GetBank1Status) for FLASH_GetBank1Status
    stm32f10x_flash.o(i.FLASH_WaitForLastOperation) refers to stm32f10x_flash.o(i.FLASH_GetBank1Status) for FLASH_GetBank1Status
    stm32f10x_gpio.o(i.GPIO_AFIODeInit) refers to stm32f10x_rcc.o(i.RCC_APB2PeriphResetCmd) for RCC_APB2PeriphResetCmd
    stm32f10x_gpio.o(i.GPIO_DeInit) refers to stm32f10x_rcc.o(i.RCC_APB2PeriphResetCmd) for RCC_APB2PeriphResetCmd
    stm32f10x_i2c.o(i.I2C_DeInit) refers to stm32f10x_rcc.o(i.RCC_APB1PeriphResetCmd) for RCC_APB1PeriphResetCmd
    stm32f10x_i2c.o(i.I2C_Init) refers to stm32f10x_rcc.o(i.RCC_GetClocksFreq) for RCC_GetClocksFreq
    stm32f10x_pwr.o(i.PWR_DeInit) refers to stm32f10x_rcc.o(i.RCC_APB1PeriphResetCmd) for RCC_APB1PeriphResetCmd
    stm32f10x_rcc.o(i.RCC_GetClocksFreq) refers to stm32f10x_rcc.o(.data) for APBAHBPrescTable
    stm32f10x_rcc.o(i.RCC_WaitForHSEStartUp) refers to stm32f10x_rcc.o(i.RCC_GetFlagStatus) for RCC_GetFlagStatus
[...]
    Removing stm32f10x_exti.o(i.EXTI_ClearITPendingBit), (12 bytes).
    Removing stm32f10x_exti.o(i.EXTI_DeInit), (36 bytes).
    Removing stm32f10x_exti.o(i.EXTI_GenerateSWInterrupt), (16 bytes).
    Removing stm32f10x_exti.o(i.EXTI_GetFlagStatus), (24 bytes).
    Removing stm32f10x_exti.o(i.EXTI_GetITStatus), (40 bytes).
    Removing stm32f10x_exti.o(i.EXTI_Init), (148 bytes).
    Removing stm32f10x_exti.o(i.EXTI_StructInit), (16 bytes).
    Removing stm32f10x_flash.o(i.FLASH_ClearFlag), (12 bytes).
    Removing stm32f10x_flash.o(i.FLASH_EnableWriteProtection), (196 bytes).
    Removing stm32f10x_flash.o(i.FLASH_EraseAllBank1Pages), (72 bytes).
    Removing stm32f10x_flash.o(i.FLASH_EraseAllPages), (72 bytes).
    Removing stm32f10x_flash.o(i.FLASH_EraseOptionBytes), (168 bytes).
    Removing stm32f10x_flash.o(i.FLASH_ErasePage), (76 bytes).
    Removing stm32f10x_flash.o(i.FLASH_GetBank1Status), (52 bytes).
    Removing stm32f10x_flash.o(i.FLASH_GetFlagStatus), (48 bytes).
    Removing stm32f10x_flash.o(i.FLASH_GetPrefetchBufferStatus), (24 bytes).
    Removing stm32f10x_flash.o(i.FLASH_GetReadOutProtectionStatus), (24 bytes).
    Removing stm32f10x_flash.o(i.FLASH_GetStatus), (52 bytes).
    Removing stm32f10x_flash.o(i.FLASH_GetUserOptionByte), (12 bytes).
    Removing stm32f10x_flash.o(i.FLASH_GetWriteProtectionOptionByte), (12 bytes).
    Removing stm32f10x_flash.o(i.FLASH_HalfCycleAccessCmd), (28 bytes).
    Removing stm32f10x_flash.o(i.FLASH_ITConfig), (32 bytes).
    Removing stm32f10x_flash.o(i.FLASH_Lock), (20 bytes).
    Removing stm32f10x_flash.o(i.FLASH_LockBank1), (20 bytes).
    Removing stm32f10x_flash.o(i.FLASH_PrefetchBufferCmd), (28 bytes).
    Removing stm32f10x_flash.o(i.FLASH_ProgramHalfWord), (64 bytes).
    Removing stm32f10x_flash.o(i.FLASH_ProgramOptionByteData), (84 bytes).
    Removing stm32f10x_flash.o(i.FLASH_ProgramWord), (108 bytes).
    Removing stm32f10x_flash.o(i.FLASH_ReadOutProtection), (172 bytes).
    Removing stm32f10x_flash.o(i.FLASH_SetLatency), (24 bytes).
    Removing stm32f10x_flash.o(i.FLASH_Unlock), (24 bytes).
    Removing stm32f10x_flash.o(i.FLASH_UnlockBank1), (24 bytes).
    Removing stm32f10x_flash.o(i.FLASH_UserOptionByteConfig), (104 bytes).
    Removing stm32f10x_flash.o(i.FLASH_WaitForLastBank1Operation), (38 bytes).
    Removing stm32f10x_flash.o(i.FLASH_WaitForLastOperation), (38 bytes).
    Removing stm32f10x_fsmc.o(i.FSMC_ClearFlag), (64 bytes).
    Removing stm32f10x_fsmc.o(i.FSMC_ClearITPendingBit), (72 bytes).
    Removing stm32f10x_fsmc.o(i.FSMC_GetECC), (28 bytes).
    Removing stm32f10x_fsmc.o(i.FSMC_GetFlagStatus), (56 bytes).
    Removing stm32f10x_fsmc.o(i.FSMC_GetITStatus), (68 bytes).
    Removing stm32f10x_fsmc.o(i.FSMC_ITConfig), (128 bytes).
    Removing stm32f10x_fsmc.o(i.FSMC_NANDCmd), (92 bytes).
    Removing stm32f10x_fsmc.o(i.FSMC_NANDDeInit), (68 bytes).
    Removing stm32f10x_fsmc.o(i.FSMC_NANDECCCmd), (92 bytes).
    Removing stm32f10x_fsmc.o(i.FSMC_NANDInit), (136 bytes).
    Removing stm32f10x_fsmc.o(i.FSMC_NANDStructInit), (54 bytes).
    Removing stm32f10x_fsmc.o(i.FSMC_NORSRAMCmd), (52 bytes).
    Removing stm32f10x_fsmc.o(i.FSMC_NORSRAMDeInit), (54 bytes).
    Removing stm32f10x_fsmc.o(i.FSMC_NORSRAMInit), (230 bytes).
    Removing stm32f10x_fsmc.o(i.FSMC_NORSRAMStructInit), (114 bytes).
    Removing stm32f10x_fsmc.o(i.FSMC_PCCARDCmd), (48 bytes).
    Removing stm32f10x_fsmc.o(i.FSMC_PCCARDDeInit), (40 bytes).
    Removing stm32f10x_fsmc.o(i.FSMC_PCCARDInit), (132 bytes).
    Removing stm32f10x_fsmc.o(i.FSMC_PCCARDStructInit), (60 bytes).
    Removing stm32f10x_gpio.o(i.GPIO_AFIODeInit), (20 bytes).
    Removing stm32f10x_gpio.o(i.GPIO_DeInit), (200 bytes).
    Removing stm32f10x_gpio.o(i.GPIO_ETH_MediaInterfaceConfig), (12 bytes).
    Removing stm32f10x_gpio.o(i.GPIO_EXTILineConfig), (64 bytes).
    Removing stm32f10x_gpio.o(i.GPIO_EventOutputCmd), (12 bytes).
    Removing stm32f10x_gpio.o(i.GPIO_EventOutputConfig), (32 bytes).
    Removing stm32f10x_gpio.o(i.GPIO_PinLockConfig), (18 bytes).
    Removing stm32f10x_gpio.o(i.GPIO_PinRemapConfig), (144 bytes).
    Removing stm32f10x_gpio.o(i.GPIO_ReadInputData), (8 bytes).
    Removing stm32f10x_gpio.o(i.GPIO_ReadInputDataBit), (18 bytes).
    Removing stm32f10x_gpio.o(i.GPIO_ReadOutputData), (8 bytes).
    Removing stm32f10x_gpio.o(i.GPIO_ReadOutputDataBit), (18 bytes).
    Removing stm32f10x_gpio.o(i.GPIO_StructInit), (16 bytes).
    Removing stm32f10x_gpio.o(i.GPIO_Write), (4 bytes).
    Removing stm32f10x_gpio.o(i.GPIO_WriteBit), (10 bytes).
    Removing stm32f10x_i2c.o(i.I2C_ARPCmd), (24 bytes).
    Removing stm32f10x_i2c.o(i.I2C_AcknowledgeConfig), (24 bytes).
    Removing stm32f10x_i2c.o(i.I2C_CalculatePEC), (24 bytes).
    Removing stm32f10x_i2c.o(i.I2C_CheckEvent), (42 bytes).
    Removing stm32f10x_i2c.o(i.I2C_ClearFlag), (12 bytes).
    Removing stm32f10x_i2c.o(i.I2C_ClearITPendingBit), (12 bytes).
    Removing stm32f10x_i2c.o(i.I2C_Cmd), (24 bytes).
    Removing stm32f10x_i2c.o(i.I2C_DMACmd), (24 bytes).
    Removing stm32f10x_i2c.o(i.I2C_DMALastTransferCmd), (24 bytes).
    Removing stm32f10x_i2c.o(i.I2C_DeInit), (56 bytes).
    Removing stm32f10x_i2c.o(i.I2C_DualAddressCmd), (24 bytes).
    Removing stm32f10x_i2c.o(i.I2C_FastModeDutyCycleConfig), (28 bytes).
    Removing stm32f10x_i2c.o(i.I2C_GeneralCallCmd), (24 bytes).
    Removing stm32f10x_i2c.o(i.I2C_GenerateSTART), (24 bytes).
    Removing stm32f10x_i2c.o(i.I2C_GenerateSTOP), (24 bytes).
    Removing stm32f10x_i2c.o(i.I2C_GetFlagStatus), (58 bytes).
    Removing stm32f10x_i2c.o(i.I2C_GetITStatus), (38 bytes).
    Removing stm32f10x_i2c.o(i.I2C_GetLastEvent), (26 bytes).
    Removing stm32f10x_i2c.o(i.I2C_GetPEC), (8 bytes).
    Removing stm32f10x_i2c.o(i.I2C_ITConfig), (18 bytes).
    Removing stm32f10x_i2c.o(i.I2C_Init), (236 bytes).
    Removing stm32f10x_i2c.o(i.I2C_NACKPositionConfig), (28 bytes).
    Removing stm32f10x_i2c.o(i.I2C_OwnAddress2Config), (22 bytes).
    Removing stm32f10x_i2c.o(i.I2C_PECPositionConfig), (28 bytes).
    Removing stm32f10x_i2c.o(i.I2C_ReadRegister), (22 bytes).
    Removing stm32f10x_i2c.o(i.I2C_ReceiveData), (8 bytes).
    Removing stm32f10x_i2c.o(i.I2C_SMBusAlertConfig), (28 bytes).
    Removing stm32f10x_i2c.o(i.I2C_Send7bitAddress), (18 bytes).
    Removing stm32f10x_i2c.o(i.I2C_SendData), (4 bytes).
    Removing stm32f10x_i2c.o(i.I2C_SoftwareResetCmd), (22 bytes).
    Removing stm32f10x_i2c.o(i.I2C_StretchClockCmd), (24 bytes).
    Removing stm32f10x_i2c.o(i.I2C_StructInit), (30 bytes).
    Removing stm32f10x_i2c.o(i.I2C_TransmitPEC), (24 bytes).
    Removing stm32f10x_iwdg.o(i.IWDG_Enable), (16 bytes).
    Removing stm32f10x_iwdg.o(i.IWDG_GetFlagStatus), (24 bytes).
    Removing stm32f10x_iwdg.o(i.IWDG_ReloadCounter), (16 bytes).
    Removing stm32f10x_iwdg.o(i.IWDG_SetPrescaler), (12 bytes).
    Removing stm32f10x_iwdg.o(i.IWDG_SetReload), (12 bytes).
    Removing stm32f10x_iwdg.o(i.IWDG_WriteAccessCmd), (12 bytes).
    Removing stm32f10x_pwr.o(i.PWR_BackupAccessCmd), (12 bytes).
    Removing stm32f10x_pwr.o(i.PWR_ClearFlag), (20 bytes).
    Removing stm32f10x_pwr.o(i.PWR_DeInit), (22 bytes).
    Removing stm32f10x_pwr.o(i.PWR_EnterSTANDBYMode), (52 bytes).
    Removing stm32f10x_pwr.o(i.PWR_EnterSTOPMode), (64 bytes).
    Removing stm32f10x_pwr.o(i.PWR_GetFlagStatus), (24 bytes).
    Removing stm32f10x_pwr.o(i.PWR_PVDCmd), (12 bytes).
    Removing stm32f10x_pwr.o(i.PWR_PVDLevelConfig), (24 bytes).
    Removing stm32f10x_pwr.o(i.PWR_WakeUpPinCmd), (12 bytes).
    Removing stm32f10x_rcc.o(i.RCC_ADCCLKConfig), (24 bytes).
    Removing stm32f10x_rcc.o(i.RCC_AHBPeriphClockCmd), (32 bytes).
    Removing stm32f10x_rcc.o(i.RCC_APB1PeriphResetCmd), (32 bytes).
    Removing stm32f10x_rcc.o(i.RCC_APB2PeriphResetCmd), (32 bytes).
    Removing stm32f10x_rcc.o(i.RCC_AdjustHSICalibrationValue), (24 bytes).
    Removing stm32f10x_rcc.o(i.RCC_BackupResetCmd), (12 bytes).
    Removing stm32f10x_rcc.o(i.RCC_ClearFlag), (20 bytes).
    Removing stm32f10x_rcc.o(i.RCC_ClearITPendingBit), (12 bytes).
    Removing stm32f10x_rcc.o(i.RCC_ClockSecuritySystemCmd), (12 bytes).
    Removing stm32f10x_rcc.o(i.RCC_DeInit), (76 bytes).
    Removing stm32f10x_rcc.o(i.RCC_GetFlagStatus), (60 bytes).
    Removing stm32f10x_rcc.o(i.RCC_GetITStatus), (24 bytes).
    Removing stm32f10x_rcc.o(i.RCC_GetSYSCLKSource), (16 bytes).
    Removing stm32f10x_rcc.o(i.RCC_HCLKConfig), (24 bytes).
    Removing stm32f10x_rcc.o(i.RCC_HSEConfig), (76 bytes).
    Removing stm32f10x_rcc.o(i.RCC_HSICmd), (12 bytes).
    Removing stm32f10x_rcc.o(i.RCC_ITConfig), (32 bytes).
    Removing stm32f10x_rcc.o(i.RCC_LSEConfig), (52 bytes).
    Removing stm32f10x_rcc.o(i.RCC_LSICmd), (12 bytes).
    Removing stm32f10x_rcc.o(i.RCC_MCOConfig), (12 bytes).
    Removing stm32f10x_rcc.o(i.RCC_PCLK1Config), (24 bytes).
    Removing stm32f10x_rcc.o(i.RCC_PCLK2Config), (24 bytes).
    Removing stm32f10x_rcc.o(i.RCC_PLLCmd), (12 bytes).
    Removing stm32f10x_rcc.o(i.RCC_PLLConfig), (28 bytes).
    Removing stm32f10x_rcc.o(i.RCC_RTCCLKCmd), (12 bytes).
    Removing stm32f10x_rcc.o(i.RCC_RTCCLKConfig), (16 bytes).
    Removing stm32f10x_rcc.o(i.RCC_SYSCLKConfig), (24 bytes).
    Removing stm32f10x_rcc.o(i.RCC_USBCLKConfig), (12 bytes).
    Removing stm32f10x_rcc.o(i.RCC_WaitForHSEStartUp), (56 bytes).
    Removing stm32f10x_rtc.o(i.RTC_ClearFlag), (16 bytes).
    Removing stm32f10x_rtc.o(i.RTC_ClearITPendingBit), (16 bytes).
    Removing stm32f10x_rtc.o(i.RTC_EnterConfigMode), (20 bytes).
    Removing stm32f10x_rtc.o(i.RTC_ExitConfigMode), (20 bytes).
    Removing stm32f10x_rtc.o(i.RTC_GetCounter), (20 bytes).
    Removing stm32f10x_rtc.o(i.RTC_GetDivider), (24 bytes).
    Removing stm32f10x_rtc.o(i.RTC_GetFlagStatus), (24 bytes).
    Removing stm32f10x_rtc.o(i.RTC_GetITStatus), (36 bytes).
    Removing stm32f10x_rtc.o(i.RTC_ITConfig), (32 bytes).
    Removing stm32f10x_rtc.o(i.RTC_SetAlarm), (28 bytes).
    Removing stm32f10x_rtc.o(i.RTC_SetCounter), (28 bytes).
    Removing stm32f10x_rtc.o(i.RTC_SetPrescaler), (32 bytes).
    Removing stm32f10x_rtc.o(i.RTC_WaitForLastTask), (20 bytes).
    Removing stm32f10x_rtc.o(i.RTC_WaitForSynchro), (36 bytes).
    Removing stm32f10x_sdio.o(i.SDIO_CEATAITCmd), (16 bytes).
    Removing stm32f10x_sdio.o(i.SDIO_ClearFlag), (12 bytes).
    Removing stm32f10x_sdio.o(i.SDIO_ClearITPendingBit), (12 bytes).
    Removing stm32f10x_sdio.o(i.SDIO_ClockCmd), (12 bytes).
    Removing stm32f10x_sdio.o(i.SDIO_CmdStructInit), (14 bytes).
    Removing stm32f10x_sdio.o(i.SDIO_CommandCompletionCmd), (12 bytes).
    Removing stm32f10x_sdio.o(i.SDIO_DMACmd), (12 bytes).
    Removing stm32f10x_sdio.o(i.SDIO_DataConfig), (48 bytes).
    Removing stm32f10x_sdio.o(i.SDIO_DataStructInit), (20 bytes).
    Removing stm32f10x_sdio.o(i.SDIO_DeInit), (36 bytes).
    Removing stm32f10x_sdio.o(i.SDIO_GetCommandResponse), (12 bytes).
    Removing stm32f10x_sdio.o(i.SDIO_GetDataCounter), (12 bytes).
    Removing stm32f10x_sdio.o(i.SDIO_GetFIFOCount), (12 bytes).
    Removing stm32f10x_sdio.o(i.SDIO_GetFlagStatus), (24 bytes).
    Removing stm32f10x_sdio.o(i.SDIO_GetITStatus), (24 bytes).
    Removing stm32f10x_sdio.o(i.SDIO_GetPowerState), (16 bytes).
    Removing stm32f10x_sdio.o(i.SDIO_GetResponse), (24 bytes).
    Removing stm32f10x_sdio.o(i.SDIO_ITConfig), (32 bytes).
    Removing stm32f10x_sdio.o(i.SDIO_Init), (48 bytes).
    Removing stm32f10x_sdio.o(i.SDIO_ReadData), (12 bytes).
    Removing stm32f10x_sdio.o(i.SDIO_SendCEATACmd), (12 bytes).
    Removing stm32f10x_sdio.o(i.SDIO_SendCommand), (44 bytes).
    Removing stm32f10x_sdio.o(i.SDIO_SendSDIOSuspendCmd), (12 bytes).
    Removing stm32f10x_sdio.o(i.SDIO_SetPowerState), (28 bytes).
    Removing stm32f10x_sdio.o(i.SDIO_SetSDIOOperation), (12 bytes).
    Removing stm32f10x_sdio.o(i.SDIO_SetSDIOReadWaitMode), (12 bytes).
    Removing stm32f10x_sdio.o(i.SDIO_StartSDIOReadWait), (12 bytes).
    Removing stm32f10x_sdio.o(i.SDIO_StopSDIOReadWait), (12 bytes).
    Removing stm32f10x_sdio.o(i.SDIO_StructInit), (16 bytes).
    Removing stm32f10x_sdio.o(i.SDIO_WriteData), (12 bytes).
    Removing stm32f10x_spi.o(i.I2S_Cmd), (24 bytes).
    Removing stm32f10x_spi.o(i.I2S_Init), (232 bytes).
    Removing stm32f10x_spi.o(i.I2S_StructInit), (20 bytes).
    Removing stm32f10x_spi.o(i.SPI_BiDirectionalLineConfig), (28 bytes).
    Removing stm32f10x_spi.o(i.SPI_CalculateCRC), (24 bytes).
    Removing stm32f10x_spi.o(i.SPI_Cmd), (24 bytes).
    Removing stm32f10x_spi.o(i.SPI_DataSizeConfig), (18 bytes).
    Removing stm32f10x_spi.o(i.SPI_GetCRC), (16 bytes).
    Removing stm32f10x_spi.o(i.SPI_GetCRCPolynomial), (6 bytes).
    Removing stm32f10x_spi.o(i.SPI_I2S_ClearFlag), (6 bytes).
    Removing stm32f10x_spi.o(i.SPI_I2S_ClearITPendingBit), (20 bytes).
    Removing stm32f10x_spi.o(i.SPI_I2S_DMACmd), (18 bytes).
    Removing stm32f10x_spi.o(i.SPI_I2S_DeInit), (88 bytes).
    Removing stm32f10x_spi.o(i.SPI_I2S_GetFlagStatus), (18 bytes).
    Removing stm32f10x_spi.o(i.SPI_I2S_GetITStatus), (52 bytes).
    Removing stm32f10x_spi.o(i.SPI_I2S_ITConfig), (32 bytes).
    Removing stm32f10x_spi.o(i.SPI_I2S_ReceiveData), (6 bytes).
    Removing stm32f10x_spi.o(i.SPI_I2S_SendData), (4 bytes).
    Removing stm32f10x_spi.o(i.SPI_Init), (60 bytes).
    Removing stm32f10x_spi.o(i.SPI_NSSInternalSoftwareConfig), (30 bytes).
    Removing stm32f10x_spi.o(i.SPI_SSOutputCmd), (24 bytes).
    Removing stm32f10x_spi.o(i.SPI_StructInit), (24 bytes).
    Removing stm32f10x_spi.o(i.SPI_TransmitCRC), (10 bytes).
    Removing stm32f10x_tim.o(i.TI1_Config), (128 bytes).
    Removing stm32f10x_tim.o(i.TI2_Config), (152 bytes).
    Removing stm32f10x_tim.o(i.TI3_Config), (144 bytes).
    Removing stm32f10x_tim.o(i.TI4_Config), (152 bytes).
    Removing stm32f10x_tim.o(i.TIM_BDTRConfig), (32 bytes).
    Removing stm32f10x_tim.o(i.TIM_BDTRStructInit), (18 bytes).
    Removing stm32f10x_tim.o(i.TIM_CCPreloadControl), (24 bytes).
    Removing stm32f10x_tim.o(i.TIM_CCxCmd), (30 bytes).
    Removing stm32f10x_tim.o(i.TIM_CCxNCmd), (30 bytes).
    Removing stm32f10x_tim.o(i.TIM_ClearOC1Ref), (18 bytes).
    Removing stm32f10x_tim.o(i.TIM_ClearOC2Ref), (24 bytes).
    Removing stm32f10x_tim.o(i.TIM_ClearOC3Ref), (18 bytes).
    Removing stm32f10x_tim.o(i.TIM_ClearOC4Ref), (24 bytes).
    Removing stm32f10x_tim.o(i.TIM_CounterModeConfig), (18 bytes).
    Removing stm32f10x_tim.o(i.TIM_CtrlPWMOutputs), (30 bytes).
    Removing stm32f10x_tim.o(i.TIM_DMACmd), (18 bytes).
    Removing stm32f10x_tim.o(i.TIM_DMAConfig), (10 bytes).
    Removing stm32f10x_tim.o(i.TIM_DeInit), (488 bytes).
    Removing stm32f10x_tim.o(i.TIM_ETRClockMode1Config), (54 bytes).
    Removing stm32f10x_tim.o(i.TIM_ETRClockMode2Config), (32 bytes).
    Removing stm32f10x_tim.o(i.TIM_ETRConfig), (28 bytes).
    Removing stm32f10x_tim.o(i.TIM_EncoderInterfaceConfig), (66 bytes).
    Removing stm32f10x_tim.o(i.TIM_ForcedOC1Config), (18 bytes).
    Removing stm32f10x_tim.o(i.TIM_ForcedOC2Config), (26 bytes).
    Removing stm32f10x_tim.o(i.TIM_ForcedOC3Config), (18 bytes).
    Removing stm32f10x_tim.o(i.TIM_ForcedOC4Config), (26 bytes).
    Removing stm32f10x_tim.o(i.TIM_GenerateEvent), (4 bytes).
    Removing stm32f10x_tim.o(i.TIM_GetCapture1), (6 bytes).
    Removing stm32f10x_tim.o(i.TIM_GetCapture2), (6 bytes).
    Removing stm32f10x_tim.o(i.TIM_GetCapture3), (6 bytes).
    Removing stm32f10x_tim.o(i.TIM_GetCapture4), (8 bytes).
    Removing stm32f10x_tim.o(i.TIM_GetCounter), (6 bytes).
    Removing stm32f10x_tim.o(i.TIM_GetPrescaler), (6 bytes).
    Removing stm32f10x_tim.o(i.TIM_ICInit), (172 bytes).
    Removing stm32f10x_tim.o(i.TIM_ICStructInit), (18 bytes).
    Removing stm32f10x_tim.o(i.TIM_ITRxExternalClockConfig), (24 bytes).
    Removing stm32f10x_tim.o(i.TIM_InternalClockConfig), (12 bytes).
    Removing stm32f10x_tim.o(i.TIM_OC1FastConfig), (18 bytes).
    Removing stm32f10x_tim.o(i.TIM_OC1Init), (152 bytes).
    Removing stm32f10x_tim.o(i.TIM_OC1NPolarityConfig), (18 bytes).
    Removing stm32f10x_tim.o(i.TIM_OC1PolarityConfig), (18 bytes).
    Removing stm32f10x_tim.o(i.TIM_OC1PreloadConfig), (18 bytes).
    Removing stm32f10x_tim.o(i.TIM_OC2FastConfig), (26 bytes).
    Removing stm32f10x_tim.o(i.TIM_OC2Init), (164 bytes).
    Removing stm32f10x_tim.o(i.TIM_OC2NPolarityConfig), (26 bytes).
    Removing stm32f10x_tim.o(i.TIM_OC2PolarityConfig), (26 bytes).
    Removing stm32f10x_tim.o(i.TIM_OC2PreloadConfig), (26 bytes).
    Removing stm32f10x_tim.o(i.TIM_OC3FastConfig), (18 bytes).
    Removing stm32f10x_tim.o(i.TIM_OC3Init), (160 bytes).
    Removing stm32f10x_tim.o(i.TIM_OC3NPolarityConfig), (26 bytes).
    Removing stm32f10x_tim.o(i.TIM_OC3PolarityConfig), (26 bytes).
    Removing stm32f10x_tim.o(i.TIM_OC3PreloadConfig), (18 bytes).
    Removing stm32f10x_tim.o(i.TIM_OC4FastConfig), (26 bytes).
    Removing stm32f10x_tim.o(i.TIM_OC4Init), (124 bytes).
    Removing stm32f10x_tim.o(i.TIM_OC4PolarityConfig), (26 bytes).
    Removing stm32f10x_tim.o(i.TIM_OC4PreloadConfig), (26 bytes).
    Removing stm32f10x_tim.o(i.TIM_OCStructInit), (20 bytes).
    Removing stm32f10x_tim.o(i.TIM_PWMIConfig), (124 bytes).
    Removing stm32f10x_tim.o(i.TIM_PrescalerConfig), (6 bytes).
    Removing stm32f10x_tim.o(i.TIM_SelectCCDMA), (24 bytes).
    Removing stm32f10x_tim.o(i.TIM_SelectCOM), (24 bytes).
    Removing stm32f10x_tim.o(i.TIM_SelectHallSensor), (24 bytes).
    Removing stm32f10x_tim.o(i.TIM_SelectInputTrigger), (18 bytes).
    Removing stm32f10x_tim.o(i.TIM_SelectMasterSlaveMode), (18 bytes).
    Removing stm32f10x_tim.o(i.TIM_SelectOCxM), (82 bytes).
    Removing stm32f10x_tim.o(i.TIM_SelectOnePulseMode), (18 bytes).
    Removing stm32f10x_tim.o(i.TIM_SelectOutputTrigger), (18 bytes).
    Removing stm32f10x_tim.o(i.TIM_SelectSlaveMode), (18 bytes).
    Removing stm32f10x_tim.o(i.TIM_SetAutoreload), (4 bytes).
    Removing stm32f10x_tim.o(i.TIM_SetClockDivision), (18 bytes).
    Removing stm32f10x_tim.o(i.TIM_SetCompare1), (4 bytes).
    Removing stm32f10x_tim.o(i.TIM_SetCompare2), (4 bytes).
    Removing stm32f10x_tim.o(i.TIM_SetCompare3), (4 bytes).
    Removing stm32f10x_tim.o(i.TIM_SetCompare4), (6 bytes).
    Removing stm32f10x_tim.o(i.TIM_SetCounter), (4 bytes).
    Removing stm32f10x_tim.o(i.TIM_SetIC1Prescaler), (18 bytes).
    Removing stm32f10x_tim.o(i.TIM_SetIC2Prescaler), (26 bytes).
    Removing stm32f10x_tim.o(i.TIM_SetIC3Prescaler), (18 bytes).
    Removing stm32f10x_tim.o(i.TIM_SetIC4Prescaler), (26 bytes).
    Removing stm32f10x_tim.o(i.TIM_TIxExternalClockConfig), (62 bytes).
    Removing stm32f10x_tim.o(i.TIM_TimeBaseStructInit), (18 bytes).
    Removing stm32f10x_tim.o(i.TIM_UpdateDisableConfig), (24 bytes).
    Removing stm32f10x_tim.o(i.TIM_UpdateRequestConfig), (24 bytes).
    Removing stm32f10x_usart.o(i.USART_ClearFlag), (18 bytes).
    Removing stm32f10x_usart.o(i.USART_ClearITPendingBit), (30 bytes).
    Removing stm32f10x_usart.o(i.USART_ClockInit), (34 bytes).
    Removing stm32f10x_usart.o(i.USART_ClockStructInit), (12 bytes).
    Removing stm32f10x_usart.o(i.USART_DMACmd), (18 bytes).
    Removing stm32f10x_usart.o(i.USART_DeInit), (156 bytes).
    Removing stm32f10x_usart.o(i.USART_HalfDuplexCmd), (24 bytes).
    Removing stm32f10x_usart.o(i.USART_IrDACmd), (24 bytes).
    Removing stm32f10x_usart.o(i.USART_IrDAConfig), (18 bytes).
    Removing stm32f10x_usart.o(i.USART_LINBreakDetectLengthConfig), (18 bytes).
    Removing stm32f10x_usart.o(i.USART_LINCmd), (24 bytes).
    Removing stm32f10x_usart.o(i.USART_OneBitMethodCmd), (24 bytes).
    Removing stm32f10x_usart.o(i.USART_OverSampling8Cmd), (22 bytes).
    Removing stm32f10x_usart.o(i.USART_ReceiverWakeUpCmd), (24 bytes).
    Removing stm32f10x_usart.o(i.USART_SendBreak), (10 bytes).
    Removing stm32f10x_usart.o(i.USART_SetAddress), (18 bytes).
    Removing stm32f10x_usart.o(i.USART_SetGuardTime), (16 bytes).
    Removing stm32f10x_usart.o(i.USART_SetPrescaler), (16 bytes).
    Removing stm32f10x_usart.o(i.USART_SmartCardCmd), (24 bytes).
    Removing stm32f10x_usart.o(i.USART_SmartCardNACKCmd), (24 bytes).
    Removing stm32f10x_usart.o(i.USART_StructInit), (24 bytes).
    Removing stm32f10x_usart.o(i.USART_WakeUpConfig), (18 bytes).
    Removing stm32f10x_wwdg.o(i.WWDG_ClearFlag), (12 bytes).
    Removing stm32f10x_wwdg.o(i.WWDG_DeInit), (22 bytes).
    Removing stm32f10x_wwdg.o(i.WWDG_Enable), (16 bytes).
    Removing stm32f10x_wwdg.o(i.WWDG_EnableIT), (12 bytes).
    Removing stm32f10x_wwdg.o(i.WWDG_GetFlagStatus), (12 bytes).
    Removing stm32f10x_wwdg.o(i.WWDG_SetCounter), (16 bytes).
    Removing stm32f10x_wwdg.o(i.WWDG_SetPrescaler), (24 bytes).
    Removing stm32f10x_wwdg.o(i.WWDG_SetWindowValue), (40 bytes).
    Removing system_stm32f10x.o(i.SystemCoreClockUpdate), (164 bytes).
    Removing system_stm32f10x.o(.data), (20 bytes).
    Removing bsp_rs485.o(i.UartASendStr), (48 bytes).
    Removing bsp_key.o(i.Key_Scan), (60 bytes).
    Removing hmi_driver.o(i.AnimationPause), (74 bytes).
    Removing hmi_driver.o(i.AnimationPlayFrame), (82 bytes).
    Removing hmi_driver.o(i.AnimationPlayNext), (74 bytes).
    Removing hmi_driver.o(i.AnimationPlayPrev), (74 bytes).
    Removing hmi_driver.o(i.AnimationStop), (74 bytes).
    Removing hmi_driver.o(i.BatchBegin), (36 bytes).
    Removing hmi_driver.o(i.BatchEnd), (28 bytes).
    Removing hmi_driver.o(i.BatchSetButtonValue), (38 bytes).
    Removing hmi_driver.o(i.BatchSetEnable), (32 bytes).
    Removing hmi_driver.o(i.BatchSetFrame), (44 bytes).
    Removing hmi_driver.o(i.BatchSetMeterValue), (60 bytes).
    Removing hmi_driver.o(i.BatchSetProgressValue), (60 bytes).
    Removing hmi_driver.o(i.BatchSetSliderValue), (60 bytes).
    Removing hmi_driver.o(i.BatchSetText), (56 bytes).
    Removing hmi_driver.o(i.BatchSetVisible), (32 bytes).
    Removing hmi_driver.o(i.CalibrateTouchPane), (40 bytes).
    Removing hmi_driver.o(i.ClearLayer), (48 bytes).
    Removing hmi_driver.o(i.ColorPicker), (76 bytes).
    Removing hmi_driver.o(i.CopyLayer), (56 bytes).
    Removing hmi_driver.o(i.DisArea_Image), (94 bytes).
    Removing hmi_driver.o(i.DisCursor), (100 bytes).
    Removing hmi_driver.o(i.DisCut_Image), (164 bytes).
    Removing hmi_driver.o(i.DisFlashImage), (106 bytes).
    Removing hmi_driver.o(i.DisFull_Image), (62 bytes).
    Removing hmi_driver.o(i.DisText), (98 bytes).
    Removing hmi_driver.o(i.DisplyLayer), (48 bytes).
    Removing hmi_driver.o(i.FlashBeginSaveControl), (82 bytes).
    Removing hmi_driver.o(i.FlashEndSaveControl), (28 bytes).
    Removing hmi_driver.o(i.FlashRestoreControl), (106 bytes).
    Removing hmi_driver.o(i.FlashSaveControl), (32 bytes).
    Removing hmi_driver.o(i.GUI_Arc), (120 bytes).
    Removing hmi_driver.o(i.GUI_AreaInycolor), (100 bytes).
    Removing hmi_driver.o(i.GUI_BcolorConDots), (58 bytes).
    Removing hmi_driver.o(i.GUI_BcolorConOffsetDots), (84 bytes).
    Removing hmi_driver.o(i.GUI_Circle), (82 bytes).
    Removing hmi_driver.o(i.GUI_CircleFill), (82 bytes).
    Removing hmi_driver.o(i.GUI_CleanScreen), (40 bytes).
    Removing hmi_driver.o(i.GUI_ConDots), (66 bytes).
    Removing hmi_driver.o(i.GUI_ConSpaceDots), (84 bytes).
    Removing hmi_driver.o(i.GUI_DispRTC), (118 bytes).
    Removing hmi_driver.o(i.GUI_Dot), (68 bytes).
    Removing hmi_driver.o(i.GUI_Ellipse), (100 bytes).
    Removing hmi_driver.o(i.GUI_EllipseFill), (100 bytes).
    Removing hmi_driver.o(i.GUI_FcolorConDots), (58 bytes).
    Removing hmi_driver.o(i.GUI_FcolorConOffsetDots), (84 bytes).
    Removing hmi_driver.o(i.GUI_Line), (100 bytes).
    Removing hmi_driver.o(i.GUI_Rectangle), (100 bytes).
    Removing hmi_driver.o(i.GUI_RectangleFill), (100 bytes).
    Removing hmi_driver.o(i.GetScreen), (48 bytes).
    Removing hmi_driver.o(i.GetStringLen), (18 bytes).
    Removing hmi_driver.o(i.GraphChannelAdd), (100 bytes).
    Removing hmi_driver.o(i.GraphChannelDataClear), (82 bytes).
    Removing hmi_driver.o(i.GraphChannelDel), (82 bytes).
    Removing hmi_driver.o(i.GraphSetViewport), (144 bytes).
    Removing hmi_driver.o(i.HistoryGraph_EnableSampling), (82 bytes).
    Removing hmi_driver.o(i.HistoryGraph_SetTimeFullScreen), (80 bytes).
    Removing hmi_driver.o(i.HistoryGraph_SetTimeLength), (94 bytes).
    Removing hmi_driver.o(i.HistoryGraph_SetTimeZoom), (132 bytes).
    Removing hmi_driver.o(i.HistoryGraph_SetValueFloat), (128 bytes).
    Removing hmi_driver.o(i.HistoryGraph_SetValueInt16), (90 bytes).
    Removing hmi_driver.o(i.HistoryGraph_SetValueInt32), (136 bytes).
    Removing hmi_driver.o(i.HistoryGraph_SetValueInt8), (90 bytes).
    Removing hmi_driver.o(i.HistoryGraph_ShowChannel), (94 bytes).
    Removing hmi_driver.o(i.LockDeviceConfig), (64 bytes).
    Removing hmi_driver.o(i.PauseTimer), (74 bytes).
    Removing hmi_driver.o(i.ReadUserFlash), (84 bytes).
    Removing hmi_driver.o(i.Record_Add), (82 bytes).
    Removing hmi_driver.o(i.Record_Clear), (74 bytes).
    Removing hmi_driver.o(i.Record_GetCount), (74 bytes).
    Removing hmi_driver.o(i.Record_SetOffset), (88 bytes).
    Removing hmi_driver.o(i.SeTimer), (104 bytes).
    Removing hmi_driver.o(i.SendNU16), (38 bytes).
    Removing hmi_driver.o(i.SetBcolor), (54 bytes).
    Removing hmi_driver.o(i.SetCommBps), (48 bytes).
    Removing hmi_driver.o(i.SetControlEnable), (82 bytes).
    Removing hmi_driver.o(i.SetControlFocus), (82 bytes).
    Removing hmi_driver.o(i.SetControlForeColor), (88 bytes).
    Removing hmi_driver.o(i.SetControlVisiable), (82 bytes).
    Removing hmi_driver.o(i.SetFcolor), (54 bytes).
    Removing hmi_driver.o(i.SetFilterColor), (68 bytes).
    Removing hmi_driver.o(i.SetFont_Region), (76 bytes).
    Removing hmi_driver.o(i.SetHandShake), (40 bytes).
    Removing hmi_driver.o(i.SetLanguage), (68 bytes).
    Removing hmi_driver.o(i.SetPowerSaving), (76 bytes).
    Removing hmi_driver.o(i.SetScreen), (60 bytes).
    Removing hmi_driver.o(i.SetScreenUpdateEnable), (48 bytes).
    Removing hmi_driver.o(i.SetSliderValue), (104 bytes).
    Removing hmi_driver.o(i.SetTextFloat), (140 bytes).
    Removing hmi_driver.o(i.SetTextSpace), (56 bytes).
    Removing hmi_driver.o(i.SetTouchPaneOption), (92 bytes).
    Removing hmi_driver.o(i.ShowKeyboard), (108 bytes).
    Removing hmi_driver.o(i.ShowPopupMenu), (100 bytes).
    Removing hmi_driver.o(i.StartTimer), (74 bytes).
    Removing hmi_driver.o(i.StopTimer), (74 bytes).
    Removing hmi_driver.o(i.TestTouchPane), (40 bytes).
    Removing hmi_driver.o(i.UnlockDeviceConfig), (64 bytes).
    Removing hmi_driver.o(i.WriteLayer), (48 bytes).
    Removing hmi_driver.o(i.WriteUserFlash), (82 bytes).
    Removing dadd.o(.text), (334 bytes).
    Removing dmul.o(.text), (228 bytes).
    Removing ddiv.o(.text), (222 bytes).
    Removing dfixul.o(.text), (48 bytes).
    Removing cdrcmple.o(.text), (48 bytes).
    Removing depilogue.o(.text), (186 bytes).

558 unused section(s) (total 27114 bytes) removed from the image.

==============================================================================

Image Symbol Table

    Local Symbols

    Symbol Name                              Value     Ov Type        Size  Object(Section)

    ../clib/microlib/ctype/ctype.c           0x00000000   Number         0  isspace_c.o ABSOLUTE
    ../clib/microlib/ctype/ctype.c           0x00000000   Number         0  ctype_c.o ABSOLUTE
    ../clib/microlib/division.c              0x00000000   Number         0  uidiv.o ABSOLUTE
    ../clib/microlib/division.c              0x00000000   Number         0  uldiv.o ABSOLUTE
    ../clib/microlib/init/entry.s            0x00000000   Number         0  entry.o ABSOLUTE
    ../clib/microlib/init/entry.s            0x00000000   Number         0  entry10a.o ABSOLUTE
    ../clib/microlib/init/entry.s            0x00000000   Number         0  entry8b.o ABSOLUTE
    ../clib/microlib/init/entry.s            0x00000000   Number         0  entry7b.o ABSOLUTE
    ../clib/microlib/init/entry.s            0x00000000   Number         0  entry9b.o ABSOLUTE
    ../clib/microlib/init/entry.s            0x00000000   Number         0  entry7a.o ABSOLUTE
    ../clib/microlib/init/entry.s            0x00000000   Number         0  entry9a.o ABSOLUTE
    ../clib/microlib/init/entry.s            0x00000000   Number         0  entry2.o ABSOLUTE
    ../clib/microlib/init/entry.s            0x00000000   Number         0  entry5.o ABSOLUTE
    ../clib/microlib/init/entry.s            0x00000000   Number         0  entry8a.o ABSOLUTE
    ../clib/microlib/init/entry.s            0x00000000   Number         0  entry10b.o ABSOLUTE
    ../clib/microlib/init/entry.s            0x00000000   Number         0  entry11a.o ABSOLUTE
    ../clib/microlib/init/entry.s            0x00000000   Number         0  entry11b.o ABSOLUTE
    ../clib/microlib/longlong.c              0x00000000   Number         0  llshl.o ABSOLUTE
    ../clib/microlib/longlong.c              0x00000000   Number         0  llushr.o ABSOLUTE
    ../clib/microlib/longlong.c              0x00000000   Number         0  llsshr.o ABSOLUTE
    ../clib/microlib/printf/printf.c         0x00000000   Number         0  printf3.o ABSOLUTE
    ../clib/microlib/printf/printf.c         0x00000000   Number         0  printf5.o ABSOLUTE
    ../clib/microlib/printf/printf.c         0x00000000   Number         0  printf6.o ABSOLUTE
    ../clib/microlib/printf/printf.c         0x00000000   Number         0  printf7.o ABSOLUTE
    ../clib/microlib/printf/printf.c         0x00000000   Number         0  printf8.o ABSOLUTE
    ../clib/microlib/printf/printf.c         0x00000000   Number         0  printfa.o ABSOLUTE
    ../clib/microlib/printf/printf.c         0x00000000   Number         0  printf4.o ABSOLUTE
    ../clib/microlib/printf/printf.c         0x00000000   Number         0  printf1.o ABSOLUTE
    ../clib/microlib/printf/printf.c         0x00000000   Number         0  printfb.o ABSOLUTE
    ../clib/microlib/printf/printf.c         0x00000000   Number         0  printf0.o ABSOLUTE
    ../clib/microlib/printf/printf.c         0x00000000   Number         0  printf2.o ABSOLUTE
    ../clib/microlib/printf/stubs.s          0x00000000   Number         0  stubs.o ABSOLUTE
    ../clib/microlib/stdio/fputc.c           0x00000000   Number         0  fputc.o ABSOLUTE
    ../clib/microlib/stdio/semi.s            0x00000000   Number         0  semi.o ABSOLUTE
    ../clib/microlib/stdio/streams.c         0x00000000   Number         0  stdout.o ABSOLUTE
    ../clib/microlib/string/memcpy.c         0x00000000   Number         0  memcpyb.o ABSOLUTE
    ../clib/microlib/string/memcpy.c         0x00000000   Number         0  memcpya.o ABSOLUTE
    ../clib/microlib/stubs.s                 0x00000000   Number         0  iusesemip.o ABSOLUTE
    ../clib/microlib/stubs.s                 0x00000000   Number         0  iusefp.o ABSOLUTE
    ../clib/scanf.c                          0x00000000   Number         0  __0sscanf.o ABSOLUTE
    ../clib/scanf.c                          0x00000000   Number         0  _sgetc.o ABSOLUTE
    ../clib/scanf.c                          0x00000000   Number         0  _scanf.o ABSOLUTE
    ../clib/scanf.c                          0x00000000   Number         0  scanf_char.o ABSOLUTE
    ../clib/scanf.c                          0x00000000   Number         0  _chval.o ABSOLUTE
    ../clib/scanf.c                          0x00000000   Number         0  _scanf_int.o ABSOLUTE
    ../fplib/microlib/fpadd.c                0x00000000   Number         0  dadd.o ABSOLUTE
    ../fplib/microlib/fpdiv.c                0x00000000   Number         0  ddiv.o ABSOLUTE
    ../fplib/microlib/fpepilogue.c           0x00000000   Number         0  depilogue.o ABSOLUTE
    ../fplib/microlib/fpfix.c                0x00000000   Number         0  dfixul.o ABSOLUTE
    ../fplib/microlib/fpmul.c                0x00000000   Number         0  dmul.o ABSOLUTE
    App\main.c                               0x00000000   Number         0  main.o ABSOLUTE
    App\stm32f10x_it.c                       0x00000000   Number         0  stm32f10x_it.o ABSOLUTE
    Bsp\bsp_key.c                            0x00000000   Number         0  bsp_key.o ABSOLUTE
    Bsp\bsp_rs485.c                          0x00000000   Number         0  bsp_rs485.o ABSOLUTE
    Bsp\cmd_queue.c                          0x00000000   Number         0  cmd_queue.o ABSOLUTE
    Bsp\hmi_driver.c                         0x00000000   Number         0  hmi_driver.o ABSOLUTE
    Bsp\timer.c                              0x00000000   Number         0  timer.o ABSOLUTE
    Bsp\usart.c                              0x00000000   Number         0  usart.o ABSOLUTE
    Libraries\CMSIS\DeviceSupport\startup\startup_stm32f10x_md.s 0x00000000   Number         0  startup_stm32f10x_md.o ABSOLUTE
    Libraries\CMSIS\DeviceSupport\system_stm32f10x.c 0x00000000   Number         0  system_stm32f10x.o ABSOLUTE
    Libraries\STM32F10x_StdPeriph_Driver\src\misc.c 0x00000000   Number         0  misc.o ABSOLUTE
    Libraries\STM32F10x_StdPeriph_Driver\src\stm32f10x_adc.c 0x00000000   Number         0  stm32f10x_adc.o ABSOLUTE
    Libraries\STM32F10x_StdPeriph_Driver\src\stm32f10x_bkp.c 0x00000000   Number         0  stm32f10x_bkp.o ABSOLUTE
    Libraries\STM32F10x_StdPeriph_Driver\src\stm32f10x_can.c 0x00000000   Number         0  stm32f10x_can.o ABSOLUTE
    Libraries\STM32F10x_StdPeriph_Driver\src\stm32f10x_cec.c 0x00000000   Number         0  stm32f10x_cec.o ABSOLUTE
    Libraries\STM32F10x_StdPeriph_Driver\src\stm32f10x_crc.c 0x00000000   Number         0  stm32f10x_crc.o ABSOLUTE
    Libraries\STM32F10x_StdPeriph_Driver\src\stm32f10x_dac.c 0x00000000   Number         0  stm32f10x_dac.o ABSOLUTE
    Libraries\STM32F10x_StdPeriph_Driver\src\stm32f10x_dbgmcu.c 0x00000000   Number         0  stm32f10x_dbgmcu.o ABSOLUTE
    Libraries\STM32F10x_StdPeriph_Driver\src\stm32f10x_dma.c 0x00000000   Number         0  stm32f10x_dma.o ABSOLUTE
    Libraries\STM32F10x_StdPeriph_Driver\src\stm32f10x_exti.c 0x00000000   Number         0  stm32f10x_exti.o ABSOLUTE
    Libraries\STM32F10x_StdPeriph_Driver\src\stm32f10x_flash.c 0x00000000   Number         0  stm32f10x_flash.o ABSOLUTE
    Libraries\STM32F10x_StdPeriph_Driver\src\stm32f10x_fsmc.c 0x00000000   Number         0  stm32f10x_fsmc.o ABSOLUTE
    Libraries\STM32F10x_StdPeriph_Driver\src\stm32f10x_gpio.c 0x00000000   Number         0  stm32f10x_gpio.o ABSOLUTE
    Libraries\STM32F10x_StdPeriph_Driver\src\stm32f10x_i2c.c 0x00000000   Number         0  stm32f10x_i2c.o ABSOLUTE
    Libraries\STM32F10x_StdPeriph_Driver\src\stm32f10x_iwdg.c 0x00000000   Number         0  stm32f10x_iwdg.o ABSOLUTE
    Libraries\STM32F10x_StdPeriph_Driver\src\stm32f10x_pwr.c 0x00000000   Number         0  stm32f10x_pwr.o ABSOLUTE
    Libraries\STM32F10x_StdPeriph_Driver\src\stm32f10x_rcc.c 0x00000000   Number         0  stm32f10x_rcc.o ABSOLUTE
    Libraries\STM32F10x_StdPeriph_Driver\src\stm32f10x_rtc.c 0x00000000   Number         0  stm32f10x_rtc.o ABSOLUTE
    Libraries\STM32F10x_StdPeriph_Driver\src\stm32f10x_sdio.c 0x00000000   Number         0  stm32f10x_sdio.o ABSOLUTE
    Libraries\STM32F10x_StdPeriph_Driver\src\stm32f10x_spi.c 0x00000000   Number         0  stm32f10x_spi.o ABSOLUTE
    Libraries\STM32F10x_StdPeriph_Driver\src\stm32f10x_tim.c 0x00000000   Number         0  stm32f10x_tim.o ABSOLUTE
    Libraries\STM32F10x_StdPeriph_Driver\src\stm32f10x_usart.c 0x00000000   Number         0  stm32f10x_usart.o ABSOLUTE
    Libraries\STM32F10x_StdPeriph_Driver\src\stm32f10x_wwdg.c 0x00000000   Number         0  stm32f10x_wwdg.o ABSOLUTE
    cdrcmple.s                               0x00000000   Number         0  cdrcmple.o ABSOLUTE
    dc.s                                     0x00000000   Number         0  dc.o ABSOLUTE
    handlers.s                               0x00000000   Number         0  handlers.o ABSOLUTE
    init.s                                   0x00000000   Number         0  init.o ABSOLUTE
    RESET                                    0x08000000   Section      236  startup_stm32f10x_md.o(RESET)
    .ARM.Collect$$$$00000000                 0x080000ec   Section        0  entry.o(.ARM.Collect$$$$00000000)
    .ARM.Collect$$$$00000001                 0x080000ec   Section        4  entry2.o(.ARM.Collect$$$$00000001)
    .ARM.Collect$$$$00000004                 0x080000f0   Section        4  entry5.o(.ARM.Collect$$$$00000004)
    .ARM.Collect$$$$00000008                 0x080000f4   Section        0  entry7b.o(.ARM.Collect$$$$00000008)
    .ARM.Collect$$$$0000000A                 0x080000f4   Section        0  entry8b.o(.ARM.Collect$$$$0000000A)
    .ARM.Collect$$$$0000000B                 0x080000f4   Section        8  entry9a.o(.ARM.Collect$$$$0000000B)
    .ARM.Collect$$$$0000000D                 0x080000fc   Section        0  entry10a.o(.ARM.Collect$$$$0000000D)
    .ARM.Collect$$$$0000000F                 0x080000fc   Section        0  entry11a.o(.ARM.Collect$$$$0000000F)
    .ARM.Collect$$$$00002712                 0x080000fc   Section        4  entry2.o(.ARM.Collect$$$$00002712)
    __lit__00000000                          0x080000fc   Data           4  entry2.o(.ARM.Collect$$$$00002712)
    .text                                    0x08000100   Section       36  startup_stm32f10x_md.o(.text)
    .text                                    0x08000124   Section        0  memcpya.o(.text)
    .text                                    0x08000148   Section        0  __0sscanf.o(.text)
    .text                                    0x08000180   Section        0  _scanf_int.o(.text)
    .text                                    0x080002cc   Section        0  _chval.o(.text)
    .text                                    0x080002e8   Section        0  scanf_char.o(.text)
    _scanf_char_input                        0x080002e9   Thumb Code    12  scanf_char.o(.text)
    .text                                    0x08000310   Section        0  _sgetc.o(.text)
    .text                                    0x08000350   Section       36  init.o(.text)
    .text                                    0x08000374   Section        0  isspace_c.o(.text)
    .text                                    0x08000380   Section        0  _scanf.o(.text)
    .text                                    0x080006ac   Section        0  ctype_c.o(.text)
    i.AnimationStart                         0x080006d4   Section        0  hmi_driver.o(i.AnimationStart)
    i.BusFault_Handler                       0x0800071e   Section        0  stm32f10x_it.o(i.BusFault_Handler)
    i.DebugMon_Handler                       0x08000722   Section        0  stm32f10x_it.o(i.DebugMon_Handler)
    i.GPIO_Init                              0x08000724   Section        0  stm32f10x_gpio.o(i.GPIO_Init)
    i.GPIO_Key_Configuration                 0x0800083c   Section        0  bsp_key.o(i.GPIO_Key_Configuration)
    i.GPIO_ResetBits                         0x08000888   Section        0  stm32f10x_gpio.o(i.GPIO_ResetBits)
    i.GPIO_SetBits                           0x0800088c   Section        0  stm32f10x_gpio.o(i.GPIO_SetBits)
    i.GetControlValue                        0x08000890   Section        0  hmi_driver.o(i.GetControlValue)
    i.GetSensorData                          0x080008dc   Section        0  main.o(i.GetSensorData)
    i.GraphChannelDataAdd                    0x08000918   Section        0  hmi_driver.o(i.GraphChannelDataAdd)
    i.HardFault_Handler                      0x08000986   Section        0  stm32f10x_it.o(i.HardFault_Handler)
    i.MemManage_Handler                      0x0800098a   Section        0  stm32f10x_it.o(i.MemManage_Handler)
    i.NMI_Handler                            0x0800098e   Section        0  stm32f10x_it.o(i.NMI_Handler)
    i.NOTIFYHandShake                        0x08000990   Section        0  main.o(i.NOTIFYHandShake)
    i.NVIC_Configuration                     0x0800099e   Section        0  bsp_rs485.o(i.NVIC_Configuration)
    NVIC_Configuration                       0x0800099f   Thumb Code    38  bsp_rs485.o(i.NVIC_Configuration)
    i.NVIC_Configuration                     0x080009c4   Section        0  usart.o(i.NVIC_Configuration)
    i.NVIC_Init                              0x080009f0   Section        0  misc.o(i.NVIC_Init)
    i.NVIC_PriorityGroupConfig               0x08000a60   Section        0  misc.o(i.NVIC_PriorityGroupConfig)
    i.NotifyButton                           0x08000a74   Section        0  main.o(i.NotifyButton)
    i.NotifyMenu                             0x08000bdc   Section        0  main.o(i.NotifyMenu)
    i.NotifyMeter                            0x08000bde   Section        0  main.o(i.NotifyMeter)
    i.NotifyProgress                         0x08000be0   Section        0  main.o(i.NotifyProgress)
    i.NotifyReadFlash                        0x08000c08   Section        0  main.o(i.NotifyReadFlash)
    i.NotifyReadRTC                          0x08000c0c   Section        0  main.o(i.NotifyReadRTC)
    i.NotifyScreen                           0x08000db0   Section        0  main.o(i.NotifyScreen)
    i.NotifySelector                         0x08000ecc   Section        0  main.o(i.NotifySelector)
    i.NotifySlider                           0x08000ef0   Section        0  main.o(i.NotifySlider)
    i.NotifyText                             0x08000f68   Section        0  main.o(i.NotifyText)
    i.NotifyTimer                            0x08000fd4   Section        0  main.o(i.NotifyTimer)
    i.NotifyTouchXY                          0x08000fea   Section        0  main.o(i.NotifyTouchXY)
    i.NotifyWriteFlash                       0x08000fec   Section        0  main.o(i.NotifyWriteFlash)
    i.PendSV_Handler                         0x08000fee   Section        0  stm32f10x_it.o(i.PendSV_Handler)
    i.PlayMusic                              0x08000ff0   Section        0  hmi_driver.o(i.PlayMusic)
    i.ProcessMessage                         0x0800102c   Section        0  main.o(i.ProcessMessage)
    i.RCC_APB1PeriphClockCmd                 0x080011b0   Section        0  stm32f10x_rcc.o(i.RCC_APB1PeriphClockCmd)
    i.RCC_APB2PeriphClockCmd                 0x080011d0   Section        0  stm32f10x_rcc.o(i.RCC_APB2PeriphClockCmd)
    i.RCC_GetClocksFreq                      0x080011f0   Section        0  stm32f10x_rcc.o(i.RCC_GetClocksFreq)
    i.ReadRTC                                0x080012c4   Section        0  hmi_driver.o(i.ReadRTC)
    i.Record_ResetEvent                      0x080012ec   Section        0  hmi_driver.o(i.Record_ResetEvent)
    i.Record_SetEvent                        0x0800136a   Section        0  hmi_driver.o(i.Record_SetEvent)
    i.SVC_Handler                            0x080013e8   Section        0  stm32f10x_it.o(i.SVC_Handler)
    i.SendChar                               0x080013ec   Section        0  usart.o(i.SendChar)
    i.SendNU8                                0x0800141c   Section        0  hmi_driver.o(i.SendNU8)
    i.SendStrings                            0x08001436   Section        0  hmi_driver.o(i.SendStrings)
    i.SetBackLight                           0x0800144c   Section        0  hmi_driver.o(i.SetBackLight)
    i.SetButtonValue                         0x0800147c   Section        0  hmi_driver.o(i.SetButtonValue)
    i.SetBuzzer                              0x080014ce   Section        0  hmi_driver.o(i.SetBuzzer)
    i.SetControlBackColor                    0x080014fe   Section        0  hmi_driver.o(i.SetControlBackColor)
    i.SetMeterValue                          0x08001556   Section        0  hmi_driver.o(i.SetMeterValue)
    i.SetProgressValue                       0x080015be   Section        0  hmi_driver.o(i.SetProgressValue)
    i.SetSelectorValue                       0x08001626   Section        0  hmi_driver.o(i.SetSelectorValue)
    i.SetSysClock                            0x08001678   Section        0  system_stm32f10x.o(i.SetSysClock)
    SetSysClock                              0x08001679   Thumb Code     8  system_stm32f10x.o(i.SetSysClock)
    i.SetSysClockTo72                        0x08001680   Section        0  system_stm32f10x.o(i.SetSysClockTo72)
    SetSysClockTo72                          0x08001681   Thumb Code   214  system_stm32f10x.o(i.SetSysClockTo72)
    i.SetTextInt32                           0x08001760   Section        0  hmi_driver.o(i.SetTextInt32)
    i.SetTextValue                           0x080017ec   Section        0  hmi_driver.o(i.SetTextValue)
    i.Set_picMeterValue                      0x0800183e   Section        0  hmi_driver.o(i.Set_picMeterValue)
    i.SysTick_Handler                        0x08001896   Section        0  stm32f10x_it.o(i.SysTick_Handler)
    i.SystemInit                             0x08001898   Section        0  system_stm32f10x.o(i.SystemInit)
    i.TIM4_IRQHandler                        0x080018f8   Section        0  stm32f10x_it.o(i.TIM4_IRQHandler)
    i.TIMER_Initializes                      0x08001920   Section        0  timer.o(i.TIMER_Initializes)
    i.TIM_ARRPreloadConfig                   0x080019a4   Section        0  stm32f10x_tim.o(i.TIM_ARRPreloadConfig)
    i.TIM_ClearFlag                          0x080019bc   Section        0  stm32f10x_tim.o(i.TIM_ClearFlag)
    i.TIM_ClearITPendingBit                  0x080019c2   Section        0  stm32f10x_tim.o(i.TIM_ClearITPendingBit)
    i.TIM_Cmd                                0x080019c8   Section        0  stm32f10x_tim.o(i.TIM_Cmd)
    i.TIM_GetFlagStatus                      0x080019e0   Section        0  stm32f10x_tim.o(i.TIM_GetFlagStatus)
    i.TIM_GetITStatus                        0x080019f2   Section        0  stm32f10x_tim.o(i.TIM_GetITStatus)
    i.TIM_ITConfig                           0x08001a14   Section        0  stm32f10x_tim.o(i.TIM_ITConfig)
    i.TIM_NVIC_Config                        0x08001a26   Section        0  timer.o(i.TIM_NVIC_Config)
    TIM_NVIC_Config                          0x08001a27   Thumb Code    38  timer.o(i.TIM_NVIC_Config)
    i.TIM_TimeBaseInit                       0x08001a4c   Section        0  stm32f10x_tim.o(i.TIM_TimeBaseInit)
    i.USART1_IRQHandler                      0x08001af0   Section        0  stm32f10x_it.o(i.USART1_IRQHandler)
    i.USART3_IRQHandler                      0x08001b14   Section        0  stm32f10x_it.o(i.USART3_IRQHandler)
    i.USART_Cmd                              0x08001d88   Section        0  stm32f10x_usart.o(i.USART_Cmd)
    i.USART_Configuration                    0x08001da0   Section        0  usart.o(i.USART_Configuration)
    i.USART_GPIO_Configuration               0x08001de4   Section        0  usart.o(i.USART_GPIO_Configuration)
    i.USART_GetFlagStatus                    0x08001e28   Section        0  stm32f10x_usart.o(i.USART_GetFlagStatus)
    i.USART_GetITStatus                      0x08001e42   Section        0  stm32f10x_usart.o(i.USART_GetITStatus)
    i.USART_ITConfig                         0x08001e96   Section        0  stm32f10x_usart.o(i.USART_ITConfig)
    i.USART_Init                             0x08001ee0   Section        0  stm32f10x_usart.o(i.USART_Init)
    i.USART_Initializes                      0x08001fb8   Section        0  usart.o(i.USART_Initializes)
    i.USART_ReceiveData                      0x08001fc8   Section        0  stm32f10x_usart.o(i.USART_ReceiveData)
    i.USART_SendData                         0x08001fd2   Section        0  stm32f10x_usart.o(i.USART_SendData)
    i.UpdateUI                               0x08001fdc   Section        0  main.o(i.UpdateUI)
    i.UsageFault_Handler                     0x0800219c   Section        0  stm32f10x_it.o(i.UsageFault_Handler)
    i.__0sprintf$2                           0x080021a0   Section        0  printf2.o(i.__0sprintf$2)
    i.__scatterload_copy                     0x080021c8   Section       14  handlers.o(i.__scatterload_copy)
    i.__scatterload_null                     0x080021d6   Section        2  handlers.o(i.__scatterload_null)
    i.__scatterload_zeroinit                 0x080021d8   Section       14  handlers.o(i.__scatterload_zeroinit)
    i._printf_core                           0x080021e6   Section        0  printf2.o(i._printf_core)
    _printf_core                             0x080021e7   Thumb Code   214  printf2.o(i._printf_core)
    i._sputc                                 0x080022bc   Section        0  printf2.o(i._sputc)
    _sputc                                   0x080022bd   Thumb Code    10  printf2.o(i._sputc)
    i.delay_10us                             0x080022c8   Section        0  timer.o(i.delay_10us)
    i.delay_ms                               0x08002304   Section        0  timer.o(i.delay_ms)
    i.main                                   0x0800231c   Section        0  main.o(i.main)
    i.queue_find_cmd                         0x080023a8   Section        0  cmd_queue.o(i.queue_find_cmd)
    i.queue_pop                              0x0800242c   Section        0  cmd_queue.o(i.queue_pop)
    queue_pop                                0x0800242d   Thumb Code    48  cmd_queue.o(i.queue_pop)
    i.queue_push                             0x08002460   Section        0  cmd_queue.o(i.queue_push)
    i.queue_reset                            0x08002490   Section        0  cmd_queue.o(i.queue_reset)
    i.queue_size                             0x080024b0   Section        0  cmd_queue.o(i.queue_size)
    queue_size                               0x080024b1   Thumb Code    30  cmd_queue.o(i.queue_size)
    i.rs485_Init                             0x080024d4   Section        0  bsp_rs485.o(i.rs485_Init)
    .constdata                               0x08002598   Section      188  main.o(.constdata)
    .constdata                               0x08002654   Section       64  ctype_c.o(.constdata)
    .conststring                             0x08002694   Section      258  main.o(.conststring)
    .data                                    0x20000000   Section       20  stm32f10x_rcc.o(.data)
    APBAHBPrescTable                         0x20000000   Data          16  stm32f10x_rcc.o(.data)
    ADCPrescTable                            0x20000010   Data           4  stm32f10x_rcc.o(.data)
    .data                                    0x20000014   Section        6  cmd_queue.o(.data)
    cmd_state                                0x20000014   Data           4  cmd_queue.o(.data)
    cmd_pos                                  0x20000018   Data           2  cmd_queue.o(.data)
    .data                                    0x2000001c   Section       84  main.o(.data)
    current_screen_id                        0x2000003c   Data           2  main.o(.data)
    progress_value                           0x20000040   Data           4  main.o(.data)
    test_value                               0x20000044   Data           4  main.o(.data)
    update_en                                0x20000048   Data           1  main.o(.data)
    meter_flag                               0x2000004c   Data           4  main.o(.data)
    num                                      0x20000050   Data           4  main.o(.data)
    sec                                      0x20000054   Data           4  main.o(.data)
    curves_type                              0x20000058   Data           4  main.o(.data)
    second_flag                              0x2000005c   Data           4  main.o(.data)
    icon_flag                                0x20000060   Data           4  main.o(.data)
    Select_H                                 0x20000064   Data           1  main.o(.data)
    Select_M                                 0x20000065   Data           1  main.o(.data)
    Last_H                                   0x20000066   Data           1  main.o(.data)
    Last_M                                   0x20000067   Data           1  main.o(.data)
    Progress_Value                           0x20000068   Data           4  main.o(.data)
    test_value                               0x2000006c   Data           4  main.o(.data)
    .bss                                     0x20000070   Section      516  cmd_queue.o(.bss)
    que                                      0x20000070   Data         516  cmd_queue.o(.bss)
    .bss                                     0x20000274   Section       84  main.o(.bss)
    STACK                                    0x200002c8   Section     1024  startup_stm32f10x_md.o(STACK)

    Global Symbols

    Symbol Name                              Value     Ov Type        Size  Object(Section)

    BuildAttributes$$THM_ISAv4$P$D$K$B$S$PE$A:L22UL41UL21$X:L11$S22US41US21$IEEE1$IW$USESV6$~STKCKD$USESV7$~SHL$OSPACE$ROPI$EBA8$MICROLIB$REQ8$PRES8$EABIv2 0x00000000   Number         0  anon$$obj.o ABSOLUTE
    __ARM_use_no_argv                        0x00000000   Number         0  main.o ABSOLUTE
    _printf_a                                0x00000000   Number         0  stubs.o ABSOLUTE
    _printf_c                                0x00000000   Number         0  stubs.o ABSOLUTE
    _printf_charcount                        0x00000000   Number         0  stubs.o ABSOLUTE
    _printf_d                                0x00000000   Number         0  stubs.o ABSOLUTE
    _printf_e                                0x00000000   Number         0  stubs.o ABSOLUTE
    _printf_f                                0x00000000   Number         0  stubs.o ABSOLUTE
    _printf_flags                            0x00000000   Number         0  stubs.o ABSOLUTE
    _printf_fp_dec                           0x00000000   Number         0  stubs.o ABSOLUTE
    _printf_fp_hex                           0x00000000   Number         0  stubs.o ABSOLUTE
    _printf_g                                0x00000000   Number         0  stubs.o ABSOLUTE
    _printf_i                                0x00000000   Number         0  stubs.o ABSOLUTE
    _printf_int_dec                          0x00000000   Number         0  stubs.o ABSOLUTE
    _printf_l                                0x00000000   Number         0  stubs.o ABSOLUTE
    _printf_lc                               0x00000000   Number         0  stubs.o ABSOLUTE
    _printf_ll                               0x00000000   Number         0  stubs.o ABSOLUTE
    _printf_lld                              0x00000000   Number         0  stubs.o ABSOLUTE
    _printf_lli                              0x00000000   Number         0  stubs.o ABSOLUTE
    _printf_llo                              0x00000000   Number         0  stubs.o ABSOLUTE
    _printf_llu                              0x00000000   Number         0  stubs.o ABSOLUTE
    _printf_llx                              0x00000000   Number         0  stubs.o ABSOLUTE
    _printf_longlong_dec                     0x00000000   Number         0  stubs.o ABSOLUTE
    _printf_longlong_hex                     0x00000000   Number         0  stubs.o ABSOLUTE
    _printf_longlong_oct                     0x00000000   Number         0  stubs.o ABSOLUTE
    _printf_ls                               0x00000000   Number         0  stubs.o ABSOLUTE
    _printf_mbtowc                           0x00000000   Number         0  stubs.o ABSOLUTE
    _printf_n                                0x00000000   Number         0  stubs.o ABSOLUTE
    _printf_o                                0x00000000   Number         0  stubs.o ABSOLUTE
    _printf_p                                0x00000000   Number         0  stubs.o ABSOLUTE
    _printf_percent                          0x00000000   Number         0  stubs.o ABSOLUTE
    _printf_pre_padding                      0x00000000   Number         0  stubs.o ABSOLUTE
    _printf_return_value                     0x00000000   Number         0  stubs.o ABSOLUTE
    _printf_s                                0x00000000   Number         0  stubs.o ABSOLUTE
    _printf_sizespec                         0x00000000   Number         0  stubs.o ABSOLUTE
    _printf_str                              0x00000000   Number         0  stubs.o ABSOLUTE
    _printf_truncate_signed                  0x00000000   Number         0  stubs.o ABSOLUTE
    _printf_truncate_unsigned                0x00000000   Number         0  stubs.o ABSOLUTE
    _printf_u                                0x00000000   Number         0  stubs.o ABSOLUTE
    _printf_wc                               0x00000000   Number         0  stubs.o ABSOLUTE
    _printf_wctomb                           0x00000000   Number         0  stubs.o ABSOLUTE
    _printf_widthprec                        0x00000000   Number         0  stubs.o ABSOLUTE
    _printf_x                                0x00000000   Number         0  stubs.o ABSOLUTE
    __cpp_initialize__aeabi_                  - Undefined Weak Reference
    __cxa_finalize                            - Undefined Weak Reference
    __decompress                              - Undefined Weak Reference
    _clock_init                               - Undefined Weak Reference
    _microlib_exit                            - Undefined Weak Reference
    _scanf_longlong                           - Undefined Weak Reference
    _scanf_real                               - Undefined Weak Reference
    _scanf_string                             - Undefined Weak Reference
    __Vectors_Size                           0x000000ec   Number         0  startup_stm32f10x_md.o ABSOLUTE
    __Vectors                                0x08000000   Data           4  startup_stm32f10x_md.o(RESET)
    __Vectors_End                            0x080000ec   Data           0  startup_stm32f10x_md.o(RESET)
    __main                                   0x080000ed   Thumb Code     0  entry.o(.ARM.Collect$$$$00000000)
    _main_stk                                0x080000ed   Thumb Code     0  entry2.o(.ARM.Collect$$$$00000001)
    _main_scatterload                        0x080000f1   Thumb Code     0  entry5.o(.ARM.Collect$$$$00000004)
    __main_after_scatterload                 0x080000f5   Thumb Code     0  entry5.o(.ARM.Collect$$$$00000004)
    _main_clock                              0x080000f5   Thumb Code     0  entry7b.o(.ARM.Collect$$$$00000008)
    _main_cpp_init                           0x080000f5   Thumb Code     0  entry8b.o(.ARM.Collect$$$$0000000A)
    _main_init                               0x080000f5   Thumb Code     0  entry9a.o(.ARM.Collect$$$$0000000B)
    __rt_final_cpp                           0x080000fd   Thumb Code     0  entry10a.o(.ARM.Collect$$$$0000000D)
    __rt_final_exit                          0x080000fd   Thumb Code     0  entry11a.o(.ARM.Collect$$$$0000000F)
    Reset_Handler                            0x08000101   Thumb Code     8  startup_stm32f10x_md.o(.text)
    ADC1_2_IRQHandler                        0x0800011b   Thumb Code     0  startup_stm32f10x_md.o(.text)
    CAN1_RX1_IRQHandler                      0x0800011b   Thumb Code     0  startup_stm32f10x_md.o(.text)
    CAN1_SCE_IRQHandler                      0x0800011b   Thumb Code     0  startup_stm32f10x_md.o(.text)
    DMA1_Channel1_IRQHandler                 0x0800011b   Thumb Code     0  startup_stm32f10x_md.o(.text)
    DMA1_Channel2_IRQHandler                 0x0800011b   Thumb Code     0  startup_stm32f10x_md.o(.text)
    DMA1_Channel3_IRQHandler                 0x0800011b   Thumb Code     0  startup_stm32f10x_md.o(.text)
    DMA1_Channel4_IRQHandler                 0x0800011b   Thumb Code     0  startup_stm32f10x_md.o(.text)
    DMA1_Channel5_IRQHandler                 0x0800011b   Thumb Code     0  startup_stm32f10x_md.o(.text)
    DMA1_Channel6_IRQHandler                 0x0800011b   Thumb Code     0  startup_stm32f10x_md.o(.text)
    DMA1_Channel7_IRQHandler                 0x0800011b   Thumb Code     0  startup_stm32f10x_md.o(.text)
    EXTI0_IRQHandler                         0x0800011b   Thumb Code     0  startup_stm32f10x_md.o(.text)
    EXTI15_10_IRQHandler                     0x0800011b   Thumb Code     0  startup_stm32f10x_md.o(.text)
    EXTI1_IRQHandler                         0x0800011b   Thumb Code     0  startup_stm32f10x_md.o(.text)
    EXTI2_IRQHandler                         0x0800011b   Thumb Code     0  startup_stm32f10x_md.o(.text)
    EXTI3_IRQHandler                         0x0800011b   Thumb Code     0  startup_stm32f10x_md.o(.text)
    EXTI4_IRQHandler                         0x0800011b   Thumb Code     0  startup_stm32f10x_md.o(.text)
    EXTI9_5_IRQHandler                       0x0800011b   Thumb Code     0  startup_stm32f10x_md.o(.text)
    FLASH_IRQHandler                         0x0800011b   Thumb Code     0  startup_stm32f10x_md.o(.text)
    I2C1_ER_IRQHandler                       0x0800011b   Thumb Code     0  startup_stm32f10x_md.o(.text)
    I2C1_EV_IRQHandler                       0x0800011b   Thumb Code     0  startup_stm32f10x_md.o(.text)
    I2C2_ER_IRQHandler                       0x0800011b   Thumb Code     0  startup_stm32f10x_md.o(.text)
    I2C2_EV_IRQHandler                       0x0800011b   Thumb Code     0  startup_stm32f10x_md.o(.text)
    PVD_IRQHandler                           0x0800011b   Thumb Code     0  startup_stm32f10x_md.o(.text)
    RCC_IRQHandler                           0x0800011b   Thumb Code     0  startup_stm32f10x_md.o(.text)
    RTCAlarm_IRQHandler                      0x0800011b   Thumb Code     0  startup_stm32f10x_md.o(.text)
    RTC_IRQHandler                           0x0800011b   Thumb Code     0  startup_stm32f10x_md.o(.text)
    SPI1_IRQHandler                          0x0800011b   Thumb Code     0  startup_stm32f10x_md.o(.text)
    SPI2_IRQHandler                          0x0800011b   Thumb Code     0  startup_stm32f10x_md.o(.text)
    TAMPER_IRQHandler                        0x0800011b   Thumb Code     0  startup_stm32f10x_md.o(.text)
    TIM1_BRK_IRQHandler                      0x0800011b   Thumb Code     0  startup_stm32f10x_md.o(.text)
    TIM1_CC_IRQHandler                       0x0800011b   Thumb Code     0  startup_stm32f10x_md.o(.text)
    TIM1_TRG_COM_IRQHandler                  0x0800011b   Thumb Code     0  startup_stm32f10x_md.o(.text)
    TIM1_UP_IRQHandler                       0x0800011b   Thumb Code     0  startup_stm32f10x_md.o(.text)
    TIM2_IRQHandler                          0x0800011b   Thumb Code     0  startup_stm32f10x_md.o(.text)
    TIM3_IRQHandler                          0x0800011b   Thumb Code     0  startup_stm32f10x_md.o(.text)
    USART2_IRQHandler                        0x0800011b   Thumb Code     0  startup_stm32f10x_md.o(.text)
    USBWakeUp_IRQHandler                     0x0800011b   Thumb Code     0  startup_stm32f10x_md.o(.text)
    USB_HP_CAN1_TX_IRQHandler                0x0800011b   Thumb Code     0  startup_stm32f10x_md.o(.text)
    USB_LP_CAN1_RX0_IRQHandler               0x0800011b   Thumb Code     0  startup_stm32f10x_md.o(.text)
    WWDG_IRQHandler                          0x0800011b   Thumb Code     0  startup_stm32f10x_md.o(.text)
    __aeabi_memcpy                           0x08000125   Thumb Code    36  memcpya.o(.text)
    __aeabi_memcpy4                          0x08000125   Thumb Code     0  memcpya.o(.text)
    __aeabi_memcpy8                          0x08000125   Thumb Code     0  memcpya.o(.text)
    __0sscanf                                0x08000149   Thumb Code    48  __0sscanf.o(.text)
    _scanf_int                               0x08000181   Thumb Code   332  _scanf_int.o(.text)
    _chval                                   0x080002cd   Thumb Code    28  _chval.o(.text)
    __vfscanf_char                           0x080002f5   Thumb Code    20  scanf_char.o(.text)
    _sgetc                                   0x08000311   Thumb Code    30  _sgetc.o(.text)
    _sbackspace                              0x0800032f   Thumb Code    34  _sgetc.o(.text)
    __scatterload                            0x08000351   Thumb Code    28  init.o(.text)
    __scatterload_rt2                        0x08000351   Thumb Code     0  init.o(.text)
    isspace                                  0x08000375   Thumb Code    10  isspace_c.o(.text)
    __vfscanf                                0x08000381   Thumb Code   808  _scanf.o(.text)
    __ctype_lookup                           0x080006ad   Thumb Code    34  ctype_c.o(.text)
    AnimationStart                           0x080006d5   Thumb Code    74  hmi_driver.o(i.AnimationStart)
    BusFault_Handler                         0x0800071f   Thumb Code     4  stm32f10x_it.o(i.BusFault_Handler)
    DebugMon_Handler                         0x08000723   Thumb Code     2  stm32f10x_it.o(i.DebugMon_Handler)
    GPIO_Init                                0x08000725   Thumb Code   278  stm32f10x_gpio.o(i.GPIO_Init)
    GPIO_Key_Configuration                   0x0800083d   Thumb Code    66  bsp_key.o(i.GPIO_Key_Configuration)
    GPIO_ResetBits                           0x08000889   Thumb Code     4  stm32f10x_gpio.o(i.GPIO_ResetBits)
    GPIO_SetBits                             0x0800088d   Thumb Code     4  stm32f10x_gpio.o(i.GPIO_SetBits)
    GetControlValue                          0x08000891   Thumb Code    74  hmi_driver.o(i.GetControlValue)
    GetSensorData                            0x080008dd   Thumb Code    56  main.o(i.GetSensorData)
    GraphChannelDataAdd                      0x08000919   Thumb Code   110  hmi_driver.o(i.GraphChannelDataAdd)
    HardFault_Handler                        0x08000987   Thumb Code     4  stm32f10x_it.o(i.HardFault_Handler)
    MemManage_Handler                        0x0800098b   Thumb Code     4  stm32f10x_it.o(i.MemManage_Handler)
    NMI_Handler                              0x0800098f   Thumb Code     2  stm32f10x_it.o(i.NMI_Handler)
    NOTIFYHandShake                          0x08000991   Thumb Code    14  main.o(i.NOTIFYHandShake)
    NVIC_Configuration                       0x080009c5   Thumb Code    42  usart.o(i.NVIC_Configuration)
    NVIC_Init                                0x080009f1   Thumb Code   100  misc.o(i.NVIC_Init)
    NVIC_PriorityGroupConfig                 0x08000a61   Thumb Code    10  misc.o(i.NVIC_PriorityGroupConfig)
    NotifyButton                             0x08000a75   Thumb Code   336  main.o(i.NotifyButton)
    NotifyMenu                               0x08000bdd   Thumb Code     2  main.o(i.NotifyMenu)
    NotifyMeter                              0x08000bdf   Thumb Code     2  main.o(i.NotifyMeter)
    NotifyProgress                           0x08000be1   Thumb Code    36  main.o(i.NotifyProgress)
    NotifyReadFlash                          0x08000c09   Thumb Code     2  main.o(i.NotifyReadFlash)
    NotifyReadRTC                            0x08000c0d   Thumb Code   360  main.o(i.NotifyReadRTC)
    NotifyScreen                             0x08000db1   Thumb Code   260  main.o(i.NotifyScreen)
    NotifySelector                           0x08000ecd   Thumb Code    26  main.o(i.NotifySelector)
    NotifySlider                             0x08000ef1   Thumb Code   116  main.o(i.NotifySlider)
    NotifyText                               0x08000f69   Thumb Code   102  main.o(i.NotifyText)
    NotifyTimer                              0x08000fd5   Thumb Code    22  main.o(i.NotifyTimer)
    NotifyTouchXY                            0x08000feb   Thumb Code     2  main.o(i.NotifyTouchXY)
    NotifyWriteFlash                         0x08000fed   Thumb Code     2  main.o(i.NotifyWriteFlash)
    PendSV_Handler                           0x08000fef   Thumb Code     2  stm32f10x_it.o(i.PendSV_Handler)
    PlayMusic                                0x08000ff1   Thumb Code    58  hmi_driver.o(i.PlayMusic)
    ProcessMessage                           0x0800102d   Thumb Code   384  main.o(i.ProcessMessage)
    RCC_APB1PeriphClockCmd                   0x080011b1   Thumb Code    26  stm32f10x_rcc.o(i.RCC_APB1PeriphClockCmd)
    RCC_APB2PeriphClockCmd                   0x080011d1   Thumb Code    26  stm32f10x_rcc.o(i.RCC_APB2PeriphClockCmd)
    RCC_GetClocksFreq                        0x080011f1   Thumb Code   192  stm32f10x_rcc.o(i.RCC_GetClocksFreq)
    ReadRTC                                  0x080012c5   Thumb Code    40  hmi_driver.o(i.ReadRTC)
    Record_ResetEvent                        0x080012ed   Thumb Code   126  hmi_driver.o(i.Record_ResetEvent)
    Record_SetEvent                          0x0800136b   Thumb Code   126  hmi_driver.o(i.Record_SetEvent)
    SVC_Handler                              0x080013e9   Thumb Code     2  stm32f10x_it.o(i.SVC_Handler)
    SendChar                                 0x080013ed   Thumb Code    42  usart.o(i.SendChar)
    SendNU8                                  0x0800141d   Thumb Code    26  hmi_driver.o(i.SendNU8)
    SendStrings                              0x08001437   Thumb Code    22  hmi_driver.o(i.SendStrings)
    SetBackLight                             0x0800144d   Thumb Code    48  hmi_driver.o(i.SetBackLight)
    SetButtonValue                           0x0800147d   Thumb Code    82  hmi_driver.o(i.SetButtonValue)
    SetBuzzer                                0x080014cf   Thumb Code    48  hmi_driver.o(i.SetBuzzer)
    SetControlBackColor                      0x080014ff   Thumb Code    88  hmi_driver.o(i.SetControlBackColor)
    SetMeterValue                            0x08001557   Thumb Code   104  hmi_driver.o(i.SetMeterValue)
    SetProgressValue                         0x080015bf   Thumb Code   104  hmi_driver.o(i.SetProgressValue)
    SetSelectorValue                         0x08001627   Thumb Code    82  hmi_driver.o(i.SetSelectorValue)
    SetTextInt32                             0x08001761   Thumb Code   140  hmi_driver.o(i.SetTextInt32)
    SetTextValue                             0x080017ed   Thumb Code    82  hmi_driver.o(i.SetTextValue)
    Set_picMeterValue                        0x0800183f   Thumb Code    88  hmi_driver.o(i.Set_picMeterValue)
    SysTick_Handler                          0x08001897   Thumb Code     2  stm32f10x_it.o(i.SysTick_Handler)
    SystemInit                               0x08001899   Thumb Code    78  system_stm32f10x.o(i.SystemInit)
    TIM4_IRQHandler                          0x080018f9   Thumb Code    32  stm32f10x_it.o(i.TIM4_IRQHandler)
    TIMER_Initializes                        0x08001921   Thumb Code   124  timer.o(i.TIMER_Initializes)
    TIM_ARRPreloadConfig                     0x080019a5   Thumb Code    24  stm32f10x_tim.o(i.TIM_ARRPreloadConfig)
    TIM_ClearFlag                            0x080019bd   Thumb Code     6  stm32f10x_tim.o(i.TIM_ClearFlag)
    TIM_ClearITPendingBit                    0x080019c3   Thumb Code     6  stm32f10x_tim.o(i.TIM_ClearITPendingBit)
    TIM_Cmd                                  0x080019c9   Thumb Code    24  stm32f10x_tim.o(i.TIM_Cmd)
    TIM_GetFlagStatus                        0x080019e1   Thumb Code    18  stm32f10x_tim.o(i.TIM_GetFlagStatus)
    TIM_GetITStatus                          0x080019f3   Thumb Code    34  stm32f10x_tim.o(i.TIM_GetITStatus)
    TIM_ITConfig                             0x08001a15   Thumb Code    18  stm32f10x_tim.o(i.TIM_ITConfig)
    TIM_TimeBaseInit                         0x08001a4d   Thumb Code   122  stm32f10x_tim.o(i.TIM_TimeBaseInit)
    USART1_IRQHandler                        0x08001af1   Thumb Code    32  stm32f10x_it.o(i.USART1_IRQHandler)
    USART3_IRQHandler                        0x08001b15   Thumb Code   588  stm32f10x_it.o(i.USART3_IRQHandler)
    USART_Cmd                                0x08001d89   Thumb Code    24  stm32f10x_usart.o(i.USART_Cmd)
    USART_Configuration                      0x08001da1   Thumb Code    62  usart.o(i.USART_Configuration)
    USART_GPIO_Configuration                 0x08001de5   Thumb Code    64  usart.o(i.USART_GPIO_Configuration)
    USART_GetFlagStatus                      0x08001e29   Thumb Code    26  stm32f10x_usart.o(i.USART_GetFlagStatus)
    USART_GetITStatus                        0x08001e43   Thumb Code    84  stm32f10x_usart.o(i.USART_GetITStatus)
    USART_ITConfig                           0x08001e97   Thumb Code    74  stm32f10x_usart.o(i.USART_ITConfig)
    USART_Init                               0x08001ee1   Thumb Code   210  stm32f10x_usart.o(i.USART_Init)
    USART_Initializes                        0x08001fb9   Thumb Code    16  usart.o(i.USART_Initializes)
    USART_ReceiveData                        0x08001fc9   Thumb Code    10  stm32f10x_usart.o(i.USART_ReceiveData)
    USART_SendData                           0x08001fd3   Thumb Code     8  stm32f10x_usart.o(i.USART_SendData)
    UpdateUI                                 0x08001fdd   Thumb Code   410  main.o(i.UpdateUI)
    UsageFault_Handler                       0x0800219d   Thumb Code     4  stm32f10x_it.o(i.UsageFault_Handler)
    __0sprintf$2                             0x080021a1   Thumb Code    34  printf2.o(i.__0sprintf$2)
    __1sprintf$2                             0x080021a1   Thumb Code     0  printf2.o(i.__0sprintf$2)
    __2sprintf                               0x080021a1   Thumb Code     0  printf2.o(i.__0sprintf$2)
    __scatterload_copy                       0x080021c9   Thumb Code    14  handlers.o(i.__scatterload_copy)
    __scatterload_null                       0x080021d7   Thumb Code     2  handlers.o(i.__scatterload_null)
    __scatterload_zeroinit                   0x080021d9   Thumb Code    14  handlers.o(i.__scatterload_zeroinit)
    delay_10us                               0x080022c9   Thumb Code    56  timer.o(i.delay_10us)
    delay_ms                                 0x08002305   Thumb Code    24  timer.o(i.delay_ms)
    main                                     0x0800231d   Thumb Code   126  main.o(i.main)
    queue_find_cmd                           0x080023a9   Thumb Code   122  cmd_queue.o(i.queue_find_cmd)
    queue_push                               0x08002461   Thumb Code    44  cmd_queue.o(i.queue_push)
    queue_reset                              0x08002491   Thumb Code    18  cmd_queue.o(i.queue_reset)
    rs485_Init                               0x080024d5   Thumb Code   186  bsp_rs485.o(i.rs485_Init)
    __ctype_categories                       0x08002654   Data          64  ctype_c.o(.constdata)
    Region$$Table$$Base                      0x08002798   Number         0  anon$$obj.o(Region$$Table)
    Region$$Table$$Limit                     0x080027b8   Number         0  anon$$obj.o(Region$$Table)
    RxData                                   0x2000001c   Data           7  main.o(.data)
    RxLen                                    0x20000023   Data           1  main.o(.data)
    TxData                                   0x20000024   Data           8  main.o(.data)
    TxLen                                    0x2000002c   Data           1  main.o(.data)
    KeyFlag                                  0x2000002d   Data           1  main.o(.data)
    PhData                                   0x2000002e   Data           2  main.o(.data)
    TempData                                 0x20000030   Data           2  main.o(.data)
    screen_time                              0x20000034   Data           4  main.o(.data)
    sensor_time                              0x20000038   Data           4  main.o(.data)
    PhdataArr                                0x20000274   Data          10  main.o(.bss)
    TempdataArr                              0x2000027e   Data          10  main.o(.bss)
    cmd_buffer                               0x20000288   Data          64  main.o(.bss)
    __initial_sp                             0x200006c8   Data           0  startup_stm32f10x_md.o(STACK)



==============================================================================

Memory Map of the image

  Image Entry point : 0x080000ed

  Load Region LR_IROM1 (Base: 0x08000000, Size: 0x00002828, Max: 0x00010000, ABSOLUTE)

    Execution Region ER_IROM1 (Exec base: 0x08000000, Load base: 0x08000000, Size: 0x000027b8, Max: 0x00010000, ABSOLUTE)

    Exec Addr    Load Addr    Size         Type   Attr      Idx    E Section Name        Object

    0x08000000   0x08000000   0x000000ec   Data   RO            3    RESET               startup_stm32f10x_md.o
    0x080000ec   0x080000ec   0x00000000   Code   RO         4304  * .ARM.Collect$$$$00000000  mc_w.l(entry.o)
    0x080000ec   0x080000ec   0x00000004   Code   RO         4576    .ARM.Collect$$$$00000001  mc_w.l(entry2.o)
    0x080000f0   0x080000f0   0x00000004   Code   RO         4579    .ARM.Collect$$$$00000004  mc_w.l(entry5.o)
    0x080000f4   0x080000f4   0x00000000   Code   RO         4581    .ARM.Collect$$$$00000008  mc_w.l(entry7b.o)
    0x080000f4   0x080000f4   0x00000000   Code   RO         4583    .ARM.Collect$$$$0000000A  mc_w.l(entry8b.o)
    0x080000f4   0x080000f4   0x00000008   Code   RO         4584    .ARM.Collect$$$$0000000B  mc_w.l(entry9a.o)
    0x080000fc   0x080000fc   0x00000000   Code   RO         4586    .ARM.Collect$$$$0000000D  mc_w.l(entry10a.o)
    0x080000fc   0x080000fc   0x00000000   Code   RO         4588    .ARM.Collect$$$$0000000F  mc_w.l(entry11a.o)
    0x080000fc   0x080000fc   0x00000004   Code   RO         4577    .ARM.Collect$$$$00002712  mc_w.l(entry2.o)
    0x08000100   0x08000100   0x00000024   Code   RO            4    .text               startup_stm32f10x_md.o
    0x08000124   0x08000124   0x00000024   Code   RO         4307    .text               mc_w.l(memcpya.o)
    0x08000148   0x08000148   0x00000038   Code   RO         4572    .text               mc_w.l(__0sscanf.o)
    0x08000180   0x08000180   0x0000014c   Code   RO         4574    .text               mc_w.l(_scanf_int.o)
    0x080002cc   0x080002cc   0x0000001c   Code   RO         4597    .text               mc_w.l(_chval.o)
    0x080002e8   0x080002e8   0x00000028   Code   RO         4599    .text               mc_w.l(scanf_char.o)
    0x08000310   0x08000310   0x00000040   Code   RO         4601    .text               mc_w.l(_sgetc.o)
    0x08000350   0x08000350   0x00000024   Code   RO         4614    .text               mc_w.l(init.o)
    0x08000374   0x08000374   0x0000000a   Code   RO         4623    .text               mc_w.l(isspace_c.o)
    0x0800037e   0x0800037e   0x00000002   PAD
    0x08000380   0x08000380   0x0000032c   Code   RO         4625    .text               mc_w.l(_scanf.o)
    0x080006ac   0x080006ac   0x00000028   Code   RO         4630    .text               mc_w.l(ctype_c.o)
    0x080006d4   0x080006d4   0x0000004a   Code   RO         3370    i.AnimationStart    hmi_driver.o
    0x0800071e   0x0800071e   0x00000004   Code   RO         4219    i.BusFault_Handler  stm32f10x_it.o
    0x08000722   0x08000722   0x00000002   Code   RO         4220    i.DebugMon_Handler  stm32f10x_it.o
    0x08000724   0x08000724   0x00000116   Code   RO         1248    i.GPIO_Init         stm32f10x_gpio.o
    0x0800083a   0x0800083a   0x00000002   PAD
    0x0800083c   0x0800083c   0x0000004c   Code   RO         3301    i.GPIO_Key_Configuration  bsp_key.o
    0x08000888   0x08000888   0x00000004   Code   RO         1255    i.GPIO_ResetBits    stm32f10x_gpio.o
    0x0800088c   0x0800088c   0x00000004   Code   RO         1256    i.GPIO_SetBits      stm32f10x_gpio.o
    0x08000890   0x08000890   0x0000004a   Code   RO         3415    i.GetControlValue   hmi_driver.o
    0x080008da   0x080008da   0x00000002   PAD
    0x080008dc   0x080008dc   0x0000003c   Code   RO         4074    i.GetSensorData     main.o
    0x08000918   0x08000918   0x0000006e   Code   RO         3419    i.GraphChannelDataAdd  hmi_driver.o
    0x08000986   0x08000986   0x00000004   Code   RO         4221    i.HardFault_Handler  stm32f10x_it.o
    0x0800098a   0x0800098a   0x00000004   Code   RO         4222    i.MemManage_Handler  stm32f10x_it.o
    0x0800098e   0x0800098e   0x00000002   Code   RO         4223    i.NMI_Handler       stm32f10x_it.o
    0x08000990   0x08000990   0x0000000e   Code   RO         4075    i.NOTIFYHandShake   main.o
    0x0800099e   0x0800099e   0x00000026   Code   RO         3232    i.NVIC_Configuration  bsp_rs485.o
    0x080009c4   0x080009c4   0x0000002a   Code   RO         3258    i.NVIC_Configuration  usart.o
    0x080009ee   0x080009ee   0x00000002   PAD
    0x080009f0   0x080009f0   0x00000070   Code   RO           10    i.NVIC_Init         misc.o
    0x08000a60   0x08000a60   0x00000014   Code   RO           11    i.NVIC_PriorityGroupConfig  misc.o
    0x08000a74   0x08000a74   0x00000168   Code   RO         4076    i.NotifyButton      main.o
    0x08000bdc   0x08000bdc   0x00000002   Code   RO         4077    i.NotifyMenu        main.o
    0x08000bde   0x08000bde   0x00000002   Code   RO         4078    i.NotifyMeter       main.o
    0x08000be0   0x08000be0   0x00000028   Code   RO         4079    i.NotifyProgress    main.o
    0x08000c08   0x08000c08   0x00000002   Code   RO         4080    i.NotifyReadFlash   main.o
    0x08000c0a   0x08000c0a   0x00000002   PAD
    0x08000c0c   0x08000c0c   0x000001a4   Code   RO         4081    i.NotifyReadRTC     main.o
    0x08000db0   0x08000db0   0x0000011c   Code   RO         4082    i.NotifyScreen      main.o
    0x08000ecc   0x08000ecc   0x00000024   Code   RO         4083    i.NotifySelector    main.o
    0x08000ef0   0x08000ef0   0x00000078   Code   RO         4084    i.NotifySlider      main.o
    0x08000f68   0x08000f68   0x0000006c   Code   RO         4085    i.NotifyText        main.o
    0x08000fd4   0x08000fd4   0x00000016   Code   RO         4086    i.NotifyTimer       main.o
    0x08000fea   0x08000fea   0x00000002   Code   RO         4087    i.NotifyTouchXY     main.o
    0x08000fec   0x08000fec   0x00000002   Code   RO         4088    i.NotifyWriteFlash  main.o
    0x08000fee   0x08000fee   0x00000002   Code   RO         4224    i.PendSV_Handler    stm32f10x_it.o
    0x08000ff0   0x08000ff0   0x0000003a   Code   RO         3434    i.PlayMusic         hmi_driver.o
    0x0800102a   0x0800102a   0x00000002   PAD
    0x0800102c   0x0800102c   0x00000184   Code   RO         4089    i.ProcessMessage    main.o
    0x080011b0   0x080011b0   0x00000020   Code   RO         1664    i.RCC_APB1PeriphClockCmd  stm32f10x_rcc.o
    0x080011d0   0x080011d0   0x00000020   Code   RO         1666    i.RCC_APB2PeriphClockCmd  stm32f10x_rcc.o
    0x080011f0   0x080011f0   0x000000d4   Code   RO         1674    i.RCC_GetClocksFreq  stm32f10x_rcc.o
    0x080012c4   0x080012c4   0x00000028   Code   RO         3435    i.ReadRTC           hmi_driver.o
    0x080012ec   0x080012ec   0x0000007e   Code   RO         3440    i.Record_ResetEvent  hmi_driver.o
    0x0800136a   0x0800136a   0x0000007e   Code   RO         3441    i.Record_SetEvent   hmi_driver.o
    0x080013e8   0x080013e8   0x00000002   Code   RO         4225    i.SVC_Handler       stm32f10x_it.o
    0x080013ea   0x080013ea   0x00000002   PAD
    0x080013ec   0x080013ec   0x00000030   Code   RO         3259    i.SendChar          usart.o
    0x0800141c   0x0800141c   0x0000001a   Code   RO         3445    i.SendNU8           hmi_driver.o
    0x08001436   0x08001436   0x00000016   Code   RO         3446    i.SendStrings       hmi_driver.o
    0x0800144c   0x0800144c   0x00000030   Code   RO         3447    i.SetBackLight      hmi_driver.o
    0x0800147c   0x0800147c   0x00000052   Code   RO         3449    i.SetButtonValue    hmi_driver.o
    0x080014ce   0x080014ce   0x00000030   Code   RO         3450    i.SetBuzzer         hmi_driver.o
    0x080014fe   0x080014fe   0x00000058   Code   RO         3452    i.SetControlBackColor  hmi_driver.o
    0x08001556   0x08001556   0x00000068   Code   RO         3462    i.SetMeterValue     hmi_driver.o
    0x080015be   0x080015be   0x00000068   Code   RO         3464    i.SetProgressValue  hmi_driver.o
    0x08001626   0x08001626   0x00000052   Code   RO         3467    i.SetSelectorValue  hmi_driver.o
    0x08001678   0x08001678   0x00000008   Code   RO         3064    i.SetSysClock       system_stm32f10x.o
    0x08001680   0x08001680   0x000000e0   Code   RO         3065    i.SetSysClockTo72   system_stm32f10x.o
    0x08001760   0x08001760   0x0000008c   Code   RO         3470    i.SetTextInt32      hmi_driver.o
    0x080017ec   0x080017ec   0x00000052   Code   RO         3472    i.SetTextValue      hmi_driver.o
    0x0800183e   0x0800183e   0x00000058   Code   RO         3474    i.Set_picMeterValue  hmi_driver.o
    0x08001896   0x08001896   0x00000002   Code   RO         4226    i.SysTick_Handler   stm32f10x_it.o
    0x08001898   0x08001898   0x00000060   Code   RO         3067    i.SystemInit        system_stm32f10x.o
    0x080018f8   0x080018f8   0x00000028   Code   RO         4227    i.TIM4_IRQHandler   stm32f10x_it.o
    0x08001920   0x08001920   0x00000084   Code   RO         3117    i.TIMER_Initializes  timer.o
    0x080019a4   0x080019a4   0x00000018   Code   RO         2286    i.TIM_ARRPreloadConfig  stm32f10x_tim.o
    0x080019bc   0x080019bc   0x00000006   Code   RO         2292    i.TIM_ClearFlag     stm32f10x_tim.o
    0x080019c2   0x080019c2   0x00000006   Code   RO         2293    i.TIM_ClearITPendingBit  stm32f10x_tim.o
    0x080019c8   0x080019c8   0x00000018   Code   RO         2298    i.TIM_Cmd           stm32f10x_tim.o
    0x080019e0   0x080019e0   0x00000012   Code   RO         2318    i.TIM_GetFlagStatus  stm32f10x_tim.o
    0x080019f2   0x080019f2   0x00000022   Code   RO         2319    i.TIM_GetITStatus   stm32f10x_tim.o
    0x08001a14   0x08001a14   0x00000012   Code   RO         2323    i.TIM_ITConfig      stm32f10x_tim.o
    0x08001a26   0x08001a26   0x00000026   Code   RO         3118    i.TIM_NVIC_Config   timer.o
    0x08001a4c   0x08001a4c   0x000000a4   Code   RO         2369    i.TIM_TimeBaseInit  stm32f10x_tim.o
    0x08001af0   0x08001af0   0x00000024   Code   RO         4228    i.USART1_IRQHandler  stm32f10x_it.o
    0x08001b14   0x08001b14   0x00000274   Code   RO         4229    i.USART3_IRQHandler  stm32f10x_it.o
    0x08001d88   0x08001d88   0x00000018   Code   RO         2834    i.USART_Cmd         stm32f10x_usart.o
    0x08001da0   0x08001da0   0x00000044   Code   RO         3260    i.USART_Configuration  usart.o
    0x08001de4   0x08001de4   0x00000044   Code   RO         3261    i.USART_GPIO_Configuration  usart.o
    0x08001e28   0x08001e28   0x0000001a   Code   RO         2837    i.USART_GetFlagStatus  stm32f10x_usart.o
    0x08001e42   0x08001e42   0x00000054   Code   RO         2838    i.USART_GetITStatus  stm32f10x_usart.o
    0x08001e96   0x08001e96   0x0000004a   Code   RO         2840    i.USART_ITConfig    stm32f10x_usart.o
    0x08001ee0   0x08001ee0   0x000000d8   Code   RO         2841    i.USART_Init        stm32f10x_usart.o
    0x08001fb8   0x08001fb8   0x00000010   Code   RO         3262    i.USART_Initializes  usart.o
    0x08001fc8   0x08001fc8   0x0000000a   Code   RO         2848    i.USART_ReceiveData  stm32f10x_usart.o
    0x08001fd2   0x08001fd2   0x00000008   Code   RO         2851    i.USART_SendData    stm32f10x_usart.o
    0x08001fda   0x08001fda   0x00000002   PAD
    0x08001fdc   0x08001fdc   0x000001c0   Code   RO         4090    i.UpdateUI          main.o
    0x0800219c   0x0800219c   0x00000004   Code   RO         4230    i.UsageFault_Handler  stm32f10x_it.o
    0x080021a0   0x080021a0   0x00000028   Code   RO         4380    i.__0sprintf$2      mc_w.l(printf2.o)
    0x080021c8   0x080021c8   0x0000000e   Code   RO         4635    i.__scatterload_copy  mc_w.l(handlers.o)
    0x080021d6   0x080021d6   0x00000002   Code   RO         4636    i.__scatterload_null  mc_w.l(handlers.o)
    0x080021d8   0x080021d8   0x0000000e   Code   RO         4637    i.__scatterload_zeroinit  mc_w.l(handlers.o)
    0x080021e6   0x080021e6   0x000000d6   Code   RO         4385    i._printf_core      mc_w.l(printf2.o)
    0x080022bc   0x080022bc   0x0000000a   Code   RO         4387    i._sputc            mc_w.l(printf2.o)
    0x080022c6   0x080022c6   0x00000002   PAD
    0x080022c8   0x080022c8   0x0000003c   Code   RO         3119    i.delay_10us        timer.o
    0x08002304   0x08002304   0x00000018   Code   RO         3120    i.delay_ms          timer.o
    0x0800231c   0x0800231c   0x0000008c   Code   RO         4091    i.main              main.o
    0x080023a8   0x080023a8   0x00000084   Code   RO         3323    i.queue_find_cmd    cmd_queue.o
    0x0800242c   0x0800242c   0x00000034   Code   RO         3324    i.queue_pop         cmd_queue.o
    0x08002460   0x08002460   0x00000030   Code   RO         3325    i.queue_push        cmd_queue.o
    0x08002490   0x08002490   0x00000020   Code   RO         3326    i.queue_reset       cmd_queue.o
    0x080024b0   0x080024b0   0x00000024   Code   RO         3327    i.queue_size        cmd_queue.o
    0x080024d4   0x080024d4   0x000000c4   Code   RO         3234    i.rs485_Init        bsp_rs485.o
    0x08002598   0x08002598   0x000000bc   Data   RO         4093    .constdata          main.o
    0x08002654   0x08002654   0x00000040   Data   RO         4631    .constdata          mc_w.l(ctype_c.o)
    0x08002694   0x08002694   0x00000102   Data   RO         4094    .conststring        main.o
    0x08002796   0x08002796   0x00000002   PAD
    0x08002798   0x08002798   0x00000020   Data   RO         4633    Region$$Table       anon$$obj.o


    Execution Region RW_IRAM1 (Exec base: 0x20000000, Load base: 0x080027b8, Size: 0x000006c8, Max: 0x00005000, ABSOLUTE)

    Exec Addr    Load Addr    Size         Type   Attr      Idx    E Section Name        Object

    0x20000000   0x080027b8   0x00000014   Data   RW         1694    .data               stm32f10x_rcc.o
    0x20000014   0x080027cc   0x00000006   Data   RW         3329    .data               cmd_queue.o
    0x2000001a   0x080027d2   0x00000002   PAD
    0x2000001c   0x080027d4   0x00000054   Data   RW         4095    .data               main.o
    0x20000070        -       0x00000204   Zero   RW         3328    .bss                cmd_queue.o
    0x20000274        -       0x00000054   Zero   RW         4092    .bss                main.o
    0x200002c8        -       0x00000400   Zero   RW            1    STACK               startup_stm32f10x_md.o


==============================================================================

Image component sizes


      Code (inc. data)   RO Data    RW Data    ZI Data      Debug   Object Name

        76         10          0          0          0        485   bsp_key.o
       234         10          0          0          0       1009   bsp_rs485.o
       300         38          0          6        516       3336   cmd_queue.o
      1522          0          0          0          0      11771   hmi_driver.o
      2450        204        446         84         84      29163   main.o
       132         22          0          0          0     253339   misc.o
        36          8        236          0       1024        868   startup_stm32f10x_md.o
       286          0          0          0          0       3120   stm32f10x_gpio.o
       730         52          0          0          0       5060   stm32f10x_it.o
       276         32          0         20          0       4526   stm32f10x_rcc.o
       294         42          0          0          0       5445   stm32f10x_tim.o
       442          6          0          0          0       6333   stm32f10x_usart.o
       328         28          0          0          0       1997   system_stm32f10x.o
       254         12          0          0          0     240216   timer.o
       242         16          0          0          0       2353   usart.o

    ----------------------------------------------------------------------
      7616        480        716        112       1624     569021   Object Totals
         0          0         32          0          0          0   (incl. Generated)
        14          0          2          2          0          0   (incl. Padding)

    ----------------------------------------------------------------------

      Code (inc. data)   RO Data    RW Data    ZI Data      Debug   Library Member Name

        56          8          0          0          0         84   __0sscanf.o
        28          0          0          0          0         68   _chval.o
       812          4          0          0          0        112   _scanf.o
       332          0          0          0          0         96   _scanf_int.o
        64          0          0          0          0         84   _sgetc.o
        40          6         64          0          0         68   ctype_c.o
         0          0          0          0          0          0   entry.o
         0          0          0          0          0          0   entry10a.o
         0          0          0          0          0          0   entry11a.o
         8          4          0          0          0          0   entry2.o
         4          0          0          0          0          0   entry5.o
         0          0          0          0          0          0   entry7b.o
         0          0          0          0          0          0   entry8b.o
         8          4          0          0          0          0   entry9a.o
        30          0          0          0          0          0   handlers.o
        36          8          0          0          0         68   init.o
        10          0          0          0          0         68   isspace_c.o
        36          0          0          0          0         68   memcpya.o
       264          6          0          0          0        244   printf2.o
        40          8          0          0          0         84   scanf_char.o

    ----------------------------------------------------------------------
      1772         48         64          0          0       1044   Library Totals
         4          0          0          0          0          0   (incl. Padding)

    ----------------------------------------------------------------------

      Code (inc. data)   RO Data    RW Data    ZI Data      Debug   Library Name

      1768         48         64          0          0       1044   mc_w.l

    ----------------------------------------------------------------------
      1772         48         64          0          0       1044   Library Totals

    ----------------------------------------------------------------------

==============================================================================


      Code (inc. data)   RO Data    RW Data    ZI Data      Debug   

      9388        528        780        112       1624     565173   Grand Totals
      9388        528        780        112       1624     565173   ELF Image Totals
      9388        528        780        112          0          0   ROM Totals

==============================================================================

    Total RO  Size (Code + RO Data)                10168 (   9.93kB)
    Total RW  Size (RW Data + ZI Data)              1736 (   1.70kB)
    Total ROM Size (Code + RO Data + RW Data)      10280 (  10.04kB)

==============================================================================

