Component: ARM Compiler 5.06 update 6 (build 750) Tool: armlink [4d35ed]

==============================================================================

Section Cross References

    startup_stm32f10x_md.o(RESET) refers to startup_stm32f10x_md.o(STACK) for __initial_sp
    startup_stm32f10x_md.o(RESET) refers to startup_stm32f10x_md.o(.text) for Reset_Handler
    startup_stm32f10x_md.o(RESET) refers to stm32f10x_it.o(i.NMI_Handler) for NMI_Handler
    startup_stm32f10x_md.o(RESET) refers to stm32f10x_it.o(i.HardFault_Handler) for HardFault_Handler
    startup_stm32f10x_md.o(RESET) refers to stm32f10x_it.o(i.MemManage_Handler) for MemManage_Handler
    startup_stm32f10x_md.o(RESET) refers to stm32f10x_it.o(i.BusFault_Handler) for BusFault_Handler
    startup_stm32f10x_md.o(RESET) refers to stm32f10x_it.o(i.UsageFault_Handler) for UsageFault_Handler
    startup_stm32f10x_md.o(RESET) refers to stm32f10x_it.o(i.SVC_Handler) for SVC_Handler
    startup_stm32f10x_md.o(RESET) refers to stm32f10x_it.o(i.DebugMon_Handler) for DebugMon_Handler
    startup_stm32f10x_md.o(RESET) refers to stm32f10x_it.o(i.PendSV_Handler) for PendSV_Handler
    startup_stm32f10x_md.o(RESET) refers to stm32f10x_it.o(i.SysTick_Handler) for SysTick_Handler
    startup_stm32f10x_md.o(RESET) refers to stm32f10x_it.o(i.USART1_IRQHandler) for USART1_IRQHandler
    startup_stm32f10x_md.o(RESET) refers to stm32f10x_it.o(i.USART3_IRQHandler) for USART3_IRQHandler
    startup_stm32f10x_md.o(.text) refers to system_stm32f10x.o(i.SystemInit) for SystemInit
    startup_stm32f10x_md.o(.text) refers to entry.o(.ARM.Collect$$$$00000000) for __main
    stm32f10x_adc.o(i.ADC_DeInit) refers to stm32f10x_rcc.o(i.RCC_APB2PeriphResetCmd) for RCC_APB2PeriphResetCmd
    stm32f10x_bkp.o(i.BKP_DeInit) refers to stm32f10x_rcc.o(i.RCC_BackupResetCmd) for RCC_BackupResetCmd
    stm32f10x_can.o(i.CAN_DeInit) refers to stm32f10x_rcc.o(i.RCC_APB1PeriphResetCmd) for RCC_APB1PeriphResetCmd
    stm32f10x_can.o(i.CAN_GetITStatus) refers to stm32f10x_can.o(i.CheckITStatus) for CheckITStatus
    stm32f10x_cec.o(i.CEC_DeInit) refers to stm32f10x_rcc.o(i.RCC_APB1PeriphResetCmd) for RCC_APB1PeriphResetCmd
    stm32f10x_dac.o(i.DAC_DeInit) refers to stm32f10x_rcc.o(i.RCC_APB1PeriphResetCmd) for RCC_APB1PeriphResetCmd
    stm32f10x_flash.o(i.FLASH_EnableWriteProtection) refers to stm32f10x_flash.o(i.FLASH_WaitForLastOperation) for FLASH_WaitForLastOperation
    stm32f10x_flash.o(i.FLASH_EraseAllBank1Pages) refers to stm32f10x_flash.o(i.FLASH_WaitForLastBank1Operation) for FLASH_WaitForLastBank1Operation
    stm32f10x_flash.o(i.FLASH_EraseAllPages) refers to stm32f10x_flash.o(i.FLASH_WaitForLastOperation) for FLASH_WaitForLastOperation
    stm32f10x_flash.o(i.FLASH_EraseOptionBytes) refers to stm32f10x_flash.o(i.FLASH_GetReadOutProtectionStatus) for FLASH_GetReadOutProtectionStatus
    stm32f10x_flash.o(i.FLASH_EraseOptionBytes) refers to stm32f10x_flash.o(i.FLASH_WaitForLastOperation) for FLASH_WaitForLastOperation
    stm32f10x_flash.o(i.FLASH_ErasePage) refers to stm32f10x_flash.o(i.FLASH_WaitForLastOperation) for FLASH_WaitForLastOperation
    stm32f10x_flash.o(i.FLASH_ProgramHalfWord) refers to stm32f10x_flash.o(i.FLASH_WaitForLastOperation) for FLASH_WaitForLastOperation
    stm32f10x_flash.o(i.FLASH_ProgramOptionByteData) refers to stm32f10x_flash.o(i.FLASH_WaitForLastOperation) for FLASH_WaitForLastOperation
    stm32f10x_flash.o(i.FLASH_ProgramWord) refers to stm32f10x_flash.o(i.FLASH_WaitForLastOperation) for FLASH_WaitForLastOperation
    stm32f10x_flash.o(i.FLASH_ReadOutProtection) refers to stm32f10x_flash.o(i.FLASH_WaitForLastOperation) for FLASH_WaitForLastOperation
    stm32f10x_flash.o(i.FLASH_UserOptionByteConfig) refers to stm32f10x_flash.o(i.FLASH_WaitForLastOperation) for FLASH_WaitForLastOperation
    stm32f10x_flash.o(i.FLASH_WaitForLastBank1Operation) refers to stm32f10x_flash.o(i.FLASH_GetBank1Status) for FLASH_GetBank1Status
    stm32f10x_flash.o(i.FLASH_WaitForLastOperation) refers to stm32f10x_flash.o(i.FLASH_GetBank1Status) for FLASH_GetBank1Status
    stm32f10x_gpio.o(i.GPIO_AFIODeInit) refers to stm32f10x_rcc.o(i.RCC_APB2PeriphResetCmd) for RCC_APB2PeriphResetCmd
    stm32f10x_gpio.o(i.GPIO_DeInit) refers to stm32f10x_rcc.o(i.RCC_APB2PeriphResetCmd) for RCC_APB2PeriphResetCmd
    stm32f10x_i2c.o(i.I2C_DeInit) refers to stm32f10x_rcc.o(i.RCC_APB1PeriphResetCmd) for RCC_APB1PeriphResetCmd
    stm32f10x_i2c.o(i.I2C_Init) refers to stm32f10x_rcc.o(i.RCC_GetClocksFreq) for RCC_GetClocksFreq
    stm32f10x_pwr.o(i.PWR_DeInit) refers to stm32f10x_rcc.o(i.RCC_APB1PeriphResetCmd) for RCC_APB1PeriphResetCmd
    stm32f10x_rcc.o(i.RCC_GetClocksFreq) refers to stm32f10x_rcc.o(.data) for APBAHBPrescTable
    stm32f10x_rcc.o(i.RCC_WaitForHSEStartUp) refers to stm32f10x_rcc.o(i.RCC_GetFlagStatus) for RCC_GetFlagStatus
    stm32f10x_rtc.o(i.RTC_SetAlarm) refers to stm32f10x_rtc.o(i.RTC_EnterConfigMode) for RTC_EnterConfigMode
[...]
    stm32f10x_tim.o(i.TIM_ITRxExternalClockConfig) refers to stm32f10x_tim.o(i.TIM_SelectInputTrigger) for TIM_SelectInputTrigger
    stm32f10x_tim.o(i.TIM_PWMIConfig) refers to stm32f10x_tim.o(i.TI1_Config) for TI1_Config
    stm32f10x_tim.o(i.TIM_PWMIConfig) refers to stm32f10x_tim.o(i.TIM_SetIC1Prescaler) for TIM_SetIC1Prescaler
    stm32f10x_tim.o(i.TIM_PWMIConfig) refers to stm32f10x_tim.o(i.TI2_Config) for TI2_Config
    stm32f10x_tim.o(i.TIM_PWMIConfig) refers to stm32f10x_tim.o(i.TIM_SetIC2Prescaler) for TIM_SetIC2Prescaler
    stm32f10x_tim.o(i.TIM_TIxExternalClockConfig) refers to stm32f10x_tim.o(i.TI2_Config) for TI2_Config
    stm32f10x_tim.o(i.TIM_TIxExternalClockConfig) refers to stm32f10x_tim.o(i.TI1_Config) for TI1_Config
    stm32f10x_tim.o(i.TIM_TIxExternalClockConfig) refers to stm32f10x_tim.o(i.TIM_SelectInputTrigger) for TIM_SelectInputTrigger
    stm32f10x_usart.o(i.USART_DeInit) refers to stm32f10x_rcc.o(i.RCC_APB2PeriphResetCmd) for RCC_APB2PeriphResetCmd
    stm32f10x_usart.o(i.USART_DeInit) refers to stm32f10x_rcc.o(i.RCC_APB1PeriphResetCmd) for RCC_APB1PeriphResetCmd
    stm32f10x_usart.o(i.USART_Init) refers to stm32f10x_rcc.o(i.RCC_GetClocksFreq) for RCC_GetClocksFreq
    stm32f10x_wwdg.o(i.WWDG_DeInit) refers to stm32f10x_rcc.o(i.RCC_APB1PeriphResetCmd) for RCC_APB1PeriphResetCmd
    system_stm32f10x.o(i.SetSysClock) refers to system_stm32f10x.o(i.SetSysClockTo72) for SetSysClockTo72
    system_stm32f10x.o(i.SystemCoreClockUpdate) refers to system_stm32f10x.o(.data) for SystemCoreClock
    system_stm32f10x.o(i.SystemInit) refers to system_stm32f10x.o(i.SetSysClock) for SetSysClock
    timer.o(i.TIMDelay_N10us) refers to stm32f10x_tim.o(i.TIM_Cmd) for TIM_Cmd
    timer.o(i.TIMDelay_N10us) refers to stm32f10x_tim.o(i.TIM_GetFlagStatus) for TIM_GetFlagStatus
    timer.o(i.TIMDelay_N10us) refers to stm32f10x_tim.o(i.TIM_ClearFlag) for TIM_ClearFlag
    timer.o(i.TIMDelay_Nms) refers to timer.o(i.TIMDelay_N10us) for TIMDelay_N10us
    timer.o(i.TIMER_Initializes) refers to stm32f10x_rcc.o(i.RCC_APB1PeriphClockCmd) for RCC_APB1PeriphClockCmd
    timer.o(i.TIMER_Initializes) refers to stm32f10x_tim.o(i.TIM_TimeBaseInit) for TIM_TimeBaseInit
    timer.o(i.TIMER_Initializes) refers to stm32f10x_tim.o(i.TIM_ARRPreloadConfig) for TIM_ARRPreloadConfig
    timer.o(i.TIMER_Initializes) refers to system_stm32f10x.o(.data) for SystemCoreClock
    bsp_rs485.o(i.NVIC_Configuration) refers to misc.o(i.NVIC_PriorityGroupConfig) for NVIC_PriorityGroupConfig
    bsp_rs485.o(i.NVIC_Configuration) refers to misc.o(i.NVIC_Init) for NVIC_Init
    bsp_rs485.o(i.UartASendStr) refers to stm32f10x_usart.o(i.USART_SendData) for USART_SendData
    bsp_rs485.o(i.rs485_Init) refers to stm32f10x_rcc.o(i.RCC_APB2PeriphClockCmd) for RCC_APB2PeriphClockCmd
    bsp_rs485.o(i.rs485_Init) refers to stm32f10x_rcc.o(i.RCC_APB1PeriphClockCmd) for RCC_APB1PeriphClockCmd
    bsp_rs485.o(i.rs485_Init) refers to stm32f10x_gpio.o(i.GPIO_Init) for GPIO_Init
    bsp_rs485.o(i.rs485_Init) refers to stm32f10x_usart.o(i.USART_ITConfig) for USART_ITConfig
    bsp_rs485.o(i.rs485_Init) refers to stm32f10x_usart.o(i.USART_Init) for USART_Init
    bsp_rs485.o(i.rs485_Init) refers to bsp_rs485.o(i.NVIC_Configuration) for NVIC_Configuration
    bsp_rs485.o(i.rs485_Init) refers to stm32f10x_usart.o(i.USART_Cmd) for USART_Cmd
    bsp_rs485.o(i.rs485_Init) refers to stm32f10x_gpio.o(i.GPIO_ResetBits) for GPIO_ResetBits
    usart.o(i.NVIC_Configuration) refers to misc.o(i.NVIC_PriorityGroupConfig) for NVIC_PriorityGroupConfig
    usart.o(i.NVIC_Configuration) refers to misc.o(i.NVIC_Init) for NVIC_Init
    usart.o(i.SendChar) refers to stm32f10x_usart.o(i.USART_SendData) for USART_SendData
    usart.o(i.SendChar) refers to stm32f10x_usart.o(i.USART_GetFlagStatus) for USART_GetFlagStatus
    usart.o(i.USART_Configuration) refers to stm32f10x_usart.o(i.USART_Init) for USART_Init
    usart.o(i.USART_Configuration) refers to stm32f10x_usart.o(i.USART_ITConfig) for USART_ITConfig
    usart.o(i.USART_Configuration) refers to stm32f10x_usart.o(i.USART_Cmd) for USART_Cmd
    usart.o(i.USART_GPIO_Configuration) refers to stm32f10x_rcc.o(i.RCC_APB2PeriphClockCmd) for RCC_APB2PeriphClockCmd
    usart.o(i.USART_GPIO_Configuration) refers to stm32f10x_gpio.o(i.GPIO_Init) for GPIO_Init
    usart.o(i.USART_Initializes) refers to usart.o(i.NVIC_Configuration) for NVIC_Configuration
    usart.o(i.USART_Initializes) refers to usart.o(i.USART_GPIO_Configuration) for USART_GPIO_Configuration
    usart.o(i.USART_Initializes) refers to usart.o(i.USART_Configuration) for USART_Configuration
    bsp_key.o(i.GPIO_Key_Configuration) refers to stm32f10x_rcc.o(i.RCC_APB2PeriphClockCmd) for RCC_APB2PeriphClockCmd
    bsp_key.o(i.GPIO_Key_Configuration) refers to stm32f10x_gpio.o(i.GPIO_Init) for GPIO_Init
    bsp_key.o(i.GPIO_Key_Configuration) refers to stm32f10x_gpio.o(i.GPIO_SetBits) for GPIO_SetBits
    bsp_key.o(i.Key_Scan) refers to stm32f10x_gpio.o(i.GPIO_ReadInputDataBit) for GPIO_ReadInputDataBit
    bsp_key.o(i.Key_Scan) refers to timer.o(i.TIMDelay_Nms) for TIMDelay_Nms
    bsp_key.o(i.Key_Scan) refers to main.o(.data) for KeyFlag
    cmd_queue.o(i.queue_find_cmd) refers to cmd_queue.o(i.queue_pop) for queue_pop
    cmd_queue.o(i.queue_find_cmd) refers to cmd_queue.o(i.queue_size) for queue_size
    cmd_queue.o(i.queue_find_cmd) refers to cmd_queue.o(.data) for cmd_pos
    cmd_queue.o(i.queue_pop) refers to cmd_queue.o(.bss) for que
    cmd_queue.o(i.queue_push) refers to cmd_queue.o(.bss) for que
    cmd_queue.o(i.queue_reset) refers to cmd_queue.o(.bss) for que
    cmd_queue.o(i.queue_reset) refers to cmd_queue.o(.data) for cmd_state
    cmd_queue.o(i.queue_size) refers to cmd_queue.o(.bss) for que
    hmi_driver.o(i.AnimationPause) refers to usart.o(i.SendChar) for SendChar
    hmi_driver.o(i.AnimationPlayFrame) refers to usart.o(i.SendChar) for SendChar
    hmi_driver.o(i.AnimationPlayNext) refers to usart.o(i.SendChar) for SendChar
    hmi_driver.o(i.AnimationPlayPrev) refers to usart.o(i.SendChar) for SendChar
    hmi_driver.o(i.AnimationStart) refers to usart.o(i.SendChar) for SendChar
    hmi_driver.o(i.AnimationStop) refers to usart.o(i.SendChar) for SendChar
    hmi_driver.o(i.BatchBegin) refers to usart.o(i.SendChar) for SendChar
    hmi_driver.o(i.BatchEnd) refers to usart.o(i.SendChar) for SendChar
    hmi_driver.o(i.BatchSetButtonValue) refers to usart.o(i.SendChar) for SendChar
    hmi_driver.o(i.BatchSetEnable) refers to usart.o(i.SendChar) for SendChar
    hmi_driver.o(i.BatchSetFrame) refers to usart.o(i.SendChar) for SendChar
    hmi_driver.o(i.BatchSetMeterValue) refers to usart.o(i.SendChar) for SendChar
    hmi_driver.o(i.BatchSetProgressValue) refers to usart.o(i.SendChar) for SendChar
    hmi_driver.o(i.BatchSetSliderValue) refers to usart.o(i.SendChar) for SendChar
    hmi_driver.o(i.BatchSetText) refers to usart.o(i.SendChar) for SendChar
    hmi_driver.o(i.BatchSetText) refers to hmi_driver.o(i.GetStringLen) for GetStringLen
    hmi_driver.o(i.BatchSetText) refers to hmi_driver.o(i.SendStrings) for SendStrings
    hmi_driver.o(i.BatchSetVisible) refers to usart.o(i.SendChar) for SendChar
    hmi_driver.o(i.CalibrateTouchPane) refers to usart.o(i.SendChar) for SendChar
    hmi_driver.o(i.ClearLayer) refers to usart.o(i.SendChar) for SendChar
    hmi_driver.o(i.ColorPicker) refers to usart.o(i.SendChar) for SendChar
    hmi_driver.o(i.CopyLayer) refers to usart.o(i.SendChar) for SendChar
    hmi_driver.o(i.DisArea_Image) refers to usart.o(i.SendChar) for SendChar
    hmi_driver.o(i.DisCursor) refers to usart.o(i.SendChar) for SendChar
    hmi_driver.o(i.DisCut_Image) refers to usart.o(i.SendChar) for SendChar
    hmi_driver.o(i.DisFlashImage) refers to usart.o(i.SendChar) for SendChar
    hmi_driver.o(i.DisFull_Image) refers to usart.o(i.SendChar) for SendChar
    hmi_driver.o(i.DisText) refers to usart.o(i.SendChar) for SendChar
    hmi_driver.o(i.DisText) refers to hmi_driver.o(i.SendStrings) for SendStrings
    hmi_driver.o(i.DisplyLayer) refers to usart.o(i.SendChar) for SendChar
    hmi_driver.o(i.FlashBeginSaveControl) refers to usart.o(i.SendChar) for SendChar
    hmi_driver.o(i.FlashEndSaveControl) refers to usart.o(i.SendChar) for SendChar
    hmi_driver.o(i.FlashRestoreControl) refers to usart.o(i.SendChar) for SendChar
    hmi_driver.o(i.FlashSaveControl) refers to usart.o(i.SendChar) for SendChar
    hmi_driver.o(i.GUI_Arc) refers to usart.o(i.SendChar) for SendChar
    hmi_driver.o(i.GUI_AreaInycolor) refers to usart.o(i.SendChar) for SendChar
    hmi_driver.o(i.GUI_BcolorConDots) refers to usart.o(i.SendChar) for SendChar
    hmi_driver.o(i.GUI_BcolorConDots) refers to hmi_driver.o(i.SendNU16) for SendNU16
    hmi_driver.o(i.GUI_BcolorConOffsetDots) refers to usart.o(i.SendChar) for SendChar
    hmi_driver.o(i.GUI_BcolorConOffsetDots) refers to hmi_driver.o(i.SendNU16) for SendNU16
    hmi_driver.o(i.GUI_Circle) refers to usart.o(i.SendChar) for SendChar
    hmi_driver.o(i.GUI_CircleFill) refers to usart.o(i.SendChar) for SendChar
    hmi_driver.o(i.GUI_CleanScreen) refers to usart.o(i.SendChar) for SendChar
    hmi_driver.o(i.GUI_ConDots) refers to usart.o(i.SendChar) for SendChar
    hmi_driver.o(i.GUI_ConDots) refers to hmi_driver.o(i.SendNU16) for SendNU16
    hmi_driver.o(i.GUI_ConSpaceDots) refers to usart.o(i.SendChar) for SendChar
    hmi_driver.o(i.GUI_ConSpaceDots) refers to hmi_driver.o(i.SendNU16) for SendNU16
    hmi_driver.o(i.GUI_DispRTC) refers to usart.o(i.SendChar) for SendChar
    hmi_driver.o(i.GUI_Dot) refers to usart.o(i.SendChar) for SendChar
    hmi_driver.o(i.GUI_Ellipse) refers to usart.o(i.SendChar) for SendChar
    hmi_driver.o(i.GUI_EllipseFill) refers to usart.o(i.SendChar) for SendChar
    hmi_driver.o(i.GUI_FcolorConDots) refers to usart.o(i.SendChar) for SendChar
    hmi_driver.o(i.GUI_FcolorConDots) refers to hmi_driver.o(i.SendNU16) for SendNU16
    hmi_driver.o(i.GUI_FcolorConOffsetDots) refers to usart.o(i.SendChar) for SendChar
    hmi_driver.o(i.GUI_FcolorConOffsetDots) refers to hmi_driver.o(i.SendNU16) for SendNU16
    hmi_driver.o(i.GUI_Line) refers to usart.o(i.SendChar) for SendChar
    hmi_driver.o(i.GUI_Rectangle) refers to usart.o(i.SendChar) for SendChar
    hmi_driver.o(i.GUI_RectangleFill) refers to usart.o(i.SendChar) for SendChar
    hmi_driver.o(i.GetControlValue) refers to usart.o(i.SendChar) for SendChar
    hmi_driver.o(i.GetScreen) refers to usart.o(i.SendChar) for SendChar
    hmi_driver.o(i.GraphChannelAdd) refers to usart.o(i.SendChar) for SendChar
    hmi_driver.o(i.GraphChannelDataAdd) refers to usart.o(i.SendChar) for SendChar
    hmi_driver.o(i.GraphChannelDataAdd) refers to hmi_driver.o(i.SendNU8) for SendNU8
    hmi_driver.o(i.GraphChannelDataClear) refers to usart.o(i.SendChar) for SendChar
    hmi_driver.o(i.GraphChannelDel) refers to usart.o(i.SendChar) for SendChar
    hmi_driver.o(i.GraphSetViewport) refers to usart.o(i.SendChar) for SendChar
    hmi_driver.o(i.HistoryGraph_EnableSampling) refers to usart.o(i.SendChar) for SendChar
    hmi_driver.o(i.HistoryGraph_SetTimeFullScreen) refers to usart.o(i.SendChar) for SendChar
    hmi_driver.o(i.HistoryGraph_SetTimeLength) refers to usart.o(i.SendChar) for SendChar
    hmi_driver.o(i.HistoryGraph_SetTimeZoom) refers to usart.o(i.SendChar) for SendChar
    hmi_driver.o(i.HistoryGraph_SetValueFloat) refers to usart.o(i.SendChar) for SendChar
    hmi_driver.o(i.HistoryGraph_SetValueInt16) refers to usart.o(i.SendChar) for SendChar
    hmi_driver.o(i.HistoryGraph_SetValueInt16) refers to hmi_driver.o(i.SendNU16) for SendNU16
    hmi_driver.o(i.HistoryGraph_SetValueInt32) refers to usart.o(i.SendChar) for SendChar
    hmi_driver.o(i.HistoryGraph_SetValueInt8) refers to usart.o(i.SendChar) for SendChar
    hmi_driver.o(i.HistoryGraph_SetValueInt8) refers to hmi_driver.o(i.SendNU8) for SendNU8
    hmi_driver.o(i.HistoryGraph_ShowChannel) refers to usart.o(i.SendChar) for SendChar
    hmi_driver.o(i.LockDeviceConfig) refers to usart.o(i.SendChar) for SendChar
    hmi_driver.o(i.PauseTimer) refers to usart.o(i.SendChar) for SendChar
    hmi_driver.o(i.PlayMusic) refers to usart.o(i.SendChar) for SendChar
    hmi_driver.o(i.ReadRTC) refers to usart.o(i.SendChar) for SendChar
    hmi_driver.o(i.ReadUserFlash) refers to usart.o(i.SendChar) for SendChar
    hmi_driver.o(i.Record_Add) refers to usart.o(i.SendChar) for SendChar
    hmi_driver.o(i.Record_Add) refers to hmi_driver.o(i.SendStrings) for SendStrings
    hmi_driver.o(i.Record_Clear) refers to usart.o(i.SendChar) for SendChar
    hmi_driver.o(i.Record_GetCount) refers to usart.o(i.SendChar) for SendChar
    hmi_driver.o(i.Record_ResetEvent) refers to usart.o(i.SendChar) for SendChar
    hmi_driver.o(i.Record_SetEvent) refers to usart.o(i.SendChar) for SendChar
    hmi_driver.o(i.Record_SetOffset) refers to usart.o(i.SendChar) for SendChar
    hmi_driver.o(i.SeTimer) refers to usart.o(i.SendChar) for SendChar
    hmi_driver.o(i.SendNU16) refers to usart.o(i.SendChar) for SendChar
    hmi_driver.o(i.SendNU8) refers to usart.o(i.SendChar) for SendChar
    hmi_driver.o(i.SendStrings) refers to usart.o(i.SendChar) for SendChar
    hmi_driver.o(i.SetBackLight) refers to usart.o(i.SendChar) for SendChar
    hmi_driver.o(i.SetBcolor) refers to usart.o(i.SendChar) for SendChar
    hmi_driver.o(i.SetButtonValue) refers to usart.o(i.SendChar) for SendChar
    hmi_driver.o(i.SetBuzzer) refers to usart.o(i.SendChar) for SendChar
    hmi_driver.o(i.SetCommBps) refers to usart.o(i.SendChar) for SendChar
    hmi_driver.o(i.SetControlBackColor) refers to usart.o(i.SendChar) for SendChar
    hmi_driver.o(i.SetControlEnable) refers to usart.o(i.SendChar) for SendChar
    hmi_driver.o(i.SetControlFocus) refers to usart.o(i.SendChar) for SendChar
    hmi_driver.o(i.SetControlForeColor) refers to usart.o(i.SendChar) for SendChar
    hmi_driver.o(i.SetControlVisiable) refers to usart.o(i.SendChar) for SendChar
    hmi_driver.o(i.SetFcolor) refers to usart.o(i.SendChar) for SendChar
    hmi_driver.o(i.SetFilterColor) refers to usart.o(i.SendChar) for SendChar
    hmi_driver.o(i.SetFont_Region) refers to usart.o(i.SendChar) for SendChar
    hmi_driver.o(i.SetHandShake) refers to usart.o(i.SendChar) for SendChar
    hmi_driver.o(i.SetLanguage) refers to usart.o(i.SendChar) for SendChar
    hmi_driver.o(i.SetMeterValue) refers to usart.o(i.SendChar) for SendChar
    hmi_driver.o(i.SetPowerSaving) refers to usart.o(i.SendChar) for SendChar
    hmi_driver.o(i.SetProgressValue) refers to usart.o(i.SendChar) for SendChar
    hmi_driver.o(i.SetScreen) refers to usart.o(i.SendChar) for SendChar
    hmi_driver.o(i.SetScreenUpdateEnable) refers to usart.o(i.SendChar) for SendChar
    hmi_driver.o(i.SetSelectorValue) refers to usart.o(i.SendChar) for SendChar
    hmi_driver.o(i.SetSliderValue) refers to usart.o(i.SendChar) for SendChar
    hmi_driver.o(i.SetTextFloat) refers to usart.o(i.SendChar) for SendChar
    hmi_driver.o(i.SetTextInt32) refers to usart.o(i.SendChar) for SendChar
    hmi_driver.o(i.SetTextSpace) refers to usart.o(i.SendChar) for SendChar
    hmi_driver.o(i.SetTextValue) refers to usart.o(i.SendChar) for SendChar
    hmi_driver.o(i.SetTextValue) refers to hmi_driver.o(i.SendStrings) for SendStrings
    hmi_driver.o(i.SetTouchPaneOption) refers to usart.o(i.SendChar) for SendChar
    hmi_driver.o(i.Set_picMeterValue) refers to usart.o(i.SendChar) for SendChar
    hmi_driver.o(i.ShowKeyboard) refers to usart.o(i.SendChar) for SendChar
    hmi_driver.o(i.ShowPopupMenu) refers to usart.o(i.SendChar) for SendChar
    hmi_driver.o(i.StartTimer) refers to usart.o(i.SendChar) for SendChar
    hmi_driver.o(i.StopTimer) refers to usart.o(i.SendChar) for SendChar
    hmi_driver.o(i.TestTouchPane) refers to usart.o(i.SendChar) for SendChar
    hmi_driver.o(i.UnlockDeviceConfig) refers to usart.o(i.SendChar) for SendChar
    hmi_driver.o(i.WriteLayer) refers to usart.o(i.SendChar) for SendChar
    hmi_driver.o(i.WriteUserFlash) refers to usart.o(i.SendChar) for SendChar
    hmi_driver.o(i.WriteUserFlash) refers to hmi_driver.o(i.SendNU8) for SendNU8
    main.o(i.main) refers to timer.o(i.TIMER_Initializes) for TIMER_Initializes
    main.o(i.main) refers to bsp_rs485.o(i.rs485_Init) for rs485_Init
    main.o(i.main) refers to usart.o(i.USART_Initializes) for USART_Initializes
    main.o(i.main) refers to bsp_key.o(i.GPIO_Key_Configuration) for GPIO_Key_Configuration
    main.o(i.main) refers to cmd_queue.o(i.queue_reset) for queue_reset
    main.o(i.main) refers to timer.o(i.TIMDelay_Nms) for TIMDelay_Nms
    stm32f10x_it.o(i.USART1_IRQHandler) refers to stm32f10x_usart.o(i.USART_GetITStatus) for USART_GetITStatus
    stm32f10x_it.o(i.USART1_IRQHandler) refers to stm32f10x_usart.o(i.USART_ReceiveData) for USART_ReceiveData
    stm32f10x_it.o(i.USART1_IRQHandler) refers to cmd_queue.o(i.queue_push) for queue_push
    stm32f10x_it.o(i.USART3_IRQHandler) refers to stm32f10x_usart.o(i.USART_GetITStatus) for USART_GetITStatus
    stm32f10x_it.o(i.USART3_IRQHandler) refers to stm32f10x_usart.o(i.USART_ReceiveData) for USART_ReceiveData
    stm32f10x_it.o(i.USART3_IRQHandler) refers to stm32f10x_usart.o(i.USART_SendData) for USART_SendData
    stm32f10x_it.o(i.USART3_IRQHandler) refers to stm32f10x_usart.o(i.USART_GetFlagStatus) for USART_GetFlagStatus
    stm32f10x_it.o(i.USART3_IRQHandler) refers to stm32f10x_usart.o(i.USART_ITConfig) for USART_ITConfig
    stm32f10x_it.o(i.USART3_IRQHandler) refers to stm32f10x_gpio.o(i.GPIO_ResetBits) for GPIO_ResetBits
    stm32f10x_it.o(i.USART3_IRQHandler) refers to main.o(.data) for RxLen
    stm32f10x_it.o(i.USART3_IRQHandler) refers to main.o(.bss) for PhdataArr
    entry.o(.ARM.Collect$$$$00000000) refers (Special) to entry10a.o(.ARM.Collect$$$$0000000D) for __rt_final_cpp
    entry.o(.ARM.Collect$$$$00000000) refers (Special) to entry11a.o(.ARM.Collect$$$$0000000F) for __rt_final_exit
    entry.o(.ARM.Collect$$$$00000000) refers (Special) to entry7b.o(.ARM.Collect$$$$00000008) for _main_clock
    entry.o(.ARM.Collect$$$$00000000) refers (Special) to entry8b.o(.ARM.Collect$$$$0000000A) for _main_cpp_init
    entry.o(.ARM.Collect$$$$00000000) refers (Special) to entry9a.o(.ARM.Collect$$$$0000000B) for _main_init
    entry.o(.ARM.Collect$$$$00000000) refers (Special) to entry5.o(.ARM.Collect$$$$00000004) for _main_scatterload
    entry.o(.ARM.Collect$$$$00000000) refers (Special) to entry2.o(.ARM.Collect$$$$00000001) for _main_stk
    entry2.o(.ARM.Collect$$$$00000001) refers to entry2.o(.ARM.Collect$$$$00002712) for __lit__00000000
    entry2.o(.ARM.Collect$$$$00002712) refers to startup_stm32f10x_md.o(STACK) for __initial_sp
    entry2.o(__vectab_stack_and_reset_area) refers to startup_stm32f10x_md.o(STACK) for __initial_sp
    entry2.o(__vectab_stack_and_reset_area) refers to entry.o(.ARM.Collect$$$$00000000) for __main
    entry5.o(.ARM.Collect$$$$00000004) refers to init.o(.text) for __scatterload
    entry9a.o(.ARM.Collect$$$$0000000B) refers to main.o(i.main) for main
    entry9b.o(.ARM.Collect$$$$0000000C) refers to main.o(i.main) for main
    init.o(.text) refers to entry5.o(.ARM.Collect$$$$00000004) for __main_after_scatterload


==============================================================================

Removing Unused input sections from the image.

    Removing startup_stm32f10x_md.o(HEAP), (512 bytes).
    Removing misc.o(i.NVIC_SetVectorTable), (20 bytes).
    Removing misc.o(i.NVIC_SystemLPConfig), (32 bytes).
    Removing misc.o(i.SysTick_CLKSourceConfig), (40 bytes).
    Removing stm32f10x_adc.o(i.ADC_AnalogWatchdogCmd), (20 bytes).
    Removing stm32f10x_adc.o(i.ADC_AnalogWatchdogSingleChannelConfig), (16 bytes).
    Removing stm32f10x_adc.o(i.ADC_AnalogWatchdogThresholdsConfig), (6 bytes).
    Removing stm32f10x_adc.o(i.ADC_AutoInjectedConvCmd), (22 bytes).
    Removing stm32f10x_adc.o(i.ADC_ClearFlag), (6 bytes).
    Removing stm32f10x_adc.o(i.ADC_ClearITPendingBit), (10 bytes).
    Removing stm32f10x_adc.o(i.ADC_Cmd), (22 bytes).
    Removing stm32f10x_adc.o(i.ADC_DMACmd), (22 bytes).
    Removing stm32f10x_adc.o(i.ADC_DeInit), (92 bytes).
    Removing stm32f10x_adc.o(i.ADC_DiscModeChannelCountConfig), (24 bytes).
    Removing stm32f10x_adc.o(i.ADC_DiscModeCmd), (22 bytes).
    Removing stm32f10x_adc.o(i.ADC_ExternalTrigConvCmd), (22 bytes).
    Removing stm32f10x_adc.o(i.ADC_ExternalTrigInjectedConvCmd), (22 bytes).
    Removing stm32f10x_adc.o(i.ADC_ExternalTrigInjectedConvConfig), (16 bytes).
    Removing stm32f10x_adc.o(i.ADC_GetCalibrationStatus), (20 bytes).
    Removing stm32f10x_adc.o(i.ADC_GetConversionValue), (8 bytes).
    Removing stm32f10x_adc.o(i.ADC_GetDualModeConversionValue), (12 bytes).
    Removing stm32f10x_adc.o(i.ADC_GetFlagStatus), (18 bytes).
    Removing stm32f10x_adc.o(i.ADC_GetITStatus), (36 bytes).
    Removing stm32f10x_adc.o(i.ADC_GetInjectedConversionValue), (28 bytes).
    Removing stm32f10x_adc.o(i.ADC_GetResetCalibrationStatus), (20 bytes).
    Removing stm32f10x_adc.o(i.ADC_GetSoftwareStartConvStatus), (20 bytes).
    Removing stm32f10x_adc.o(i.ADC_GetSoftwareStartInjectedConvCmdStatus), (20 bytes).
    Removing stm32f10x_adc.o(i.ADC_ITConfig), (24 bytes).
    Removing stm32f10x_adc.o(i.ADC_Init), (80 bytes).
    Removing stm32f10x_adc.o(i.ADC_InjectedChannelConfig), (130 bytes).
    Removing stm32f10x_adc.o(i.ADC_InjectedDiscModeCmd), (22 bytes).
    Removing stm32f10x_adc.o(i.ADC_InjectedSequencerLengthConfig), (24 bytes).
    Removing stm32f10x_adc.o(i.ADC_RegularChannelConfig), (184 bytes).
    Removing stm32f10x_adc.o(i.ADC_ResetCalibration), (10 bytes).
    Removing stm32f10x_adc.o(i.ADC_SetInjectedOffset), (20 bytes).
    Removing stm32f10x_adc.o(i.ADC_SoftwareStartConvCmd), (22 bytes).
    Removing stm32f10x_adc.o(i.ADC_SoftwareStartInjectedConvCmd), (22 bytes).
    Removing stm32f10x_adc.o(i.ADC_StartCalibration), (10 bytes).
    Removing stm32f10x_adc.o(i.ADC_StructInit), (18 bytes).
    Removing stm32f10x_adc.o(i.ADC_TempSensorVrefintCmd), (36 bytes).
    Removing stm32f10x_bkp.o(i.BKP_ClearFlag), (20 bytes).
    Removing stm32f10x_bkp.o(i.BKP_ClearITPendingBit), (20 bytes).
    Removing stm32f10x_bkp.o(i.BKP_DeInit), (16 bytes).
    Removing stm32f10x_bkp.o(i.BKP_GetFlagStatus), (12 bytes).
    Removing stm32f10x_bkp.o(i.BKP_GetITStatus), (12 bytes).
    Removing stm32f10x_bkp.o(i.BKP_ITConfig), (12 bytes).
    Removing stm32f10x_bkp.o(i.BKP_RTCOutputConfig), (28 bytes).
    Removing stm32f10x_bkp.o(i.BKP_ReadBackupRegister), (28 bytes).
    Removing stm32f10x_bkp.o(i.BKP_SetRTCCalibrationValue), (28 bytes).
    Removing stm32f10x_bkp.o(i.BKP_TamperPinCmd), (12 bytes).
    Removing stm32f10x_bkp.o(i.BKP_TamperPinLevelConfig), (12 bytes).
    Removing stm32f10x_bkp.o(i.BKP_WriteBackupRegister), (28 bytes).
    Removing stm32f10x_can.o(i.CAN_CancelTransmit), (48 bytes).
    Removing stm32f10x_can.o(i.CAN_ClearFlag), (56 bytes).
    Removing stm32f10x_can.o(i.CAN_ClearITPendingBit), (168 bytes).
    Removing stm32f10x_can.o(i.CAN_DBGFreeze), (22 bytes).
    Removing stm32f10x_can.o(i.CAN_DeInit), (56 bytes).
    Removing stm32f10x_can.o(i.CAN_FIFORelease), (22 bytes).
    Removing stm32f10x_can.o(i.CAN_FilterInit), (264 bytes).
    Removing stm32f10x_can.o(i.CAN_GetFlagStatus), (120 bytes).
    Removing stm32f10x_can.o(i.CAN_GetITStatus), (288 bytes).
    Removing stm32f10x_can.o(i.CAN_GetLSBTransmitErrorCounter), (12 bytes).
    Removing stm32f10x_can.o(i.CAN_GetLastErrorCode), (12 bytes).
    Removing stm32f10x_can.o(i.CAN_GetReceiveErrorCounter), (10 bytes).
    Removing stm32f10x_can.o(i.CAN_ITConfig), (18 bytes).
    Removing stm32f10x_can.o(i.CAN_Init), (276 bytes).
    Removing stm32f10x_can.o(i.CAN_MessagePending), (30 bytes).
    Removing stm32f10x_can.o(i.CAN_OperatingModeRequest), (162 bytes).
    Removing stm32f10x_can.o(i.CAN_Receive), (240 bytes).
    Removing stm32f10x_can.o(i.CAN_SlaveStartBank), (52 bytes).
    Removing stm32f10x_can.o(i.CAN_Sleep), (30 bytes).
    Removing stm32f10x_can.o(i.CAN_StructInit), (32 bytes).
    Removing stm32f10x_can.o(i.CAN_TTComModeCmd), (118 bytes).
    Removing stm32f10x_can.o(i.CAN_Transmit), (294 bytes).
    Removing stm32f10x_can.o(i.CAN_TransmitStatus), (160 bytes).
    Removing stm32f10x_can.o(i.CAN_WakeUp), (48 bytes).
    Removing stm32f10x_can.o(i.CheckITStatus), (18 bytes).
    Removing stm32f10x_cec.o(i.CEC_ClearFlag), (36 bytes).
    Removing stm32f10x_cec.o(i.CEC_ClearITPendingBit), (36 bytes).
    Removing stm32f10x_cec.o(i.CEC_Cmd), (32 bytes).
    Removing stm32f10x_cec.o(i.CEC_DeInit), (22 bytes).
    Removing stm32f10x_cec.o(i.CEC_EndOfMessageCmd), (12 bytes).
    Removing stm32f10x_cec.o(i.CEC_GetFlagStatus), (48 bytes).
    Removing stm32f10x_cec.o(i.CEC_GetITStatus), (40 bytes).
    Removing stm32f10x_cec.o(i.CEC_ITConfig), (12 bytes).
    Removing stm32f10x_cec.o(i.CEC_Init), (32 bytes).
    Removing stm32f10x_cec.o(i.CEC_OwnAddressConfig), (12 bytes).
    Removing stm32f10x_cec.o(i.CEC_ReceiveDataByte), (12 bytes).
    Removing stm32f10x_cec.o(i.CEC_SendDataByte), (12 bytes).
    Removing stm32f10x_cec.o(i.CEC_SetPrescaler), (12 bytes).
    Removing stm32f10x_cec.o(i.CEC_StartOfMessage), (12 bytes).
    Removing stm32f10x_crc.o(i.CRC_CalcBlockCRC), (36 bytes).
    Removing stm32f10x_crc.o(i.CRC_CalcCRC), (16 bytes).
    Removing stm32f10x_crc.o(i.CRC_GetCRC), (12 bytes).
    Removing stm32f10x_crc.o(i.CRC_GetIDRegister), (12 bytes).
    Removing stm32f10x_crc.o(i.CRC_ResetDR), (12 bytes).
    Removing stm32f10x_crc.o(i.CRC_SetIDRegister), (12 bytes).
    Removing stm32f10x_dac.o(i.DAC_Cmd), (40 bytes).
    Removing stm32f10x_dac.o(i.DAC_DMACmd), (44 bytes).
    Removing stm32f10x_dac.o(i.DAC_DeInit), (22 bytes).
    Removing stm32f10x_dac.o(i.DAC_DualSoftwareTriggerCmd), (36 bytes).
    Removing stm32f10x_dac.o(i.DAC_GetDataOutputValue), (36 bytes).
    Removing stm32f10x_dac.o(i.DAC_Init), (52 bytes).
    Removing stm32f10x_dac.o(i.DAC_SetChannel1Data), (32 bytes).
    Removing stm32f10x_dac.o(i.DAC_SetChannel2Data), (32 bytes).
    Removing stm32f10x_dac.o(i.DAC_SetDualChannelData), (36 bytes).
    Removing stm32f10x_dac.o(i.DAC_SoftwareTriggerCmd), (44 bytes).
    Removing stm32f10x_dac.o(i.DAC_StructInit), (12 bytes).
    Removing stm32f10x_dac.o(i.DAC_WaveGenerationCmd), (40 bytes).
    Removing stm32f10x_dbgmcu.o(i.DBGMCU_Config), (32 bytes).
    Removing stm32f10x_dbgmcu.o(i.DBGMCU_GetDEVID), (16 bytes).
    Removing stm32f10x_dbgmcu.o(i.DBGMCU_GetREVID), (12 bytes).
    Removing stm32f10x_dma.o(i.DMA_ClearFlag), (28 bytes).
    Removing stm32f10x_dma.o(i.DMA_ClearITPendingBit), (28 bytes).
    Removing stm32f10x_dma.o(i.DMA_Cmd), (24 bytes).
    Removing stm32f10x_dma.o(i.DMA_DeInit), (332 bytes).
    Removing stm32f10x_dma.o(i.DMA_GetCurrDataCounter), (8 bytes).
    Removing stm32f10x_dma.o(i.DMA_GetFlagStatus), (44 bytes).
    Removing stm32f10x_dma.o(i.DMA_GetITStatus), (44 bytes).
    Removing stm32f10x_dma.o(i.DMA_ITConfig), (18 bytes).
    Removing stm32f10x_dma.o(i.DMA_Init), (60 bytes).
    Removing stm32f10x_dma.o(i.DMA_SetCurrDataCounter), (4 bytes).
    Removing stm32f10x_dma.o(i.DMA_StructInit), (26 bytes).
    Removing stm32f10x_exti.o(i.EXTI_ClearFlag), (12 bytes).
    Removing stm32f10x_exti.o(i.EXTI_ClearITPendingBit), (12 bytes).
    Removing stm32f10x_exti.o(i.EXTI_DeInit), (36 bytes).
    Removing stm32f10x_exti.o(i.EXTI_GenerateSWInterrupt), (16 bytes).
    Removing stm32f10x_exti.o(i.EXTI_GetFlagStatus), (24 bytes).
    Removing stm32f10x_exti.o(i.EXTI_GetITStatus), (40 bytes).
    Removing stm32f10x_exti.o(i.EXTI_Init), (148 bytes).
    Removing stm32f10x_exti.o(i.EXTI_StructInit), (16 bytes).
    Removing stm32f10x_flash.o(i.FLASH_ClearFlag), (12 bytes).
    Removing stm32f10x_flash.o(i.FLASH_EnableWriteProtection), (196 bytes).
    Removing stm32f10x_flash.o(i.FLASH_EraseAllBank1Pages), (72 bytes).
    Removing stm32f10x_flash.o(i.FLASH_EraseAllPages), (72 bytes).
    Removing stm32f10x_flash.o(i.FLASH_EraseOptionBytes), (168 bytes).
    Removing stm32f10x_flash.o(i.FLASH_ErasePage), (76 bytes).
    Removing stm32f10x_flash.o(i.FLASH_GetBank1Status), (52 bytes).
    Removing stm32f10x_flash.o(i.FLASH_GetFlagStatus), (48 bytes).
    Removing stm32f10x_flash.o(i.FLASH_GetPrefetchBufferStatus), (24 bytes).
    Removing stm32f10x_flash.o(i.FLASH_GetReadOutProtectionStatus), (24 bytes).
    Removing stm32f10x_flash.o(i.FLASH_GetStatus), (52 bytes).
    Removing stm32f10x_flash.o(i.FLASH_GetUserOptionByte), (12 bytes).
    Removing stm32f10x_flash.o(i.FLASH_GetWriteProtectionOptionByte), (12 bytes).
    Removing stm32f10x_flash.o(i.FLASH_HalfCycleAccessCmd), (28 bytes).
    Removing stm32f10x_flash.o(i.FLASH_ITConfig), (32 bytes).
    Removing stm32f10x_flash.o(i.FLASH_Lock), (20 bytes).
    Removing stm32f10x_flash.o(i.FLASH_LockBank1), (20 bytes).
    Removing stm32f10x_flash.o(i.FLASH_PrefetchBufferCmd), (28 bytes).
    Removing stm32f10x_flash.o(i.FLASH_ProgramHalfWord), (64 bytes).
    Removing stm32f10x_flash.o(i.FLASH_ProgramOptionByteData), (84 bytes).
    Removing stm32f10x_flash.o(i.FLASH_ProgramWord), (108 bytes).
    Removing stm32f10x_flash.o(i.FLASH_ReadOutProtection), (172 bytes).
    Removing stm32f10x_flash.o(i.FLASH_SetLatency), (24 bytes).
    Removing stm32f10x_flash.o(i.FLASH_Unlock), (24 bytes).
    Removing stm32f10x_flash.o(i.FLASH_UnlockBank1), (24 bytes).
    Removing stm32f10x_flash.o(i.FLASH_UserOptionByteConfig), (104 bytes).
    Removing stm32f10x_flash.o(i.FLASH_WaitForLastBank1Operation), (38 bytes).
    Removing stm32f10x_flash.o(i.FLASH_WaitForLastOperation), (38 bytes).
    Removing stm32f10x_fsmc.o(i.FSMC_ClearFlag), (64 bytes).
    Removing stm32f10x_fsmc.o(i.FSMC_ClearITPendingBit), (72 bytes).
    Removing stm32f10x_fsmc.o(i.FSMC_GetECC), (28 bytes).
    Removing stm32f10x_fsmc.o(i.FSMC_GetFlagStatus), (56 bytes).
    Removing stm32f10x_fsmc.o(i.FSMC_GetITStatus), (68 bytes).
    Removing stm32f10x_fsmc.o(i.FSMC_ITConfig), (128 bytes).
    Removing stm32f10x_fsmc.o(i.FSMC_NANDCmd), (92 bytes).
    Removing stm32f10x_fsmc.o(i.FSMC_NANDDeInit), (68 bytes).
    Removing stm32f10x_fsmc.o(i.FSMC_NANDECCCmd), (92 bytes).
    Removing stm32f10x_fsmc.o(i.FSMC_NANDInit), (136 bytes).
    Removing stm32f10x_fsmc.o(i.FSMC_NANDStructInit), (54 bytes).
    Removing stm32f10x_fsmc.o(i.FSMC_NORSRAMCmd), (52 bytes).
    Removing stm32f10x_fsmc.o(i.FSMC_NORSRAMDeInit), (54 bytes).
    Removing stm32f10x_fsmc.o(i.FSMC_NORSRAMInit), (230 bytes).
    Removing stm32f10x_fsmc.o(i.FSMC_NORSRAMStructInit), (114 bytes).
    Removing stm32f10x_fsmc.o(i.FSMC_PCCARDCmd), (48 bytes).
    Removing stm32f10x_fsmc.o(i.FSMC_PCCARDDeInit), (40 bytes).
    Removing stm32f10x_fsmc.o(i.FSMC_PCCARDInit), (132 bytes).
    Removing stm32f10x_fsmc.o(i.FSMC_PCCARDStructInit), (60 bytes).
    Removing stm32f10x_gpio.o(i.GPIO_AFIODeInit), (20 bytes).
    Removing stm32f10x_gpio.o(i.GPIO_DeInit), (200 bytes).
    Removing stm32f10x_gpio.o(i.GPIO_ETH_MediaInterfaceConfig), (12 bytes).
    Removing stm32f10x_gpio.o(i.GPIO_EXTILineConfig), (64 bytes).
    Removing stm32f10x_gpio.o(i.GPIO_EventOutputCmd), (12 bytes).
    Removing stm32f10x_gpio.o(i.GPIO_EventOutputConfig), (32 bytes).
    Removing stm32f10x_gpio.o(i.GPIO_PinLockConfig), (18 bytes).
    Removing stm32f10x_gpio.o(i.GPIO_PinRemapConfig), (144 bytes).
    Removing stm32f10x_gpio.o(i.GPIO_ReadInputData), (8 bytes).
    Removing stm32f10x_gpio.o(i.GPIO_ReadInputDataBit), (18 bytes).
    Removing stm32f10x_gpio.o(i.GPIO_ReadOutputData), (8 bytes).
    Removing stm32f10x_gpio.o(i.GPIO_ReadOutputDataBit), (18 bytes).
    Removing stm32f10x_gpio.o(i.GPIO_StructInit), (16 bytes).
    Removing stm32f10x_gpio.o(i.GPIO_Write), (4 bytes).
    Removing stm32f10x_gpio.o(i.GPIO_WriteBit), (10 bytes).
    Removing stm32f10x_i2c.o(i.I2C_ARPCmd), (24 bytes).
    Removing stm32f10x_i2c.o(i.I2C_AcknowledgeConfig), (24 bytes).
    Removing stm32f10x_i2c.o(i.I2C_CalculatePEC), (24 bytes).
    Removing stm32f10x_i2c.o(i.I2C_CheckEvent), (42 bytes).
    Removing stm32f10x_i2c.o(i.I2C_ClearFlag), (12 bytes).
    Removing stm32f10x_i2c.o(i.I2C_ClearITPendingBit), (12 bytes).
    Removing stm32f10x_i2c.o(i.I2C_Cmd), (24 bytes).
    Removing stm32f10x_i2c.o(i.I2C_DMACmd), (24 bytes).
    Removing stm32f10x_i2c.o(i.I2C_DMALastTransferCmd), (24 bytes).
    Removing stm32f10x_i2c.o(i.I2C_DeInit), (56 bytes).
    Removing stm32f10x_i2c.o(i.I2C_DualAddressCmd), (24 bytes).
    Removing stm32f10x_i2c.o(i.I2C_FastModeDutyCycleConfig), (28 bytes).
    Removing stm32f10x_i2c.o(i.I2C_GeneralCallCmd), (24 bytes).
    Removing stm32f10x_i2c.o(i.I2C_GenerateSTART), (24 bytes).
    Removing stm32f10x_i2c.o(i.I2C_GenerateSTOP), (24 bytes).
    Removing stm32f10x_i2c.o(i.I2C_GetFlagStatus), (58 bytes).
    Removing stm32f10x_i2c.o(i.I2C_GetITStatus), (38 bytes).
    Removing stm32f10x_i2c.o(i.I2C_GetLastEvent), (26 bytes).
    Removing stm32f10x_i2c.o(i.I2C_GetPEC), (8 bytes).
    Removing stm32f10x_i2c.o(i.I2C_ITConfig), (18 bytes).
    Removing stm32f10x_i2c.o(i.I2C_Init), (236 bytes).
    Removing stm32f10x_i2c.o(i.I2C_NACKPositionConfig), (28 bytes).
    Removing stm32f10x_i2c.o(i.I2C_OwnAddress2Config), (22 bytes).
    Removing stm32f10x_i2c.o(i.I2C_PECPositionConfig), (28 bytes).
    Removing stm32f10x_i2c.o(i.I2C_ReadRegister), (22 bytes).
    Removing stm32f10x_i2c.o(i.I2C_ReceiveData), (8 bytes).
    Removing stm32f10x_i2c.o(i.I2C_SMBusAlertConfig), (28 bytes).
    Removing stm32f10x_i2c.o(i.I2C_Send7bitAddress), (18 bytes).
    Removing stm32f10x_i2c.o(i.I2C_SendData), (4 bytes).
    Removing stm32f10x_i2c.o(i.I2C_SoftwareResetCmd), (22 bytes).
    Removing stm32f10x_i2c.o(i.I2C_StretchClockCmd), (24 bytes).
    Removing stm32f10x_i2c.o(i.I2C_StructInit), (30 bytes).
    Removing stm32f10x_i2c.o(i.I2C_TransmitPEC), (24 bytes).
    Removing stm32f10x_iwdg.o(i.IWDG_Enable), (16 bytes).
    Removing stm32f10x_iwdg.o(i.IWDG_GetFlagStatus), (24 bytes).
    Removing stm32f10x_iwdg.o(i.IWDG_ReloadCounter), (16 bytes).
    Removing stm32f10x_iwdg.o(i.IWDG_SetPrescaler), (12 bytes).
    Removing stm32f10x_iwdg.o(i.IWDG_SetReload), (12 bytes).
    Removing stm32f10x_iwdg.o(i.IWDG_WriteAccessCmd), (12 bytes).
    Removing stm32f10x_pwr.o(i.PWR_BackupAccessCmd), (12 bytes).
    Removing stm32f10x_pwr.o(i.PWR_ClearFlag), (20 bytes).
    Removing stm32f10x_pwr.o(i.PWR_DeInit), (22 bytes).
    Removing stm32f10x_pwr.o(i.PWR_EnterSTANDBYMode), (52 bytes).
    Removing stm32f10x_pwr.o(i.PWR_EnterSTOPMode), (64 bytes).
    Removing stm32f10x_pwr.o(i.PWR_GetFlagStatus), (24 bytes).
    Removing stm32f10x_pwr.o(i.PWR_PVDCmd), (12 bytes).
    Removing stm32f10x_pwr.o(i.PWR_PVDLevelConfig), (24 bytes).
    Removing stm32f10x_pwr.o(i.PWR_WakeUpPinCmd), (12 bytes).
    Removing stm32f10x_rcc.o(i.RCC_ADCCLKConfig), (24 bytes).
    Removing stm32f10x_rcc.o(i.RCC_AHBPeriphClockCmd), (32 bytes).
    Removing stm32f10x_rcc.o(i.RCC_APB1PeriphResetCmd), (32 bytes).
    Removing stm32f10x_rcc.o(i.RCC_APB2PeriphResetCmd), (32 bytes).
    Removing stm32f10x_rcc.o(i.RCC_AdjustHSICalibrationValue), (24 bytes).
    Removing stm32f10x_rcc.o(i.RCC_BackupResetCmd), (12 bytes).
    Removing stm32f10x_rcc.o(i.RCC_ClearFlag), (20 bytes).
    Removing stm32f10x_rcc.o(i.RCC_ClearITPendingBit), (12 bytes).
    Removing stm32f10x_rcc.o(i.RCC_ClockSecuritySystemCmd), (12 bytes).
    Removing stm32f10x_rcc.o(i.RCC_DeInit), (76 bytes).
    Removing stm32f10x_rcc.o(i.RCC_GetFlagStatus), (60 bytes).
    Removing stm32f10x_rcc.o(i.RCC_GetITStatus), (24 bytes).
    Removing stm32f10x_rcc.o(i.RCC_GetSYSCLKSource), (16 bytes).
    Removing stm32f10x_rcc.o(i.RCC_HCLKConfig), (24 bytes).
    Removing stm32f10x_rcc.o(i.RCC_HSEConfig), (76 bytes).
    Removing stm32f10x_rcc.o(i.RCC_HSICmd), (12 bytes).
    Removing stm32f10x_rcc.o(i.RCC_ITConfig), (32 bytes).
    Removing stm32f10x_rcc.o(i.RCC_LSEConfig), (52 bytes).
    Removing stm32f10x_rcc.o(i.RCC_LSICmd), (12 bytes).
    Removing stm32f10x_rcc.o(i.RCC_MCOConfig), (12 bytes).
    Removing stm32f10x_rcc.o(i.RCC_PCLK1Config), (24 bytes).
    Removing stm32f10x_rcc.o(i.RCC_PCLK2Config), (24 bytes).
    Removing stm32f10x_rcc.o(i.RCC_PLLCmd), (12 bytes).
    Removing stm32f10x_rcc.o(i.RCC_PLLConfig), (28 bytes).
    Removing stm32f10x_rcc.o(i.RCC_RTCCLKCmd), (12 bytes).
    Removing stm32f10x_rcc.o(i.RCC_RTCCLKConfig), (16 bytes).
    Removing stm32f10x_rcc.o(i.RCC_SYSCLKConfig), (24 bytes).
    Removing stm32f10x_rcc.o(i.RCC_USBCLKConfig), (12 bytes).
    Removing stm32f10x_rcc.o(i.RCC_WaitForHSEStartUp), (56 bytes).
    Removing stm32f10x_rtc.o(i.RTC_ClearFlag), (16 bytes).
    Removing stm32f10x_rtc.o(i.RTC_ClearITPendingBit), (16 bytes).
    Removing stm32f10x_rtc.o(i.RTC_EnterConfigMode), (20 bytes).
    Removing stm32f10x_rtc.o(i.RTC_ExitConfigMode), (20 bytes).
    Removing stm32f10x_rtc.o(i.RTC_GetCounter), (20 bytes).
    Removing stm32f10x_rtc.o(i.RTC_GetDivider), (24 bytes).
    Removing stm32f10x_rtc.o(i.RTC_GetFlagStatus), (24 bytes).
    Removing stm32f10x_rtc.o(i.RTC_GetITStatus), (36 bytes).
    Removing stm32f10x_rtc.o(i.RTC_ITConfig), (32 bytes).
    Removing stm32f10x_rtc.o(i.RTC_SetAlarm), (28 bytes).
    Removing stm32f10x_rtc.o(i.RTC_SetCounter), (28 bytes).
    Removing stm32f10x_rtc.o(i.RTC_SetPrescaler), (32 bytes).
    Removing stm32f10x_rtc.o(i.RTC_WaitForLastTask), (20 bytes).
    Removing stm32f10x_rtc.o(i.RTC_WaitForSynchro), (36 bytes).
    Removing stm32f10x_sdio.o(i.SDIO_CEATAITCmd), (16 bytes).
    Removing stm32f10x_sdio.o(i.SDIO_ClearFlag), (12 bytes).
    Removing stm32f10x_sdio.o(i.SDIO_ClearITPendingBit), (12 bytes).
    Removing stm32f10x_sdio.o(i.SDIO_ClockCmd), (12 bytes).
    Removing stm32f10x_sdio.o(i.SDIO_CmdStructInit), (14 bytes).
    Removing stm32f10x_sdio.o(i.SDIO_CommandCompletionCmd), (12 bytes).
    Removing stm32f10x_sdio.o(i.SDIO_DMACmd), (12 bytes).
    Removing stm32f10x_sdio.o(i.SDIO_DataConfig), (48 bytes).
    Removing stm32f10x_sdio.o(i.SDIO_DataStructInit), (20 bytes).
    Removing stm32f10x_sdio.o(i.SDIO_DeInit), (36 bytes).
    Removing stm32f10x_sdio.o(i.SDIO_GetCommandResponse), (12 bytes).
    Removing stm32f10x_sdio.o(i.SDIO_GetDataCounter), (12 bytes).
    Removing stm32f10x_sdio.o(i.SDIO_GetFIFOCount), (12 bytes).
    Removing stm32f10x_sdio.o(i.SDIO_GetFlagStatus), (24 bytes).
    Removing stm32f10x_sdio.o(i.SDIO_GetITStatus), (24 bytes).
    Removing stm32f10x_sdio.o(i.SDIO_GetPowerState), (16 bytes).
    Removing stm32f10x_sdio.o(i.SDIO_GetResponse), (24 bytes).
    Removing stm32f10x_sdio.o(i.SDIO_ITConfig), (32 bytes).
    Removing stm32f10x_sdio.o(i.SDIO_Init), (48 bytes).
    Removing stm32f10x_sdio.o(i.SDIO_ReadData), (12 bytes).
    Removing stm32f10x_sdio.o(i.SDIO_SendCEATACmd), (12 bytes).
    Removing stm32f10x_sdio.o(i.SDIO_SendCommand), (44 bytes).
    Removing stm32f10x_sdio.o(i.SDIO_SendSDIOSuspendCmd), (12 bytes).
    Removing stm32f10x_sdio.o(i.SDIO_SetPowerState), (28 bytes).
    Removing stm32f10x_sdio.o(i.SDIO_SetSDIOOperation), (12 bytes).
    Removing stm32f10x_sdio.o(i.SDIO_SetSDIOReadWaitMode), (12 bytes).
    Removing stm32f10x_sdio.o(i.SDIO_StartSDIOReadWait), (12 bytes).
    Removing stm32f10x_sdio.o(i.SDIO_StopSDIOReadWait), (12 bytes).
    Removing stm32f10x_sdio.o(i.SDIO_StructInit), (16 bytes).
    Removing stm32f10x_sdio.o(i.SDIO_WriteData), (12 bytes).
    Removing stm32f10x_spi.o(i.I2S_Cmd), (24 bytes).
    Removing stm32f10x_spi.o(i.I2S_Init), (232 bytes).
    Removing stm32f10x_spi.o(i.I2S_StructInit), (20 bytes).
    Removing stm32f10x_spi.o(i.SPI_BiDirectionalLineConfig), (28 bytes).
    Removing stm32f10x_spi.o(i.SPI_CalculateCRC), (24 bytes).
    Removing stm32f10x_spi.o(i.SPI_Cmd), (24 bytes).
    Removing stm32f10x_spi.o(i.SPI_DataSizeConfig), (18 bytes).
    Removing stm32f10x_spi.o(i.SPI_GetCRC), (16 bytes).
    Removing stm32f10x_spi.o(i.SPI_GetCRCPolynomial), (6 bytes).
    Removing stm32f10x_spi.o(i.SPI_I2S_ClearFlag), (6 bytes).
    Removing stm32f10x_spi.o(i.SPI_I2S_ClearITPendingBit), (20 bytes).
    Removing stm32f10x_spi.o(i.SPI_I2S_DMACmd), (18 bytes).
    Removing stm32f10x_spi.o(i.SPI_I2S_DeInit), (88 bytes).
    Removing stm32f10x_spi.o(i.SPI_I2S_GetFlagStatus), (18 bytes).
    Removing stm32f10x_spi.o(i.SPI_I2S_GetITStatus), (52 bytes).
    Removing stm32f10x_spi.o(i.SPI_I2S_ITConfig), (32 bytes).
    Removing stm32f10x_spi.o(i.SPI_I2S_ReceiveData), (6 bytes).
    Removing stm32f10x_spi.o(i.SPI_I2S_SendData), (4 bytes).
    Removing stm32f10x_spi.o(i.SPI_Init), (60 bytes).
    Removing stm32f10x_spi.o(i.SPI_NSSInternalSoftwareConfig), (30 bytes).
    Removing stm32f10x_spi.o(i.SPI_SSOutputCmd), (24 bytes).
    Removing stm32f10x_spi.o(i.SPI_StructInit), (24 bytes).
    Removing stm32f10x_spi.o(i.SPI_TransmitCRC), (10 bytes).
    Removing stm32f10x_tim.o(i.TI1_Config), (128 bytes).
    Removing stm32f10x_tim.o(i.TI2_Config), (152 bytes).
    Removing stm32f10x_tim.o(i.TI3_Config), (144 bytes).
    Removing stm32f10x_tim.o(i.TI4_Config), (152 bytes).
    Removing stm32f10x_tim.o(i.TIM_BDTRConfig), (32 bytes).
    Removing stm32f10x_tim.o(i.TIM_BDTRStructInit), (18 bytes).
    Removing stm32f10x_tim.o(i.TIM_CCPreloadControl), (24 bytes).
    Removing stm32f10x_tim.o(i.TIM_CCxCmd), (30 bytes).
    Removing stm32f10x_tim.o(i.TIM_CCxNCmd), (30 bytes).
    Removing stm32f10x_tim.o(i.TIM_ClearITPendingBit), (6 bytes).
    Removing stm32f10x_tim.o(i.TIM_ClearOC1Ref), (18 bytes).
    Removing stm32f10x_tim.o(i.TIM_ClearOC2Ref), (24 bytes).
    Removing stm32f10x_tim.o(i.TIM_ClearOC3Ref), (18 bytes).
    Removing stm32f10x_tim.o(i.TIM_ClearOC4Ref), (24 bytes).
    Removing stm32f10x_tim.o(i.TIM_CounterModeConfig), (18 bytes).
    Removing stm32f10x_tim.o(i.TIM_CtrlPWMOutputs), (30 bytes).
    Removing stm32f10x_tim.o(i.TIM_DMACmd), (18 bytes).
    Removing stm32f10x_tim.o(i.TIM_DMAConfig), (10 bytes).
    Removing stm32f10x_tim.o(i.TIM_DeInit), (488 bytes).
    Removing stm32f10x_tim.o(i.TIM_ETRClockMode1Config), (54 bytes).
    Removing stm32f10x_tim.o(i.TIM_ETRClockMode2Config), (32 bytes).
    Removing stm32f10x_tim.o(i.TIM_ETRConfig), (28 bytes).
    Removing stm32f10x_tim.o(i.TIM_EncoderInterfaceConfig), (66 bytes).
    Removing stm32f10x_tim.o(i.TIM_ForcedOC1Config), (18 bytes).
    Removing stm32f10x_tim.o(i.TIM_ForcedOC2Config), (26 bytes).
    Removing stm32f10x_tim.o(i.TIM_ForcedOC3Config), (18 bytes).
    Removing stm32f10x_tim.o(i.TIM_ForcedOC4Config), (26 bytes).
    Removing stm32f10x_tim.o(i.TIM_GenerateEvent), (4 bytes).
    Removing stm32f10x_tim.o(i.TIM_GetCapture1), (6 bytes).
    Removing stm32f10x_tim.o(i.TIM_GetCapture2), (6 bytes).
    Removing stm32f10x_tim.o(i.TIM_GetCapture3), (6 bytes).
    Removing stm32f10x_tim.o(i.TIM_GetCapture4), (8 bytes).
    Removing stm32f10x_tim.o(i.TIM_GetCounter), (6 bytes).
    Removing stm32f10x_tim.o(i.TIM_GetITStatus), (34 bytes).
    Removing stm32f10x_tim.o(i.TIM_GetPrescaler), (6 bytes).
    Removing stm32f10x_tim.o(i.TIM_ICInit), (172 bytes).
    Removing stm32f10x_tim.o(i.TIM_ICStructInit), (18 bytes).
    Removing stm32f10x_tim.o(i.TIM_ITConfig), (18 bytes).
    Removing stm32f10x_tim.o(i.TIM_ITRxExternalClockConfig), (24 bytes).
    Removing stm32f10x_tim.o(i.TIM_InternalClockConfig), (12 bytes).
    Removing stm32f10x_tim.o(i.TIM_OC1FastConfig), (18 bytes).
    Removing stm32f10x_tim.o(i.TIM_OC1Init), (152 bytes).
    Removing stm32f10x_tim.o(i.TIM_OC1NPolarityConfig), (18 bytes).
    Removing stm32f10x_tim.o(i.TIM_OC1PolarityConfig), (18 bytes).
    Removing stm32f10x_tim.o(i.TIM_OC1PreloadConfig), (18 bytes).
    Removing stm32f10x_tim.o(i.TIM_OC2FastConfig), (26 bytes).
    Removing stm32f10x_tim.o(i.TIM_OC2Init), (164 bytes).
    Removing stm32f10x_tim.o(i.TIM_OC2NPolarityConfig), (26 bytes).
    Removing stm32f10x_tim.o(i.TIM_OC2PolarityConfig), (26 bytes).
    Removing stm32f10x_tim.o(i.TIM_OC2PreloadConfig), (26 bytes).
    Removing stm32f10x_tim.o(i.TIM_OC3FastConfig), (18 bytes).
    Removing stm32f10x_tim.o(i.TIM_OC3Init), (160 bytes).
    Removing stm32f10x_tim.o(i.TIM_OC3NPolarityConfig), (26 bytes).
    Removing stm32f10x_tim.o(i.TIM_OC3PolarityConfig), (26 bytes).
    Removing stm32f10x_tim.o(i.TIM_OC3PreloadConfig), (18 bytes).
    Removing stm32f10x_tim.o(i.TIM_OC4FastConfig), (26 bytes).
    Removing stm32f10x_tim.o(i.TIM_OC4Init), (124 bytes).
    Removing stm32f10x_tim.o(i.TIM_OC4PolarityConfig), (26 bytes).
    Removing stm32f10x_tim.o(i.TIM_OC4PreloadConfig), (26 bytes).
    Removing stm32f10x_tim.o(i.TIM_OCStructInit), (20 bytes).
    Removing stm32f10x_tim.o(i.TIM_PWMIConfig), (124 bytes).
    Removing stm32f10x_tim.o(i.TIM_PrescalerConfig), (6 bytes).
    Removing stm32f10x_tim.o(i.TIM_SelectCCDMA), (24 bytes).
    Removing stm32f10x_tim.o(i.TIM_SelectCOM), (24 bytes).
    Removing stm32f10x_tim.o(i.TIM_SelectHallSensor), (24 bytes).
    Removing stm32f10x_tim.o(i.TIM_SelectInputTrigger), (18 bytes).
    Removing stm32f10x_tim.o(i.TIM_SelectMasterSlaveMode), (18 bytes).
    Removing stm32f10x_tim.o(i.TIM_SelectOCxM), (82 bytes).
    Removing stm32f10x_tim.o(i.TIM_SelectOnePulseMode), (18 bytes).
    Removing stm32f10x_tim.o(i.TIM_SelectOutputTrigger), (18 bytes).
    Removing stm32f10x_tim.o(i.TIM_SelectSlaveMode), (18 bytes).
    Removing stm32f10x_tim.o(i.TIM_SetAutoreload), (4 bytes).
    Removing stm32f10x_tim.o(i.TIM_SetClockDivision), (18 bytes).
    Removing stm32f10x_tim.o(i.TIM_SetCompare1), (4 bytes).
    Removing stm32f10x_tim.o(i.TIM_SetCompare2), (4 bytes).
    Removing stm32f10x_tim.o(i.TIM_SetCompare3), (4 bytes).
    Removing stm32f10x_tim.o(i.TIM_SetCompare4), (6 bytes).
    Removing stm32f10x_tim.o(i.TIM_SetCounter), (4 bytes).
    Removing stm32f10x_tim.o(i.TIM_SetIC1Prescaler), (18 bytes).
    Removing stm32f10x_tim.o(i.TIM_SetIC2Prescaler), (26 bytes).
    Removing stm32f10x_tim.o(i.TIM_SetIC3Prescaler), (18 bytes).
    Removing stm32f10x_tim.o(i.TIM_SetIC4Prescaler), (26 bytes).
    Removing stm32f10x_tim.o(i.TIM_TIxExternalClockConfig), (62 bytes).
    Removing stm32f10x_tim.o(i.TIM_TimeBaseStructInit), (18 bytes).
    Removing stm32f10x_tim.o(i.TIM_UpdateDisableConfig), (24 bytes).
    Removing stm32f10x_tim.o(i.TIM_UpdateRequestConfig), (24 bytes).
    Removing stm32f10x_usart.o(i.USART_ClearFlag), (18 bytes).
    Removing stm32f10x_usart.o(i.USART_ClearITPendingBit), (30 bytes).
    Removing stm32f10x_usart.o(i.USART_ClockInit), (34 bytes).
    Removing stm32f10x_usart.o(i.USART_ClockStructInit), (12 bytes).
    Removing stm32f10x_usart.o(i.USART_DMACmd), (18 bytes).
    Removing stm32f10x_usart.o(i.USART_DeInit), (156 bytes).
    Removing stm32f10x_usart.o(i.USART_HalfDuplexCmd), (24 bytes).
    Removing stm32f10x_usart.o(i.USART_IrDACmd), (24 bytes).
    Removing stm32f10x_usart.o(i.USART_IrDAConfig), (18 bytes).
    Removing stm32f10x_usart.o(i.USART_LINBreakDetectLengthConfig), (18 bytes).
    Removing stm32f10x_usart.o(i.USART_LINCmd), (24 bytes).
    Removing stm32f10x_usart.o(i.USART_OneBitMethodCmd), (24 bytes).
    Removing stm32f10x_usart.o(i.USART_OverSampling8Cmd), (22 bytes).
    Removing stm32f10x_usart.o(i.USART_ReceiverWakeUpCmd), (24 bytes).
    Removing stm32f10x_usart.o(i.USART_SendBreak), (10 bytes).
    Removing stm32f10x_usart.o(i.USART_SetAddress), (18 bytes).
    Removing stm32f10x_usart.o(i.USART_SetGuardTime), (16 bytes).
    Removing stm32f10x_usart.o(i.USART_SetPrescaler), (16 bytes).
    Removing stm32f10x_usart.o(i.USART_SmartCardCmd), (24 bytes).
    Removing stm32f10x_usart.o(i.USART_SmartCardNACKCmd), (24 bytes).
    Removing stm32f10x_usart.o(i.USART_StructInit), (24 bytes).
    Removing stm32f10x_usart.o(i.USART_WakeUpConfig), (18 bytes).
    Removing stm32f10x_wwdg.o(i.WWDG_ClearFlag), (12 bytes).
    Removing stm32f10x_wwdg.o(i.WWDG_DeInit), (22 bytes).
    Removing stm32f10x_wwdg.o(i.WWDG_Enable), (16 bytes).
    Removing stm32f10x_wwdg.o(i.WWDG_EnableIT), (12 bytes).
    Removing stm32f10x_wwdg.o(i.WWDG_GetFlagStatus), (12 bytes).
    Removing stm32f10x_wwdg.o(i.WWDG_SetCounter), (16 bytes).
    Removing stm32f10x_wwdg.o(i.WWDG_SetPrescaler), (24 bytes).
    Removing stm32f10x_wwdg.o(i.WWDG_SetWindowValue), (40 bytes).
    Removing system_stm32f10x.o(i.SystemCoreClockUpdate), (164 bytes).
    Removing bsp_rs485.o(i.UartASendStr), (48 bytes).
    Removing usart.o(i.SendChar), (48 bytes).
    Removing bsp_key.o(i.Key_Scan), (60 bytes).
    Removing cmd_queue.o(i.queue_find_cmd), (132 bytes).
    Removing cmd_queue.o(i.queue_pop), (52 bytes).
    Removing cmd_queue.o(i.queue_size), (36 bytes).
    Removing hmi_driver.o(i.AnimationPause), (74 bytes).
    Removing hmi_driver.o(i.AnimationPlayFrame), (82 bytes).
    Removing hmi_driver.o(i.AnimationPlayNext), (74 bytes).
    Removing hmi_driver.o(i.AnimationPlayPrev), (74 bytes).
    Removing hmi_driver.o(i.AnimationStart), (74 bytes).
    Removing hmi_driver.o(i.AnimationStop), (74 bytes).
    Removing hmi_driver.o(i.BatchBegin), (36 bytes).
    Removing hmi_driver.o(i.BatchEnd), (28 bytes).
    Removing hmi_driver.o(i.BatchSetButtonValue), (38 bytes).
    Removing hmi_driver.o(i.BatchSetEnable), (32 bytes).
    Removing hmi_driver.o(i.BatchSetFrame), (44 bytes).
    Removing hmi_driver.o(i.BatchSetMeterValue), (60 bytes).
    Removing hmi_driver.o(i.BatchSetProgressValue), (60 bytes).
    Removing hmi_driver.o(i.BatchSetSliderValue), (60 bytes).
    Removing hmi_driver.o(i.BatchSetText), (56 bytes).
    Removing hmi_driver.o(i.BatchSetVisible), (32 bytes).
    Removing hmi_driver.o(i.CalibrateTouchPane), (40 bytes).
    Removing hmi_driver.o(i.ClearLayer), (48 bytes).
    Removing hmi_driver.o(i.ColorPicker), (76 bytes).
    Removing hmi_driver.o(i.CopyLayer), (56 bytes).
    Removing hmi_driver.o(i.DisArea_Image), (94 bytes).
    Removing hmi_driver.o(i.DisCursor), (100 bytes).
    Removing hmi_driver.o(i.DisCut_Image), (164 bytes).
    Removing hmi_driver.o(i.DisFlashImage), (106 bytes).
    Removing hmi_driver.o(i.DisFull_Image), (62 bytes).
    Removing hmi_driver.o(i.DisText), (98 bytes).
    Removing hmi_driver.o(i.DisplyLayer), (48 bytes).
    Removing hmi_driver.o(i.FlashBeginSaveControl), (82 bytes).
    Removing hmi_driver.o(i.FlashEndSaveControl), (28 bytes).
    Removing hmi_driver.o(i.FlashRestoreControl), (106 bytes).
    Removing hmi_driver.o(i.FlashSaveControl), (32 bytes).
    Removing hmi_driver.o(i.GUI_Arc), (120 bytes).
    Removing hmi_driver.o(i.GUI_AreaInycolor), (100 bytes).
    Removing hmi_driver.o(i.GUI_BcolorConDots), (58 bytes).
    Removing hmi_driver.o(i.GUI_BcolorConOffsetDots), (84 bytes).
    Removing hmi_driver.o(i.GUI_Circle), (82 bytes).
    Removing hmi_driver.o(i.GUI_CircleFill), (82 bytes).
    Removing hmi_driver.o(i.GUI_CleanScreen), (40 bytes).
    Removing hmi_driver.o(i.GUI_ConDots), (66 bytes).
    Removing hmi_driver.o(i.GUI_ConSpaceDots), (84 bytes).
    Removing hmi_driver.o(i.GUI_DispRTC), (118 bytes).
    Removing hmi_driver.o(i.GUI_Dot), (68 bytes).
    Removing hmi_driver.o(i.GUI_Ellipse), (100 bytes).
    Removing hmi_driver.o(i.GUI_EllipseFill), (100 bytes).
    Removing hmi_driver.o(i.GUI_FcolorConDots), (58 bytes).
    Removing hmi_driver.o(i.GUI_FcolorConOffsetDots), (84 bytes).
    Removing hmi_driver.o(i.GUI_Line), (100 bytes).
    Removing hmi_driver.o(i.GUI_Rectangle), (100 bytes).
    Removing hmi_driver.o(i.GUI_RectangleFill), (100 bytes).
    Removing hmi_driver.o(i.GetControlValue), (74 bytes).
    Removing hmi_driver.o(i.GetScreen), (48 bytes).
    Removing hmi_driver.o(i.GetStringLen), (18 bytes).
    Removing hmi_driver.o(i.GraphChannelAdd), (100 bytes).
    Removing hmi_driver.o(i.GraphChannelDataAdd), (110 bytes).
    Removing hmi_driver.o(i.GraphChannelDataClear), (82 bytes).
    Removing hmi_driver.o(i.GraphChannelDel), (82 bytes).
    Removing hmi_driver.o(i.GraphSetViewport), (144 bytes).
    Removing hmi_driver.o(i.HistoryGraph_EnableSampling), (82 bytes).
    Removing hmi_driver.o(i.HistoryGraph_SetTimeFullScreen), (80 bytes).
    Removing hmi_driver.o(i.HistoryGraph_SetTimeLength), (94 bytes).
    Removing hmi_driver.o(i.HistoryGraph_SetTimeZoom), (132 bytes).
    Removing hmi_driver.o(i.HistoryGraph_SetValueFloat), (128 bytes).
    Removing hmi_driver.o(i.HistoryGraph_SetValueInt16), (90 bytes).
    Removing hmi_driver.o(i.HistoryGraph_SetValueInt32), (136 bytes).
    Removing hmi_driver.o(i.HistoryGraph_SetValueInt8), (90 bytes).
    Removing hmi_driver.o(i.HistoryGraph_ShowChannel), (94 bytes).
    Removing hmi_driver.o(i.LockDeviceConfig), (64 bytes).
    Removing hmi_driver.o(i.PauseTimer), (74 bytes).
    Removing hmi_driver.o(i.PlayMusic), (58 bytes).
    Removing hmi_driver.o(i.ReadRTC), (40 bytes).
    Removing hmi_driver.o(i.ReadUserFlash), (84 bytes).
    Removing hmi_driver.o(i.Record_Add), (82 bytes).
    Removing hmi_driver.o(i.Record_Clear), (74 bytes).
    Removing hmi_driver.o(i.Record_GetCount), (74 bytes).
    Removing hmi_driver.o(i.Record_ResetEvent), (126 bytes).
    Removing hmi_driver.o(i.Record_SetEvent), (126 bytes).
    Removing hmi_driver.o(i.Record_SetOffset), (88 bytes).
    Removing hmi_driver.o(i.SeTimer), (104 bytes).
    Removing hmi_driver.o(i.SendNU16), (38 bytes).
    Removing hmi_driver.o(i.SendNU8), (26 bytes).
    Removing hmi_driver.o(i.SendStrings), (22 bytes).
    Removing hmi_driver.o(i.SetBackLight), (48 bytes).
    Removing hmi_driver.o(i.SetBcolor), (54 bytes).
    Removing hmi_driver.o(i.SetButtonValue), (82 bytes).
    Removing hmi_driver.o(i.SetBuzzer), (48 bytes).
    Removing hmi_driver.o(i.SetCommBps), (48 bytes).
    Removing hmi_driver.o(i.SetControlBackColor), (88 bytes).
    Removing hmi_driver.o(i.SetControlEnable), (82 bytes).
    Removing hmi_driver.o(i.SetControlFocus), (82 bytes).
    Removing hmi_driver.o(i.SetControlForeColor), (88 bytes).
    Removing hmi_driver.o(i.SetControlVisiable), (82 bytes).
    Removing hmi_driver.o(i.SetFcolor), (54 bytes).
    Removing hmi_driver.o(i.SetFilterColor), (68 bytes).
    Removing hmi_driver.o(i.SetFont_Region), (76 bytes).
    Removing hmi_driver.o(i.SetHandShake), (40 bytes).
    Removing hmi_driver.o(i.SetLanguage), (68 bytes).
    Removing hmi_driver.o(i.SetMeterValue), (104 bytes).
    Removing hmi_driver.o(i.SetPowerSaving), (76 bytes).
    Removing hmi_driver.o(i.SetProgressValue), (104 bytes).
    Removing hmi_driver.o(i.SetScreen), (60 bytes).
    Removing hmi_driver.o(i.SetScreenUpdateEnable), (48 bytes).
    Removing hmi_driver.o(i.SetSelectorValue), (82 bytes).
    Removing hmi_driver.o(i.SetSliderValue), (104 bytes).
    Removing hmi_driver.o(i.SetTextFloat), (140 bytes).
    Removing hmi_driver.o(i.SetTextInt32), (140 bytes).
    Removing hmi_driver.o(i.SetTextSpace), (56 bytes).
    Removing hmi_driver.o(i.SetTextValue), (82 bytes).
    Removing hmi_driver.o(i.SetTouchPaneOption), (92 bytes).
    Removing hmi_driver.o(i.Set_picMeterValue), (88 bytes).
    Removing hmi_driver.o(i.ShowKeyboard), (108 bytes).
    Removing hmi_driver.o(i.ShowPopupMenu), (100 bytes).
    Removing hmi_driver.o(i.StartTimer), (74 bytes).
    Removing hmi_driver.o(i.StopTimer), (74 bytes).
    Removing hmi_driver.o(i.TestTouchPane), (40 bytes).
    Removing hmi_driver.o(i.UnlockDeviceConfig), (64 bytes).
    Removing hmi_driver.o(i.WriteLayer), (48 bytes).
    Removing hmi_driver.o(i.WriteUserFlash), (82 bytes).

577 unused section(s) (total 27876 bytes) removed from the image.

==============================================================================

Image Symbol Table

    Local Symbols

    Symbol Name                              Value     Ov Type        Size  Object(Section)

    ../clib/microlib/init/entry.s            0x00000000   Number         0  entry10b.o ABSOLUTE
    ../clib/microlib/init/entry.s            0x00000000   Number         0  entry8a.o ABSOLUTE
    ../clib/microlib/init/entry.s            0x00000000   Number         0  entry.o ABSOLUTE
    ../clib/microlib/init/entry.s            0x00000000   Number         0  entry2.o ABSOLUTE
    ../clib/microlib/init/entry.s            0x00000000   Number         0  entry5.o ABSOLUTE
    ../clib/microlib/init/entry.s            0x00000000   Number         0  entry7a.o ABSOLUTE
    ../clib/microlib/init/entry.s            0x00000000   Number         0  entry7b.o ABSOLUTE
    ../clib/microlib/init/entry.s            0x00000000   Number         0  entry8b.o ABSOLUTE
    ../clib/microlib/init/entry.s            0x00000000   Number         0  entry9a.o ABSOLUTE
    ../clib/microlib/init/entry.s            0x00000000   Number         0  entry10a.o ABSOLUTE
    ../clib/microlib/init/entry.s            0x00000000   Number         0  entry9b.o ABSOLUTE
    ../clib/microlib/init/entry.s            0x00000000   Number         0  entry11b.o ABSOLUTE
    ../clib/microlib/init/entry.s            0x00000000   Number         0  entry11a.o ABSOLUTE
    App\main.c                               0x00000000   Number         0  main.o ABSOLUTE
    App\stm32f10x_it.c                       0x00000000   Number         0  stm32f10x_it.o ABSOLUTE
    Bsp\bsp_key.c                            0x00000000   Number         0  bsp_key.o ABSOLUTE
    Bsp\bsp_rs485.c                          0x00000000   Number         0  bsp_rs485.o ABSOLUTE
    Bsp\cmd_queue.c                          0x00000000   Number         0  cmd_queue.o ABSOLUTE
    Bsp\hmi_driver.c                         0x00000000   Number         0  hmi_driver.o ABSOLUTE
    Bsp\timer.c                              0x00000000   Number         0  timer.o ABSOLUTE
    Bsp\usart.c                              0x00000000   Number         0  usart.o ABSOLUTE
    Libraries\CMSIS\DeviceSupport\startup\startup_stm32f10x_md.s 0x00000000   Number         0  startup_stm32f10x_md.o ABSOLUTE
    Libraries\CMSIS\DeviceSupport\system_stm32f10x.c 0x00000000   Number         0  system_stm32f10x.o ABSOLUTE
    Libraries\STM32F10x_StdPeriph_Driver\src\misc.c 0x00000000   Number         0  misc.o ABSOLUTE
    Libraries\STM32F10x_StdPeriph_Driver\src\stm32f10x_adc.c 0x00000000   Number         0  stm32f10x_adc.o ABSOLUTE
    Libraries\STM32F10x_StdPeriph_Driver\src\stm32f10x_bkp.c 0x00000000   Number         0  stm32f10x_bkp.o ABSOLUTE
    Libraries\STM32F10x_StdPeriph_Driver\src\stm32f10x_can.c 0x00000000   Number         0  stm32f10x_can.o ABSOLUTE
    Libraries\STM32F10x_StdPeriph_Driver\src\stm32f10x_cec.c 0x00000000   Number         0  stm32f10x_cec.o ABSOLUTE
    Libraries\STM32F10x_StdPeriph_Driver\src\stm32f10x_crc.c 0x00000000   Number         0  stm32f10x_crc.o ABSOLUTE
    Libraries\STM32F10x_StdPeriph_Driver\src\stm32f10x_dac.c 0x00000000   Number         0  stm32f10x_dac.o ABSOLUTE
    Libraries\STM32F10x_StdPeriph_Driver\src\stm32f10x_dbgmcu.c 0x00000000   Number         0  stm32f10x_dbgmcu.o ABSOLUTE
    Libraries\STM32F10x_StdPeriph_Driver\src\stm32f10x_dma.c 0x00000000   Number         0  stm32f10x_dma.o ABSOLUTE
    Libraries\STM32F10x_StdPeriph_Driver\src\stm32f10x_exti.c 0x00000000   Number         0  stm32f10x_exti.o ABSOLUTE
    Libraries\STM32F10x_StdPeriph_Driver\src\stm32f10x_flash.c 0x00000000   Number         0  stm32f10x_flash.o ABSOLUTE
    Libraries\STM32F10x_StdPeriph_Driver\src\stm32f10x_fsmc.c 0x00000000   Number         0  stm32f10x_fsmc.o ABSOLUTE
    Libraries\STM32F10x_StdPeriph_Driver\src\stm32f10x_gpio.c 0x00000000   Number         0  stm32f10x_gpio.o ABSOLUTE
    Libraries\STM32F10x_StdPeriph_Driver\src\stm32f10x_i2c.c 0x00000000   Number         0  stm32f10x_i2c.o ABSOLUTE
    Libraries\STM32F10x_StdPeriph_Driver\src\stm32f10x_iwdg.c 0x00000000   Number         0  stm32f10x_iwdg.o ABSOLUTE
    Libraries\STM32F10x_StdPeriph_Driver\src\stm32f10x_pwr.c 0x00000000   Number         0  stm32f10x_pwr.o ABSOLUTE
    Libraries\STM32F10x_StdPeriph_Driver\src\stm32f10x_rcc.c 0x00000000   Number         0  stm32f10x_rcc.o ABSOLUTE
    Libraries\STM32F10x_StdPeriph_Driver\src\stm32f10x_rtc.c 0x00000000   Number         0  stm32f10x_rtc.o ABSOLUTE
    Libraries\STM32F10x_StdPeriph_Driver\src\stm32f10x_sdio.c 0x00000000   Number         0  stm32f10x_sdio.o ABSOLUTE
    Libraries\STM32F10x_StdPeriph_Driver\src\stm32f10x_spi.c 0x00000000   Number         0  stm32f10x_spi.o ABSOLUTE
    Libraries\STM32F10x_StdPeriph_Driver\src\stm32f10x_tim.c 0x00000000   Number         0  stm32f10x_tim.o ABSOLUTE
    Libraries\STM32F10x_StdPeriph_Driver\src\stm32f10x_usart.c 0x00000000   Number         0  stm32f10x_usart.o ABSOLUTE
    Libraries\STM32F10x_StdPeriph_Driver\src\stm32f10x_wwdg.c 0x00000000   Number         0  stm32f10x_wwdg.o ABSOLUTE
    dc.s                                     0x00000000   Number         0  dc.o ABSOLUTE
    handlers.s                               0x00000000   Number         0  handlers.o ABSOLUTE
    init.s                                   0x00000000   Number         0  init.o ABSOLUTE
    RESET                                    0x08000000   Section      236  startup_stm32f10x_md.o(RESET)
    .ARM.Collect$$$$00000000                 0x080000ec   Section        0  entry.o(.ARM.Collect$$$$00000000)
    .ARM.Collect$$$$00000001                 0x080000ec   Section        4  entry2.o(.ARM.Collect$$$$00000001)
    .ARM.Collect$$$$00000004                 0x080000f0   Section        4  entry5.o(.ARM.Collect$$$$00000004)
    .ARM.Collect$$$$00000008                 0x080000f4   Section        0  entry7b.o(.ARM.Collect$$$$00000008)
    .ARM.Collect$$$$0000000A                 0x080000f4   Section        0  entry8b.o(.ARM.Collect$$$$0000000A)
    .ARM.Collect$$$$0000000B                 0x080000f4   Section        8  entry9a.o(.ARM.Collect$$$$0000000B)
    .ARM.Collect$$$$0000000D                 0x080000fc   Section        0  entry10a.o(.ARM.Collect$$$$0000000D)
    .ARM.Collect$$$$0000000F                 0x080000fc   Section        0  entry11a.o(.ARM.Collect$$$$0000000F)
    .ARM.Collect$$$$00002712                 0x080000fc   Section        4  entry2.o(.ARM.Collect$$$$00002712)
    __lit__00000000                          0x080000fc   Data           4  entry2.o(.ARM.Collect$$$$00002712)
    .text                                    0x08000100   Section       36  startup_stm32f10x_md.o(.text)
    .text                                    0x08000124   Section       36  init.o(.text)
    i.BusFault_Handler                       0x08000148   Section        0  stm32f10x_it.o(i.BusFault_Handler)
    i.DebugMon_Handler                       0x0800014c   Section        0  stm32f10x_it.o(i.DebugMon_Handler)
    i.GPIO_Init                              0x0800014e   Section        0  stm32f10x_gpio.o(i.GPIO_Init)
    i.GPIO_Key_Configuration                 0x08000264   Section        0  bsp_key.o(i.GPIO_Key_Configuration)
    i.GPIO_ResetBits                         0x080002b0   Section        0  stm32f10x_gpio.o(i.GPIO_ResetBits)
    i.GPIO_SetBits                           0x080002b4   Section        0  stm32f10x_gpio.o(i.GPIO_SetBits)
    i.HardFault_Handler                      0x080002b8   Section        0  stm32f10x_it.o(i.HardFault_Handler)
    i.MemManage_Handler                      0x080002bc   Section        0  stm32f10x_it.o(i.MemManage_Handler)
    i.NMI_Handler                            0x080002c0   Section        0  stm32f10x_it.o(i.NMI_Handler)
    i.NVIC_Configuration                     0x080002c2   Section        0  bsp_rs485.o(i.NVIC_Configuration)
    NVIC_Configuration                       0x080002c3   Thumb Code    38  bsp_rs485.o(i.NVIC_Configuration)
    i.NVIC_Configuration                     0x080002e8   Section        0  usart.o(i.NVIC_Configuration)
    i.NVIC_Init                              0x08000314   Section        0  misc.o(i.NVIC_Init)
    i.NVIC_PriorityGroupConfig               0x08000384   Section        0  misc.o(i.NVIC_PriorityGroupConfig)
    i.PendSV_Handler                         0x08000398   Section        0  stm32f10x_it.o(i.PendSV_Handler)
    i.RCC_APB1PeriphClockCmd                 0x0800039c   Section        0  stm32f10x_rcc.o(i.RCC_APB1PeriphClockCmd)
    i.RCC_APB2PeriphClockCmd                 0x080003bc   Section        0  stm32f10x_rcc.o(i.RCC_APB2PeriphClockCmd)
    i.RCC_GetClocksFreq                      0x080003dc   Section        0  stm32f10x_rcc.o(i.RCC_GetClocksFreq)
    i.SVC_Handler                            0x080004b0   Section        0  stm32f10x_it.o(i.SVC_Handler)
    i.SetSysClock                            0x080004b2   Section        0  system_stm32f10x.o(i.SetSysClock)
    SetSysClock                              0x080004b3   Thumb Code     8  system_stm32f10x.o(i.SetSysClock)
    i.SetSysClockTo72                        0x080004bc   Section        0  system_stm32f10x.o(i.SetSysClockTo72)
    SetSysClockTo72                          0x080004bd   Thumb Code   214  system_stm32f10x.o(i.SetSysClockTo72)
    i.SysTick_Handler                        0x0800059c   Section        0  stm32f10x_it.o(i.SysTick_Handler)
    i.SystemInit                             0x080005a0   Section        0  system_stm32f10x.o(i.SystemInit)
    i.TIMDelay_N10us                         0x08000600   Section        0  timer.o(i.TIMDelay_N10us)
    i.TIMDelay_Nms                           0x0800063c   Section        0  timer.o(i.TIMDelay_Nms)
    i.TIMER_Initializes                      0x08000654   Section        0  timer.o(i.TIMER_Initializes)
    i.TIM_ARRPreloadConfig                   0x080006a0   Section        0  stm32f10x_tim.o(i.TIM_ARRPreloadConfig)
    i.TIM_ClearFlag                          0x080006b8   Section        0  stm32f10x_tim.o(i.TIM_ClearFlag)
    i.TIM_Cmd                                0x080006be   Section        0  stm32f10x_tim.o(i.TIM_Cmd)
    i.TIM_GetFlagStatus                      0x080006d6   Section        0  stm32f10x_tim.o(i.TIM_GetFlagStatus)
    i.TIM_TimeBaseInit                       0x080006e8   Section        0  stm32f10x_tim.o(i.TIM_TimeBaseInit)
    i.USART1_IRQHandler                      0x0800078c   Section        0  stm32f10x_it.o(i.USART1_IRQHandler)
    i.USART3_IRQHandler                      0x080007b0   Section        0  stm32f10x_it.o(i.USART3_IRQHandler)
    i.USART_Cmd                              0x08000a24   Section        0  stm32f10x_usart.o(i.USART_Cmd)
    i.USART_Configuration                    0x08000a3c   Section        0  usart.o(i.USART_Configuration)
    i.USART_GPIO_Configuration               0x08000a80   Section        0  usart.o(i.USART_GPIO_Configuration)
    i.USART_GetFlagStatus                    0x08000ac4   Section        0  stm32f10x_usart.o(i.USART_GetFlagStatus)
    i.USART_GetITStatus                      0x08000ade   Section        0  stm32f10x_usart.o(i.USART_GetITStatus)
    i.USART_ITConfig                         0x08000b32   Section        0  stm32f10x_usart.o(i.USART_ITConfig)
    i.USART_Init                             0x08000b7c   Section        0  stm32f10x_usart.o(i.USART_Init)
    i.USART_Initializes                      0x08000c54   Section        0  usart.o(i.USART_Initializes)
    i.USART_ReceiveData                      0x08000c64   Section        0  stm32f10x_usart.o(i.USART_ReceiveData)
    i.USART_SendData                         0x08000c6e   Section        0  stm32f10x_usart.o(i.USART_SendData)
    i.UsageFault_Handler                     0x08000c76   Section        0  stm32f10x_it.o(i.UsageFault_Handler)
    i.__scatterload_copy                     0x08000c7a   Section       14  handlers.o(i.__scatterload_copy)
    i.__scatterload_null                     0x08000c88   Section        2  handlers.o(i.__scatterload_null)
    i.__scatterload_zeroinit                 0x08000c8a   Section       14  handlers.o(i.__scatterload_zeroinit)
    i.main                                   0x08000c98   Section        0  main.o(i.main)
    i.queue_push                             0x08000cb8   Section        0  cmd_queue.o(i.queue_push)
    i.queue_reset                            0x08000ce8   Section        0  cmd_queue.o(i.queue_reset)
    i.rs485_Init                             0x08000d08   Section        0  bsp_rs485.o(i.rs485_Init)
    .data                                    0x20000000   Section       20  stm32f10x_rcc.o(.data)
    APBAHBPrescTable                         0x20000000   Data          16  stm32f10x_rcc.o(.data)
    ADCPrescTable                            0x20000010   Data           4  stm32f10x_rcc.o(.data)
    .data                                    0x20000014   Section       20  system_stm32f10x.o(.data)
    .data                                    0x20000028   Section        6  cmd_queue.o(.data)
    cmd_state                                0x20000028   Data           4  cmd_queue.o(.data)
    cmd_pos                                  0x2000002c   Data           2  cmd_queue.o(.data)
    .data                                    0x2000002e   Section       22  main.o(.data)
    .bss                                     0x20000044   Section      516  cmd_queue.o(.bss)
    que                                      0x20000044   Data         516  cmd_queue.o(.bss)
    .bss                                     0x20000248   Section       84  main.o(.bss)
    STACK                                    0x200002a0   Section     1024  startup_stm32f10x_md.o(STACK)

    Global Symbols

    Symbol Name                              Value     Ov Type        Size  Object(Section)

    BuildAttributes$$THM_ISAv4$P$D$K$B$S$PE$A:L22UL41UL21$X:L11$S22US41US21$IEEE1$IW$USESV6$~STKCKD$USESV7$~SHL$OSPACE$EBA8$MICROLIB$REQ8$PRES8$EABIv2 0x00000000   Number         0  anon$$obj.o ABSOLUTE
    __ARM_use_no_argv                        0x00000000   Number         0  main.o ABSOLUTE
    __cpp_initialize__aeabi_                  - Undefined Weak Reference
    __cxa_finalize                            - Undefined Weak Reference
    __decompress                              - Undefined Weak Reference
    _clock_init                               - Undefined Weak Reference
    _microlib_exit                            - Undefined Weak Reference
    __Vectors_Size                           0x000000ec   Number         0  startup_stm32f10x_md.o ABSOLUTE
    __Vectors                                0x08000000   Data           4  startup_stm32f10x_md.o(RESET)
    __Vectors_End                            0x080000ec   Data           0  startup_stm32f10x_md.o(RESET)
    __main                                   0x080000ed   Thumb Code     0  entry.o(.ARM.Collect$$$$00000000)
    _main_stk                                0x080000ed   Thumb Code     0  entry2.o(.ARM.Collect$$$$00000001)
    _main_scatterload                        0x080000f1   Thumb Code     0  entry5.o(.ARM.Collect$$$$00000004)
    __main_after_scatterload                 0x080000f5   Thumb Code     0  entry5.o(.ARM.Collect$$$$00000004)
    _main_clock                              0x080000f5   Thumb Code     0  entry7b.o(.ARM.Collect$$$$00000008)
    _main_cpp_init                           0x080000f5   Thumb Code     0  entry8b.o(.ARM.Collect$$$$0000000A)
    _main_init                               0x080000f5   Thumb Code     0  entry9a.o(.ARM.Collect$$$$0000000B)
    __rt_final_cpp                           0x080000fd   Thumb Code     0  entry10a.o(.ARM.Collect$$$$0000000D)
    __rt_final_exit                          0x080000fd   Thumb Code     0  entry11a.o(.ARM.Collect$$$$0000000F)
    Reset_Handler                            0x08000101   Thumb Code     8  startup_stm32f10x_md.o(.text)
    ADC1_2_IRQHandler                        0x0800011b   Thumb Code     0  startup_stm32f10x_md.o(.text)
    CAN1_RX1_IRQHandler                      0x0800011b   Thumb Code     0  startup_stm32f10x_md.o(.text)
    CAN1_SCE_IRQHandler                      0x0800011b   Thumb Code     0  startup_stm32f10x_md.o(.text)
    DMA1_Channel1_IRQHandler                 0x0800011b   Thumb Code     0  startup_stm32f10x_md.o(.text)
    DMA1_Channel2_IRQHandler                 0x0800011b   Thumb Code     0  startup_stm32f10x_md.o(.text)
    DMA1_Channel3_IRQHandler                 0x0800011b   Thumb Code     0  startup_stm32f10x_md.o(.text)
    DMA1_Channel4_IRQHandler                 0x0800011b   Thumb Code     0  startup_stm32f10x_md.o(.text)
    DMA1_Channel5_IRQHandler                 0x0800011b   Thumb Code     0  startup_stm32f10x_md.o(.text)
    DMA1_Channel6_IRQHandler                 0x0800011b   Thumb Code     0  startup_stm32f10x_md.o(.text)
    DMA1_Channel7_IRQHandler                 0x0800011b   Thumb Code     0  startup_stm32f10x_md.o(.text)
    EXTI0_IRQHandler                         0x0800011b   Thumb Code     0  startup_stm32f10x_md.o(.text)
    EXTI15_10_IRQHandler                     0x0800011b   Thumb Code     0  startup_stm32f10x_md.o(.text)
    EXTI1_IRQHandler                         0x0800011b   Thumb Code     0  startup_stm32f10x_md.o(.text)
    EXTI2_IRQHandler                         0x0800011b   Thumb Code     0  startup_stm32f10x_md.o(.text)
    EXTI3_IRQHandler                         0x0800011b   Thumb Code     0  startup_stm32f10x_md.o(.text)
    EXTI4_IRQHandler                         0x0800011b   Thumb Code     0  startup_stm32f10x_md.o(.text)
    EXTI9_5_IRQHandler                       0x0800011b   Thumb Code     0  startup_stm32f10x_md.o(.text)
    FLASH_IRQHandler                         0x0800011b   Thumb Code     0  startup_stm32f10x_md.o(.text)
    I2C1_ER_IRQHandler                       0x0800011b   Thumb Code     0  startup_stm32f10x_md.o(.text)
    I2C1_EV_IRQHandler                       0x0800011b   Thumb Code     0  startup_stm32f10x_md.o(.text)
    I2C2_ER_IRQHandler                       0x0800011b   Thumb Code     0  startup_stm32f10x_md.o(.text)
    I2C2_EV_IRQHandler                       0x0800011b   Thumb Code     0  startup_stm32f10x_md.o(.text)
    PVD_IRQHandler                           0x0800011b   Thumb Code     0  startup_stm32f10x_md.o(.text)
    RCC_IRQHandler                           0x0800011b   Thumb Code     0  startup_stm32f10x_md.o(.text)
    RTCAlarm_IRQHandler                      0x0800011b   Thumb Code     0  startup_stm32f10x_md.o(.text)
    RTC_IRQHandler                           0x0800011b   Thumb Code     0  startup_stm32f10x_md.o(.text)
    SPI1_IRQHandler                          0x0800011b   Thumb Code     0  startup_stm32f10x_md.o(.text)
    SPI2_IRQHandler                          0x0800011b   Thumb Code     0  startup_stm32f10x_md.o(.text)
    TAMPER_IRQHandler                        0x0800011b   Thumb Code     0  startup_stm32f10x_md.o(.text)
    TIM1_BRK_IRQHandler                      0x0800011b   Thumb Code     0  startup_stm32f10x_md.o(.text)
    TIM1_CC_IRQHandler                       0x0800011b   Thumb Code     0  startup_stm32f10x_md.o(.text)
    TIM1_TRG_COM_IRQHandler                  0x0800011b   Thumb Code     0  startup_stm32f10x_md.o(.text)
    TIM1_UP_IRQHandler                       0x0800011b   Thumb Code     0  startup_stm32f10x_md.o(.text)
    TIM2_IRQHandler                          0x0800011b   Thumb Code     0  startup_stm32f10x_md.o(.text)
    TIM3_IRQHandler                          0x0800011b   Thumb Code     0  startup_stm32f10x_md.o(.text)
    TIM4_IRQHandler                          0x0800011b   Thumb Code     0  startup_stm32f10x_md.o(.text)
    USART2_IRQHandler                        0x0800011b   Thumb Code     0  startup_stm32f10x_md.o(.text)
    USBWakeUp_IRQHandler                     0x0800011b   Thumb Code     0  startup_stm32f10x_md.o(.text)
    USB_HP_CAN1_TX_IRQHandler                0x0800011b   Thumb Code     0  startup_stm32f10x_md.o(.text)
    USB_LP_CAN1_RX0_IRQHandler               0x0800011b   Thumb Code     0  startup_stm32f10x_md.o(.text)
    WWDG_IRQHandler                          0x0800011b   Thumb Code     0  startup_stm32f10x_md.o(.text)
    __scatterload                            0x08000125   Thumb Code    28  init.o(.text)
    __scatterload_rt2                        0x08000125   Thumb Code     0  init.o(.text)
    BusFault_Handler                         0x08000149   Thumb Code     4  stm32f10x_it.o(i.BusFault_Handler)
    DebugMon_Handler                         0x0800014d   Thumb Code     2  stm32f10x_it.o(i.DebugMon_Handler)
    GPIO_Init                                0x0800014f   Thumb Code   278  stm32f10x_gpio.o(i.GPIO_Init)
    GPIO_Key_Configuration                   0x08000265   Thumb Code    66  bsp_key.o(i.GPIO_Key_Configuration)
    GPIO_ResetBits                           0x080002b1   Thumb Code     4  stm32f10x_gpio.o(i.GPIO_ResetBits)
    GPIO_SetBits                             0x080002b5   Thumb Code     4  stm32f10x_gpio.o(i.GPIO_SetBits)
    HardFault_Handler                        0x080002b9   Thumb Code     4  stm32f10x_it.o(i.HardFault_Handler)
    MemManage_Handler                        0x080002bd   Thumb Code     4  stm32f10x_it.o(i.MemManage_Handler)
    NMI_Handler                              0x080002c1   Thumb Code     2  stm32f10x_it.o(i.NMI_Handler)
    NVIC_Configuration                       0x080002e9   Thumb Code    42  usart.o(i.NVIC_Configuration)
    NVIC_Init                                0x08000315   Thumb Code   100  misc.o(i.NVIC_Init)
    NVIC_PriorityGroupConfig                 0x08000385   Thumb Code    10  misc.o(i.NVIC_PriorityGroupConfig)
    PendSV_Handler                           0x08000399   Thumb Code     2  stm32f10x_it.o(i.PendSV_Handler)
    RCC_APB1PeriphClockCmd                   0x0800039d   Thumb Code    26  stm32f10x_rcc.o(i.RCC_APB1PeriphClockCmd)
    RCC_APB2PeriphClockCmd                   0x080003bd   Thumb Code    26  stm32f10x_rcc.o(i.RCC_APB2PeriphClockCmd)
    RCC_GetClocksFreq                        0x080003dd   Thumb Code   192  stm32f10x_rcc.o(i.RCC_GetClocksFreq)
    SVC_Handler                              0x080004b1   Thumb Code     2  stm32f10x_it.o(i.SVC_Handler)
    SysTick_Handler                          0x0800059d   Thumb Code     2  stm32f10x_it.o(i.SysTick_Handler)
    SystemInit                               0x080005a1   Thumb Code    78  system_stm32f10x.o(i.SystemInit)
    TIMDelay_N10us                           0x08000601   Thumb Code    56  timer.o(i.TIMDelay_N10us)
    TIMDelay_Nms                             0x0800063d   Thumb Code    24  timer.o(i.TIMDelay_Nms)
    TIMER_Initializes                        0x08000655   Thumb Code    64  timer.o(i.TIMER_Initializes)
    TIM_ARRPreloadConfig                     0x080006a1   Thumb Code    24  stm32f10x_tim.o(i.TIM_ARRPreloadConfig)
    TIM_ClearFlag                            0x080006b9   Thumb Code     6  stm32f10x_tim.o(i.TIM_ClearFlag)
    TIM_Cmd                                  0x080006bf   Thumb Code    24  stm32f10x_tim.o(i.TIM_Cmd)
    TIM_GetFlagStatus                        0x080006d7   Thumb Code    18  stm32f10x_tim.o(i.TIM_GetFlagStatus)
    TIM_TimeBaseInit                         0x080006e9   Thumb Code   122  stm32f10x_tim.o(i.TIM_TimeBaseInit)
    USART1_IRQHandler                        0x0800078d   Thumb Code    32  stm32f10x_it.o(i.USART1_IRQHandler)
    USART3_IRQHandler                        0x080007b1   Thumb Code   588  stm32f10x_it.o(i.USART3_IRQHandler)
    USART_Cmd                                0x08000a25   Thumb Code    24  stm32f10x_usart.o(i.USART_Cmd)
    USART_Configuration                      0x08000a3d   Thumb Code    62  usart.o(i.USART_Configuration)
    USART_GPIO_Configuration                 0x08000a81   Thumb Code    64  usart.o(i.USART_GPIO_Configuration)
    USART_GetFlagStatus                      0x08000ac5   Thumb Code    26  stm32f10x_usart.o(i.USART_GetFlagStatus)
    USART_GetITStatus                        0x08000adf   Thumb Code    84  stm32f10x_usart.o(i.USART_GetITStatus)
    USART_ITConfig                           0x08000b33   Thumb Code    74  stm32f10x_usart.o(i.USART_ITConfig)
    USART_Init                               0x08000b7d   Thumb Code   210  stm32f10x_usart.o(i.USART_Init)
    USART_Initializes                        0x08000c55   Thumb Code    16  usart.o(i.USART_Initializes)
    USART_ReceiveData                        0x08000c65   Thumb Code    10  stm32f10x_usart.o(i.USART_ReceiveData)
    USART_SendData                           0x08000c6f   Thumb Code     8  stm32f10x_usart.o(i.USART_SendData)
    UsageFault_Handler                       0x08000c77   Thumb Code     4  stm32f10x_it.o(i.UsageFault_Handler)
    __scatterload_copy                       0x08000c7b   Thumb Code    14  handlers.o(i.__scatterload_copy)
    __scatterload_null                       0x08000c89   Thumb Code     2  handlers.o(i.__scatterload_null)
    __scatterload_zeroinit                   0x08000c8b   Thumb Code    14  handlers.o(i.__scatterload_zeroinit)
    main                                     0x08000c99   Thumb Code    32  main.o(i.main)
    queue_push                               0x08000cb9   Thumb Code    44  cmd_queue.o(i.queue_push)
    queue_reset                              0x08000ce9   Thumb Code    18  cmd_queue.o(i.queue_reset)
    rs485_Init                               0x08000d09   Thumb Code   186  bsp_rs485.o(i.rs485_Init)
    Region$$Table$$Base                      0x08000dcc   Number         0  anon$$obj.o(Region$$Table)
    Region$$Table$$Limit                     0x08000dec   Number         0  anon$$obj.o(Region$$Table)
    SystemCoreClock                          0x20000014   Data           4  system_stm32f10x.o(.data)
    AHBPrescTable                            0x20000018   Data          16  system_stm32f10x.o(.data)
    RxData                                   0x2000002e   Data           7  main.o(.data)
    RxLen                                    0x20000035   Data           1  main.o(.data)
    TxData                                   0x20000036   Data           8  main.o(.data)
    TxLen                                    0x2000003e   Data           1  main.o(.data)
    KeyFlag                                  0x2000003f   Data           1  main.o(.data)
    PhData                                   0x20000040   Data           2  main.o(.data)
    TempData                                 0x20000042   Data           2  main.o(.data)
    PhdataArr                                0x20000248   Data          10  main.o(.bss)
    TempdataArr                              0x20000252   Data          10  main.o(.bss)
    cmd_buffer                               0x2000025c   Data          64  main.o(.bss)
    __initial_sp                             0x200006a0   Data           0  startup_stm32f10x_md.o(STACK)



==============================================================================

Memory Map of the image

  Image Entry point : 0x080000ed

  Load Region LR_IROM1 (Base: 0x08000000, Size: 0x00000e30, Max: 0x00010000, ABSOLUTE)

    Execution Region ER_IROM1 (Exec base: 0x08000000, Load base: 0x08000000, Size: 0x00000dec, Max: 0x00010000, ABSOLUTE)

    Exec Addr    Load Addr    Size         Type   Attr      Idx    E Section Name        Object

    0x08000000   0x08000000   0x000000ec   Data   RO            3    RESET               startup_stm32f10x_md.o
    0x080000ec   0x080000ec   0x00000000   Code   RO         4197  * .ARM.Collect$$$$00000000  mc_w.l(entry.o)
    0x080000ec   0x080000ec   0x00000004   Code   RO         4200    .ARM.Collect$$$$00000001  mc_w.l(entry2.o)
    0x080000f0   0x080000f0   0x00000004   Code   RO         4203    .ARM.Collect$$$$00000004  mc_w.l(entry5.o)
    0x080000f4   0x080000f4   0x00000000   Code   RO         4205    .ARM.Collect$$$$00000008  mc_w.l(entry7b.o)
    0x080000f4   0x080000f4   0x00000000   Code   RO         4207    .ARM.Collect$$$$0000000A  mc_w.l(entry8b.o)
    0x080000f4   0x080000f4   0x00000008   Code   RO         4208    .ARM.Collect$$$$0000000B  mc_w.l(entry9a.o)
    0x080000fc   0x080000fc   0x00000000   Code   RO         4210    .ARM.Collect$$$$0000000D  mc_w.l(entry10a.o)
    0x080000fc   0x080000fc   0x00000000   Code   RO         4212    .ARM.Collect$$$$0000000F  mc_w.l(entry11a.o)
    0x080000fc   0x080000fc   0x00000004   Code   RO         4201    .ARM.Collect$$$$00002712  mc_w.l(entry2.o)
    0x08000100   0x08000100   0x00000024   Code   RO            4    .text               startup_stm32f10x_md.o
    0x08000124   0x08000124   0x00000024   Code   RO         4214    .text               mc_w.l(init.o)
    0x08000148   0x08000148   0x00000004   Code   RO         4106    i.BusFault_Handler  stm32f10x_it.o
    0x0800014c   0x0800014c   0x00000002   Code   RO         4107    i.DebugMon_Handler  stm32f10x_it.o
    0x0800014e   0x0800014e   0x00000116   Code   RO         1248    i.GPIO_Init         stm32f10x_gpio.o
    0x08000264   0x08000264   0x0000004c   Code   RO         3213    i.GPIO_Key_Configuration  bsp_key.o
    0x080002b0   0x080002b0   0x00000004   Code   RO         1255    i.GPIO_ResetBits    stm32f10x_gpio.o
    0x080002b4   0x080002b4   0x00000004   Code   RO         1256    i.GPIO_SetBits      stm32f10x_gpio.o
    0x080002b8   0x080002b8   0x00000004   Code   RO         4108    i.HardFault_Handler  stm32f10x_it.o
    0x080002bc   0x080002bc   0x00000004   Code   RO         4109    i.MemManage_Handler  stm32f10x_it.o
    0x080002c0   0x080002c0   0x00000002   Code   RO         4110    i.NMI_Handler       stm32f10x_it.o
    0x080002c2   0x080002c2   0x00000026   Code   RO         3144    i.NVIC_Configuration  bsp_rs485.o
    0x080002e8   0x080002e8   0x0000002a   Code   RO         3170    i.NVIC_Configuration  usart.o
    0x08000312   0x08000312   0x00000002   PAD
    0x08000314   0x08000314   0x00000070   Code   RO           10    i.NVIC_Init         misc.o
    0x08000384   0x08000384   0x00000014   Code   RO           11    i.NVIC_PriorityGroupConfig  misc.o
    0x08000398   0x08000398   0x00000002   Code   RO         4111    i.PendSV_Handler    stm32f10x_it.o
    0x0800039a   0x0800039a   0x00000002   PAD
    0x0800039c   0x0800039c   0x00000020   Code   RO         1664    i.RCC_APB1PeriphClockCmd  stm32f10x_rcc.o
    0x080003bc   0x080003bc   0x00000020   Code   RO         1666    i.RCC_APB2PeriphClockCmd  stm32f10x_rcc.o
    0x080003dc   0x080003dc   0x000000d4   Code   RO         1674    i.RCC_GetClocksFreq  stm32f10x_rcc.o
    0x080004b0   0x080004b0   0x00000002   Code   RO         4112    i.SVC_Handler       stm32f10x_it.o
    0x080004b2   0x080004b2   0x00000008   Code   RO         3064    i.SetSysClock       system_stm32f10x.o
    0x080004ba   0x080004ba   0x00000002   PAD
    0x080004bc   0x080004bc   0x000000e0   Code   RO         3065    i.SetSysClockTo72   system_stm32f10x.o
    0x0800059c   0x0800059c   0x00000002   Code   RO         4113    i.SysTick_Handler   stm32f10x_it.o
    0x0800059e   0x0800059e   0x00000002   PAD
    0x080005a0   0x080005a0   0x00000060   Code   RO         3067    i.SystemInit        system_stm32f10x.o
    0x08000600   0x08000600   0x0000003c   Code   RO         3117    i.TIMDelay_N10us    timer.o
    0x0800063c   0x0800063c   0x00000018   Code   RO         3118    i.TIMDelay_Nms      timer.o
    0x08000654   0x08000654   0x0000004c   Code   RO         3119    i.TIMER_Initializes  timer.o
    0x080006a0   0x080006a0   0x00000018   Code   RO         2286    i.TIM_ARRPreloadConfig  stm32f10x_tim.o
    0x080006b8   0x080006b8   0x00000006   Code   RO         2292    i.TIM_ClearFlag     stm32f10x_tim.o
    0x080006be   0x080006be   0x00000018   Code   RO         2298    i.TIM_Cmd           stm32f10x_tim.o
    0x080006d6   0x080006d6   0x00000012   Code   RO         2318    i.TIM_GetFlagStatus  stm32f10x_tim.o
    0x080006e8   0x080006e8   0x000000a4   Code   RO         2369    i.TIM_TimeBaseInit  stm32f10x_tim.o
    0x0800078c   0x0800078c   0x00000024   Code   RO         4114    i.USART1_IRQHandler  stm32f10x_it.o
    0x080007b0   0x080007b0   0x00000274   Code   RO         4115    i.USART3_IRQHandler  stm32f10x_it.o
    0x08000a24   0x08000a24   0x00000018   Code   RO         2834    i.USART_Cmd         stm32f10x_usart.o
    0x08000a3c   0x08000a3c   0x00000044   Code   RO         3172    i.USART_Configuration  usart.o
    0x08000a80   0x08000a80   0x00000044   Code   RO         3173    i.USART_GPIO_Configuration  usart.o
    0x08000ac4   0x08000ac4   0x0000001a   Code   RO         2837    i.USART_GetFlagStatus  stm32f10x_usart.o
    0x08000ade   0x08000ade   0x00000054   Code   RO         2838    i.USART_GetITStatus  stm32f10x_usart.o
    0x08000b32   0x08000b32   0x0000004a   Code   RO         2840    i.USART_ITConfig    stm32f10x_usart.o
    0x08000b7c   0x08000b7c   0x000000d8   Code   RO         2841    i.USART_Init        stm32f10x_usart.o
    0x08000c54   0x08000c54   0x00000010   Code   RO         3174    i.USART_Initializes  usart.o
    0x08000c64   0x08000c64   0x0000000a   Code   RO         2848    i.USART_ReceiveData  stm32f10x_usart.o
    0x08000c6e   0x08000c6e   0x00000008   Code   RO         2851    i.USART_SendData    stm32f10x_usart.o
    0x08000c76   0x08000c76   0x00000004   Code   RO         4116    i.UsageFault_Handler  stm32f10x_it.o
    0x08000c7a   0x08000c7a   0x0000000e   Code   RO         4218    i.__scatterload_copy  mc_w.l(handlers.o)
    0x08000c88   0x08000c88   0x00000002   Code   RO         4219    i.__scatterload_null  mc_w.l(handlers.o)
    0x08000c8a   0x08000c8a   0x0000000e   Code   RO         4220    i.__scatterload_zeroinit  mc_w.l(handlers.o)
    0x08000c98   0x08000c98   0x00000020   Code   RO         3986    i.main              main.o
    0x08000cb8   0x08000cb8   0x00000030   Code   RO         3237    i.queue_push        cmd_queue.o
    0x08000ce8   0x08000ce8   0x00000020   Code   RO         3238    i.queue_reset       cmd_queue.o
    0x08000d08   0x08000d08   0x000000c4   Code   RO         3146    i.rs485_Init        bsp_rs485.o
    0x08000dcc   0x08000dcc   0x00000020   Data   RO         4216    Region$$Table       anon$$obj.o


    Execution Region RW_IRAM1 (Exec base: 0x20000000, Load base: 0x08000dec, Size: 0x000006a0, Max: 0x00005000, ABSOLUTE)

    Exec Addr    Load Addr    Size         Type   Attr      Idx    E Section Name        Object

    0x20000000   0x08000dec   0x00000014   Data   RW         1694    .data               stm32f10x_rcc.o
    0x20000014   0x08000e00   0x00000014   Data   RW         3068    .data               system_stm32f10x.o
    0x20000028   0x08000e14   0x00000006   Data   RW         3241    .data               cmd_queue.o
    0x2000002e   0x08000e1a   0x00000016   Data   RW         3988    .data               main.o
    0x20000044        -       0x00000204   Zero   RW         3240    .bss                cmd_queue.o
    0x20000248        -       0x00000054   Zero   RW         3987    .bss                main.o
    0x2000029c   0x08000e30   0x00000004   PAD
    0x200002a0        -       0x00000400   Zero   RW            1    STACK               startup_stm32f10x_md.o


==============================================================================

Image component sizes


      Code (inc. data)   RO Data    RW Data    ZI Data      Debug   Object Name

        76         10          0          0          0        493   bsp_key.o
       234         10          0          0          0       1033   bsp_rs485.o
        80         18          0          6        516       1823   cmd_queue.o
        32          0          0         22         84       1308   main.o
       132         22          0          0          0     253339   misc.o
        36          8        236          0       1024        868   startup_stm32f10x_md.o
       286          0          0          0          0       3120   stm32f10x_gpio.o
       690         44          0          0          0       4746   stm32f10x_it.o
       276         32          0         20          0       4526   stm32f10x_rcc.o
       236         42          0          0          0       3580   stm32f10x_tim.o
       442          6          0          0          0       6333   stm32f10x_usart.o
       328         28          0         20          0       2293   system_stm32f10x.o
       160         16          0          0          0       1440   timer.o
       194         10          0          0          0       1874   usart.o

    ----------------------------------------------------------------------
      3210        246        268         68       1628     286776   Object Totals
         0          0         32          0          0          0   (incl. Generated)
         8          0          0          0          4          0   (incl. Padding)

    ----------------------------------------------------------------------

      Code (inc. data)   RO Data    RW Data    ZI Data      Debug   Library Member Name

         0          0          0          0          0          0   entry.o
         0          0          0          0          0          0   entry10a.o
         0          0          0          0          0          0   entry11a.o
         8          4          0          0          0          0   entry2.o
         4          0          0          0          0          0   entry5.o
         0          0          0          0          0          0   entry7b.o
         0          0          0          0          0          0   entry8b.o
         8          4          0          0          0          0   entry9a.o
        30          0          0          0          0          0   handlers.o
        36          8          0          0          0         68   init.o

    ----------------------------------------------------------------------
        86         16          0          0          0         68   Library Totals
         0          0          0          0          0          0   (incl. Padding)

    ----------------------------------------------------------------------

      Code (inc. data)   RO Data    RW Data    ZI Data      Debug   Library Name

        86         16          0          0          0         68   mc_w.l

    ----------------------------------------------------------------------
        86         16          0          0          0         68   Library Totals

    ----------------------------------------------------------------------

==============================================================================


      Code (inc. data)   RO Data    RW Data    ZI Data      Debug   

      3296        262        268         68       1628     284760   Grand Totals
      3296        262        268         68       1628     284760   ELF Image Totals
      3296        262        268         68          0          0   ROM Totals

==============================================================================

    Total RO  Size (Code + RO Data)                 3564 (   3.48kB)
    Total RW  Size (RW Data + ZI Data)              1696 (   1.66kB)
    Total ROM Size (Code + RO Data + RW Data)       3632 (   3.55kB)

==============================================================================

